Archive member included to satisfy reference by file (symbol)

c:/microsemi/softconsole_v6.2/arm-none-eabi-gcc/bin/../lib/gcc/arm-none-eabi/8.2.1/../../../../arm-none-eabi/lib/thumb/v7-m/nofp\libg_nano.a(lib_a-errno.o)
                              ./firmware/CMSIS/startup_gcc/newlib_stubs.o (__errno)
c:/microsemi/softconsole_v6.2/arm-none-eabi-gcc/bin/../lib/gcc/arm-none-eabi/8.2.1/../../../../arm-none-eabi/lib/thumb/v7-m/nofp\libg_nano.a(lib_a-exit.o)
                              c:/microsemi/softconsole_v6.2/arm-none-eabi-gcc/bin/../lib/gcc/arm-none-eabi/8.2.1/../../../../arm-none-eabi/lib/thumb/v7-m/nofp/crt0.o (exit)
c:/microsemi/softconsole_v6.2/arm-none-eabi-gcc/bin/../lib/gcc/arm-none-eabi/8.2.1/../../../../arm-none-eabi/lib/thumb/v7-m/nofp\libg_nano.a(lib_a-impure.o)
                              c:/microsemi/softconsole_v6.2/arm-none-eabi-gcc/bin/../lib/gcc/arm-none-eabi/8.2.1/../../../../arm-none-eabi/lib/thumb/v7-m/nofp\libg_nano.a(lib_a-exit.o) (_global_impure_ptr)
c:/microsemi/softconsole_v6.2/arm-none-eabi-gcc/bin/../lib/gcc/arm-none-eabi/8.2.1/../../../../arm-none-eabi/lib/thumb/v7-m/nofp\libg_nano.a(lib_a-init.o)
                              c:/microsemi/softconsole_v6.2/arm-none-eabi-gcc/bin/../lib/gcc/arm-none-eabi/8.2.1/../../../../arm-none-eabi/lib/thumb/v7-m/nofp/crt0.o (__libc_init_array)
c:/microsemi/softconsole_v6.2/arm-none-eabi-gcc/bin/../lib/gcc/arm-none-eabi/8.2.1/../../../../arm-none-eabi/lib/thumb/v7-m/nofp\libg_nano.a(lib_a-memcpy-stub.o)
                              ./firmware/drivers/mss_sys_services/mss_sys_services.o (memcpy)
c:/microsemi/softconsole_v6.2/arm-none-eabi-gcc/bin/../lib/gcc/arm-none-eabi/8.2.1/../../../../arm-none-eabi/lib/thumb/v7-m/nofp\libg_nano.a(lib_a-memset.o)
                              c:/microsemi/softconsole_v6.2/arm-none-eabi-gcc/bin/../lib/gcc/arm-none-eabi/8.2.1/../../../../arm-none-eabi/lib/thumb/v7-m/nofp/crt0.o (memset)
c:/microsemi/softconsole_v6.2/arm-none-eabi-gcc/bin/../lib/gcc/arm-none-eabi/8.2.1/../../../../arm-none-eabi/lib/thumb/v7-m/nofp\libg_nano.a(lib_a-snprintf.o)
                              ./src/main.o (snprintf)
c:/microsemi/softconsole_v6.2/arm-none-eabi-gcc/bin/../lib/gcc/arm-none-eabi/8.2.1/../../../../arm-none-eabi/lib/thumb/v7-m/nofp\libg_nano.a(lib_a-nano-svfprintf.o)
                              c:/microsemi/softconsole_v6.2/arm-none-eabi-gcc/bin/../lib/gcc/arm-none-eabi/8.2.1/../../../../arm-none-eabi/lib/thumb/v7-m/nofp\libg_nano.a(lib_a-snprintf.o) (_svfprintf_r)
c:/microsemi/softconsole_v6.2/arm-none-eabi-gcc/bin/../lib/gcc/arm-none-eabi/8.2.1/../../../../arm-none-eabi/lib/thumb/v7-m/nofp\libg_nano.a(lib_a-nano-vfprintf_i.o)
                              c:/microsemi/softconsole_v6.2/arm-none-eabi-gcc/bin/../lib/gcc/arm-none-eabi/8.2.1/../../../../arm-none-eabi/lib/thumb/v7-m/nofp\libg_nano.a(lib_a-nano-svfprintf.o) (_printf_i)
c:/microsemi/softconsole_v6.2/arm-none-eabi-gcc/bin/../lib/gcc/arm-none-eabi/8.2.1/../../../../arm-none-eabi/lib/thumb/v7-m/nofp\libg_nano.a(lib_a-memchr-stub.o)
                              c:/microsemi/softconsole_v6.2/arm-none-eabi-gcc/bin/../lib/gcc/arm-none-eabi/8.2.1/../../../../arm-none-eabi/lib/thumb/v7-m/nofp\libg_nano.a(lib_a-nano-svfprintf.o) (memchr)
c:/microsemi/softconsole_v6.2/arm-none-eabi-gcc/bin/../lib/gcc/arm-none-eabi/8.2.1/../../../../arm-none-eabi/lib/thumb/v7-m/nofp\libg_nano.a(lib_a-memmove.o)
                              c:/microsemi/softconsole_v6.2/arm-none-eabi-gcc/bin/../lib/gcc/arm-none-eabi/8.2.1/../../../../arm-none-eabi/lib/thumb/v7-m/nofp\libg_nano.a(lib_a-nano-svfprintf.o) (memmove)
c:/microsemi/softconsole_v6.2/arm-none-eabi-gcc/bin/../lib/gcc/arm-none-eabi/8.2.1/../../../../arm-none-eabi/lib/thumb/v7-m/nofp\libg_nano.a(lib_a-nano-freer.o)
                              c:/microsemi/softconsole_v6.2/arm-none-eabi-gcc/bin/../lib/gcc/arm-none-eabi/8.2.1/../../../../arm-none-eabi/lib/thumb/v7-m/nofp\libg_nano.a(lib_a-nano-svfprintf.o) (_free_r)
c:/microsemi/softconsole_v6.2/arm-none-eabi-gcc/bin/../lib/gcc/arm-none-eabi/8.2.1/../../../../arm-none-eabi/lib/thumb/v7-m/nofp\libg_nano.a(lib_a-nano-mallocr.o)
                              c:/microsemi/softconsole_v6.2/arm-none-eabi-gcc/bin/../lib/gcc/arm-none-eabi/8.2.1/../../../../arm-none-eabi/lib/thumb/v7-m/nofp\libg_nano.a(lib_a-nano-svfprintf.o) (_malloc_r)
c:/microsemi/softconsole_v6.2/arm-none-eabi-gcc/bin/../lib/gcc/arm-none-eabi/8.2.1/../../../../arm-none-eabi/lib/thumb/v7-m/nofp\libg_nano.a(lib_a-nano-reallocr.o)
                              c:/microsemi/softconsole_v6.2/arm-none-eabi-gcc/bin/../lib/gcc/arm-none-eabi/8.2.1/../../../../arm-none-eabi/lib/thumb/v7-m/nofp\libg_nano.a(lib_a-nano-svfprintf.o) (_realloc_r)
c:/microsemi/softconsole_v6.2/arm-none-eabi-gcc/bin/../lib/gcc/arm-none-eabi/8.2.1/../../../../arm-none-eabi/lib/thumb/v7-m/nofp\libg_nano.a(lib_a-sbrkr.o)
[...]
Memory Configuration

Name             Origin             Length             Attributes
ram              0x0000000020000000 0x0000000000010000 xrw
*default*        0x0000000000000000 0xffffffffffffffff

Linker script and memory map

LOAD c:/microsemi/softconsole_v6.2/arm-none-eabi-gcc/bin/../lib/gcc/arm-none-eabi/8.2.1/thumb/v7-m/nofp/crti.o
LOAD c:/microsemi/softconsole_v6.2/arm-none-eabi-gcc/bin/../lib/gcc/arm-none-eabi/8.2.1/thumb/v7-m/nofp/crtbegin.o
LOAD c:/microsemi/softconsole_v6.2/arm-none-eabi-gcc/bin/../lib/gcc/arm-none-eabi/8.2.1/../../../../arm-none-eabi/lib/thumb/v7-m/nofp/crt0.o
LOAD ./src/ARP_protocol.o
LOAD ./src/FFT_apb.o
LOAD ./src/GMII_Filter_Trap.o
LOAD ./src/ICMP_protocol.o
LOAD ./src/MAC_Filter.o
LOAD ./src/VSC8541_01_phy.o
LOAD ./src/main.o
LOAD ./firmware/hal/CortexM3/GNU/hal.o
LOAD ./firmware/hal/CortexM3/GNU/hw_reg_access.o
LOAD ./firmware/hal/CortexM3/cortex_nvic.o
LOAD ./firmware/drivers_config/sys_config/sys_config.o
LOAD ./firmware/drivers/mss_uart/mss_uart.o
LOAD ./firmware/drivers/mss_sys_services/mss_comblk.o
LOAD ./firmware/drivers/mss_sys_services/mss_sys_services.o
LOAD ./firmware/drivers/mss_nvm/mss_nvm.o
LOAD ./firmware/drivers/mss_hpdma/mss_hpdma.o
LOAD ./firmware/drivers/mss_gpio/mss_gpio.o
LOAD ./firmware/drivers/mss_ethernet_mac/mss_ethernet_mac.o
LOAD ./firmware/CMSIS/startup_gcc/newlib_stubs.o
LOAD ./firmware/CMSIS/startup_gcc/startup_m2sxxx.o
LOAD ./firmware/CMSIS/system_m2sxxx.o
START GROUP
LOAD c:/microsemi/softconsole_v6.2/arm-none-eabi-gcc/bin/../lib/gcc/arm-none-eabi/8.2.1/thumb/v7-m/nofp\libgcc.a
LOAD c:/microsemi/softconsole_v6.2/arm-none-eabi-gcc/bin/../lib/gcc/arm-none-eabi/8.2.1/../../../../arm-none-eabi/lib/thumb/v7-m/nofp\libg_nano.a
LOAD c:/microsemi/softconsole_v6.2/arm-none-eabi-gcc/bin/../lib/gcc/arm-none-eabi/8.2.1/../../../../arm-none-eabi/lib/thumb/v7-m/nofp\libc_nano.a
END GROUP
START GROUP
LOAD c:/microsemi/softconsole_v6.2/arm-none-eabi-gcc/bin/../lib/gcc/arm-none-eabi/8.2.1/thumb/v7-m/nofp\libgcc.a
LOAD c:/microsemi/softconsole_v6.2/arm-none-eabi-gcc/bin/../lib/gcc/arm-none-eabi/8.2.1/../../../../arm-none-eabi/lib/thumb/v7-m/nofp\libc_nano.a
END GROUP
LOAD c:/microsemi/softconsole_v6.2/arm-none-eabi-gcc/bin/../lib/gcc/arm-none-eabi/8.2.1/thumb/v7-m/nofp/crtend.o
LOAD c:/microsemi/softconsole_v6.2/arm-none-eabi-gcc/bin/../lib/gcc/arm-none-eabi/8.2.1/thumb/v7-m/nofp/crtn.o
START GROUP
LOAD c:/microsemi/softconsole_v6.2/arm-none-eabi-gcc/bin/../lib/gcc/arm-none-eabi/8.2.1/../../../../arm-none-eabi/lib/thumb/v7-m/nofp\libc.a
LOAD c:/microsemi/softconsole_v6.2/arm-none-eabi-gcc/bin/../lib/gcc/arm-none-eabi/8.2.1/thumb/v7-m/nofp\libgcc.a
LOAD c:/microsemi/softconsole_v6.2/arm-none-eabi-gcc/bin/../lib/gcc/arm-none-eabi/8.2.1/../../../../arm-none-eabi/lib/thumb/v7-m/nofp\libm.a
END GROUP
                0x0000000000000000                __DYNAMIC = 0x0
                0x0000000020000000                RAM_START_ADDRESS = 0x20000000
                0x0000000000010000                RAM_SIZE = 0x10000
                0x0000000000001000                MAIN_STACK_SIZE = 0x1000
                0x0000000000001000                MIN_SIZE_HEAP = 0x1000
                0x0000000020010000                PROVIDE (__main_stack_start = (RAM_START_ADDRESS + RAM_SIZE))
                0x0000000020010000                PROVIDE (_estack = __main_stack_start)
                0x0000000000000000                PROVIDE (__mirrored_nvm = 0x0)
                0x0000000000000000                PROVIDE (__smartfusion2_memory_remap = 0x0)

.vector_table   0x0000000020000000      0x190
                0x0000000020000000                __vector_table_load = LOADADDR (.vector_table)
                0x0000000020000000                __vector_table_start = .
                0x0000000020000000                __vector_table_vma_base_address = .
 *(.isr_vector)
 .isr_vector    0x0000000020000000      0x190 ./firmware/CMSIS/startup_gcc/startup_m2sxxx.o
                0x0000000020000000                g_pfnVectors
                0x0000000020000190                . = ALIGN (0x10)
                0x0000000020000190                _evector_table = .

.boot_code      0x0000000020000190      0x320
 *(.boot_code)
 .boot_code     0x0000000020000190      0x31c ./firmware/CMSIS/startup_gcc/startup_m2sxxx.o
                0x0000000020000190                Reset_Handler
                0x000000002000037e                NMI_Handler
                0x0000000020000380                HardFault_Handler
                0x0000000020000382                MemManage_Handler
                0x0000000020000384                BusFault_Handler
                0x0000000020000386                UsageFault_Handler
                0x0000000020000388                SVC_Handler
                0x000000002000038a                DebugMon_Handler
                0x000000002000038c                PendSV_Handler
                0x000000002000038e                SysTick_Handler
                0x0000000020000390                WdogWakeup_IRQHandler
                0x0000000020000392                RTC_Wakeup_IRQHandler
                0x0000000020000394                SPI0_IRQHandler
                0x0000000020000396                SPI1_IRQHandler
                0x0000000020000398                I2C0_IRQHandler
                0x000000002000039a                I2C0_SMBAlert_IRQHandler
                0x000000002000039c                I2C0_SMBus_IRQHandler
                0x000000002000039e                I2C1_IRQHandler
                0x00000000200003a0                I2C1_SMBAlert_IRQHandler
                0x00000000200003a2                I2C1_SMBus_IRQHandler
                0x00000000200003aa                DMA_IRQHandler
                0x00000000200003ac                Timer1_IRQHandler
                0x00000000200003ae                Timer2_IRQHandler
                0x00000000200003b0                CAN_IRQHandler
                0x00000000200003b2                ENVM0_IRQHandler
                0x00000000200003b4                ENVM1_IRQHandler
                0x00000000200003b8                USB_IRQHandler
                0x00000000200003ba                USB_DMA_IRQHandler
                0x00000000200003bc                PLL_Lock_IRQHandler
                0x00000000200003be                PLL_LockLost_IRQHandler
                0x00000000200003c0                CommSwitchError_IRQHandler
                0x00000000200003c2                CacheError_IRQHandler
                0x00000000200003c4                DDR_IRQHandler
                0x00000000200003ca                ECC_Error_IRQHandler
                0x00000000200003cc                MDDR_IOCalib_IRQHandler
                0x00000000200003ce                FAB_PLL_Lock_IRQHandler
                0x00000000200003d0                FAB_PLL_LockLost_IRQHandler
                0x00000000200003d2                FIC64_IRQHandler
                0x00000000200003d8                FabricIrq2_IRQHandler
                0x00000000200003da                FabricIrq3_IRQHandler
                0x00000000200003dc                FabricIrq4_IRQHandler
                0x00000000200003de                FabricIrq5_IRQHandler
                0x00000000200003e0                FabricIrq6_IRQHandler
                0x00000000200003e2                FabricIrq7_IRQHandler
                0x00000000200003e4                FabricIrq8_IRQHandler
                0x00000000200003e6                FabricIrq9_IRQHandler
                0x00000000200003e8                FabricIrq10_IRQHandler
                0x00000000200003ea                FabricIrq11_IRQHandler
                0x00000000200003ec                FabricIrq12_IRQHandler
                0x00000000200003ee                FabricIrq13_IRQHandler
                0x00000000200003f0                FabricIrq14_IRQHandler
                0x00000000200003f2                FabricIrq15_IRQHandler
                0x00000000200003f4                GPIO0_IRQHandler
                0x00000000200003f6                GPIO1_IRQHandler
                0x00000000200003f8                GPIO2_IRQHandler
                0x00000000200003fa                GPIO3_IRQHandler
                0x00000000200003fc                GPIO4_IRQHandler
                0x00000000200003fe                GPIO5_IRQHandler
                0x0000000020000400                GPIO6_IRQHandler
                0x0000000020000402                GPIO7_IRQHandler
                0x0000000020000408                GPIO10_IRQHandler
                0x000000002000040a                GPIO11_IRQHandler
                0x000000002000040c                GPIO12_IRQHandler
                0x000000002000040e                GPIO13_IRQHandler
                0x0000000020000410                GPIO14_IRQHandler
                0x0000000020000412                GPIO15_IRQHandler
                0x0000000020000414                GPIO16_IRQHandler
                0x0000000020000416                GPIO17_IRQHandler
                0x0000000020000418                GPIO18_IRQHandler
                0x000000002000041a                GPIO19_IRQHandler
                0x000000002000041c                GPIO20_IRQHandler
                0x000000002000041e                GPIO21_IRQHandler
                0x0000000020000420                GPIO22_IRQHandler
                0x0000000020000422                GPIO23_IRQHandler
                0x0000000020000424                GPIO24_IRQHandler
                0x0000000020000426                GPIO25_IRQHandler
                0x0000000020000428                GPIO26_IRQHandler
                0x000000002000042a                GPIO27_IRQHandler
                0x000000002000042c                GPIO28_IRQHandler
                0x000000002000042e                GPIO29_IRQHandler
                0x0000000020000430                GPIO30_IRQHandler
                0x0000000020000432                GPIO31_IRQHandler
                0x0000000020000434                mscc_post_hw_cfg_init
                0x00000000200004b0                . = ALIGN (0x10)
 *fill*         0x00000000200004ac        0x4 

.text           0x00000000200004b0     0x46f0
 CREATE_OBJECT_SYMBOLS
                0x00000000200004b0                __text_load = LOADADDR (.text)
                0x00000000200004b0                __text_start = .
 *(.text .text.* .gnu.linkonce.t.*)
 .text.deregister_tm_clones
                0x00000000200004b0       0x1c c:/microsemi/softconsole_v6.2/arm-none-eabi-gcc/bin/../lib/gcc/arm-none-eabi/8.2.1/thumb/v7-m/nofp/crtbegin.o
 .text.register_tm_clones
                0x00000000200004cc       0x24 c:/microsemi/softconsole_v6.2/arm-none-eabi-gcc/bin/../lib/gcc/arm-none-eabi/8.2.1/thumb/v7-m/nofp/crtbegin.o
 .text.__do_global_dtors_aux
                0x00000000200004f0       0x28 c:/microsemi/softconsole_v6.2/arm-none-eabi-gcc/bin/../lib/gcc/arm-none-eabi/8.2.1/thumb/v7-m/nofp/crtbegin.o
 .text.frame_dummy
                0x0000000020000518       0x24 c:/microsemi/softconsole_v6.2/arm-none-eabi-gcc/bin/../lib/gcc/arm-none-eabi/8.2.1/thumb/v7-m/nofp/crtbegin.o
 .text.ARP_init
                0x000000002000053c       0xec ./src/ARP_protocol.o
                0x000000002000053c                ARP_init
 .text.ARP_get_response
                0x0000000020000628       0xc0 ./src/ARP_protocol.o
                0x0000000020000628                ARP_get_response
 .text.ARP_get_announce
                0x00000000200006e8       0xc8 ./src/ARP_protocol.o
                0x00000000200006e8                ARP_get_announce
 .text.fft_init
                0x00000000200007b0       0x1a ./src/FFT_apb.o
                0x00000000200007b0                fft_init
 .text.fft_get_status
                0x00000000200007ca       0x1e ./src/FFT_apb.o
                0x00000000200007ca                fft_get_status
 .text.fft_load_smpl
                0x00000000200007e8       0x5c ./src/FFT_apb.o
                0x00000000200007e8                fft_load_smpl
 .text.fft_set_DMA
                0x0000000020000844       0x48 ./src/FFT_apb.o
                0x0000000020000844                fft_set_DMA
 .text.fft_get_ctrl
                0x000000002000088c       0x1c ./src/FFT_apb.o
                0x000000002000088c                fft_get_ctrl
 .text.fft_load_done
                0x00000000200008a8       0x34 ./src/FFT_apb.o
                0x00000000200008a8                fft_load_done
 .text.fft_read_done
                0x00000000200008dc       0x34 ./src/FFT_apb.o
                0x00000000200008dc                fft_read_done
 .text.fft_int_clr
                0x0000000020000910       0x34 ./src/FFT_apb.o
                0x0000000020000910                fft_int_clr
 .text.fft_set_output_smpl
                0x0000000020000944       0x24 ./src/FFT_apb.o
                0x0000000020000944                fft_set_output_smpl
 .text.fft_get_abs_val_out
                0x0000000020000968       0x1e ./src/FFT_apb.o
                0x0000000020000968                fft_get_abs_val_out
 .text.gmii_trap_init
                0x0000000020000986       0x1a ./src/GMII_Filter_Trap.o
                0x0000000020000986                gmii_trap_init
 .text.gmii_trap_enable
                0x00000000200009a0       0x48 ./src/GMII_Filter_Trap.o
                0x00000000200009a0                gmii_trap_enable
 .text.gmii_trap_get_ctrl
                0x00000000200009e8       0x1c ./src/GMII_Filter_Trap.o
                0x00000000200009e8                gmii_trap_get_ctrl
 .text.gmii_trap_get_stat
                0x0000000020000a04       0x1e ./src/GMII_Filter_Trap.o
                0x0000000020000a04                gmii_trap_get_stat
 .text.gmii_trap_get_mac0
                0x0000000020000a22       0x1e ./src/GMII_Filter_Trap.o
                0x0000000020000a22                gmii_trap_get_mac0
 .text.MSS_MAC_phy_init
                0x0000000020000a40       0x6c ./src/VSC8541_01_phy.o
                0x0000000020000a40                MSS_MAC_phy_init
 .text.MSS_MAC_phy_set_link_speed
                0x0000000020000aac       0xd4 ./src/VSC8541_01_phy.o
                0x0000000020000aac                MSS_MAC_phy_set_link_speed
 .text.MSS_MAC_phy_autonegotiate
                0x0000000020000b80       0x84 ./src/VSC8541_01_phy.o
                0x0000000020000b80                MSS_MAC_phy_autonegotiate
 .text.MSS_MAC_phy_get_link_status
                0x0000000020000c04       0xb4 ./src/VSC8541_01_phy.o
                0x0000000020000c04                MSS_MAC_phy_get_link_status
 .text.NVIC_EnableIRQ
                0x0000000020000cb8       0x30 ./src/main.o
 .text.NVIC_DisableIRQ
                0x0000000020000ce8       0x34 ./src/main.o
 .text.NVIC_ClearPendingIRQ
                0x0000000020000d1c       0x34 ./src/main.o
 .text.MSS_GPIO_get_inputs
                0x0000000020000d50       0x18 ./src/main.o
 .text.main     0x0000000020000d68       0x5c ./src/main.o
                0x0000000020000d68                main
 .text.init_periph
                0x0000000020000dc4      0x1b8 ./src/main.o
                0x0000000020000dc4                init_periph
 .text.do_eth_cmd_code
                0x0000000020000f7c       0x5c ./src/main.o
                0x0000000020000f7c                do_eth_cmd_code
 .text.uart0_rx_int_handler
                0x0000000020000fd8       0x24 ./src/main.o
                0x0000000020000fd8                uart0_rx_int_handler
 .text.eth_tx_callback
                0x0000000020000ffc       0x18 ./src/main.o
                0x0000000020000ffc                eth_tx_callback
 .text.eth_rx_callback
                0x0000000020001014       0xec ./src/main.o
                0x0000000020001014                eth_rx_callback
 .text.eth_check_address
                0x0000000020001100      0x106 ./src/main.o
                0x0000000020001100                eth_check_address
 .text.eth_get_code
                0x0000000020001206       0x3c ./src/main.o
                0x0000000020001206                eth_get_code
 *fill*         0x0000000020001242        0x2 
 .text.report_eth_status
                0x0000000020001244       0xb4 ./src/main.o
                0x0000000020001244                report_eth_status
 .text.report_mac_phy_reg
                0x00000000200012f8       0x84 ./src/main.o
                0x00000000200012f8                report_mac_phy_reg
 .text.load_fft_samples
                0x000000002000137c      0x104 ./src/main.o
                0x000000002000137c                load_fft_samples
 .text.read_fft_samples
                0x0000000020001480       0x98 ./src/main.o
                0x0000000020001480                read_fft_samples
 .text.report_fft_status
                0x0000000020001518      0x16c ./src/main.o
                0x0000000020001518                report_fft_status
 .text.eth_arp_announce
                0x0000000020001684       0x38 ./src/main.o
                0x0000000020001684                eth_arp_announce
 .text.test_GPIO_high
                0x00000000200016bc       0x20 ./src/main.o
                0x00000000200016bc                test_GPIO_high
 .text.GPIO8_IRQHandler
                0x00000000200016dc       0x30 ./src/main.o
                0x00000000200016dc                GPIO8_IRQHandler
 .text.GPIO9_IRQHandler
                0x000000002000170c       0x24 ./src/main.o
                0x000000002000170c                GPIO9_IRQHandler
 .text.FabricIrq0_IRQHandler
                0x0000000020001730        0xc ./src/main.o
                0x0000000020001730                FabricIrq0_IRQHandler
 .text.FabricIrq1_IRQHandler
                0x000000002000173c       0x1c ./src/main.o
                0x000000002000173c                FabricIrq1_IRQHandler
 .text          0x0000000020001758       0x90 ./firmware/hal/CortexM3/GNU/hw_reg_access.o
                0x0000000020001758                HW_set_32bit_reg
                0x000000002000175c                HW_get_32bit_reg
                0x0000000020001760                HW_set_32bit_reg_field
                0x000000002000177c                HW_get_32bit_reg_field
                0x0000000020001788                HW_set_16bit_reg
                0x000000002000178c                HW_get_16bit_reg
                0x0000000020001790                HW_set_16bit_reg_field
                0x00000000200017ac                HW_get_16bit_reg_field
                0x00000000200017b8                HW_set_8bit_reg
                0x00000000200017bc                HW_get_8bit_reg
                0x00000000200017c0                HW_set_8bit_reg_field
                0x00000000200017dc                HW_get_8bit_reg_field
 .text.NVIC_EnableIRQ
                0x00000000200017e8       0x30 ./firmware/drivers/mss_uart/mss_uart.o
 .text.NVIC_ClearPendingIRQ
                0x0000000020001818       0x34 ./firmware/drivers/mss_uart/mss_uart.o
 .text.set_bit_reg8
                0x000000002000184c       0x3a ./firmware/drivers/mss_uart/mss_uart.o
 .text.clear_bit_reg8
                0x0000000020001886       0x3a ./firmware/drivers/mss_uart/mss_uart.o
 .text.read_bit_reg8
                0x00000000200018c0       0x38 ./firmware/drivers/mss_uart/mss_uart.o
 .text.MSS_UART_init
                0x00000000200018f8       0x70 ./firmware/drivers/mss_uart/mss_uart.o
                0x00000000200018f8                MSS_UART_init
 .text.MSS_UART_polled_tx_string
                0x0000000020001968       0xb4 ./firmware/drivers/mss_uart/mss_uart.o
                0x0000000020001968                MSS_UART_polled_tx_string
 .text.MSS_UART_get_rx
                0x0000000020001a1c       0xbc ./firmware/drivers/mss_uart/mss_uart.o
                0x0000000020001a1c                MSS_UART_get_rx
 .text.MSS_UART_enable_irq
                0x0000000020001ad8       0xa4 ./firmware/drivers/mss_uart/mss_uart.o
                0x0000000020001ad8                MSS_UART_enable_irq
 .text.MSS_UART_set_rx_handler
                0x0000000020001b7c       0xa8 ./firmware/drivers/mss_uart/mss_uart.o
                0x0000000020001b7c                MSS_UART_set_rx_handler
 .text.UART0_IRQHandler
                0x0000000020001c24       0x24 ./firmware/drivers/mss_uart/mss_uart.o
                0x0000000020001c24                UART0_IRQHandler
 .text.UART1_IRQHandler
                0x0000000020001c48       0x24 ./firmware/drivers/mss_uart/mss_uart.o
                0x0000000020001c48                UART1_IRQHandler
 .text.config_baud_divisors
                0x0000000020001c6c      0x14c ./firmware/drivers/mss_uart/mss_uart.o
 .text.global_init
                0x0000000020001db8      0x1d8 ./firmware/drivers/mss_uart/mss_uart.o
 .text.MSS_UART_isr
                0x0000000020001f90      0x208 ./firmware/drivers/mss_uart/mss_uart.o
 .text.default_tx_handler
                0x0000000020002198       0xe8 ./firmware/drivers/mss_uart/mss_uart.o
 .text.ComBlk_IRQHandler
                0x0000000020002280       0x48 ./firmware/drivers/mss_sys_services/mss_comblk.o
                0x0000000020002280                ComBlk_IRQHandler
 .text.handle_tx_okay_irq
                0x00000000200022c8      0x1ac ./firmware/drivers/mss_sys_services/mss_comblk.o
 .text.handle_rx_okay_irq
                0x0000000020002474      0x210 ./firmware/drivers/mss_sys_services/mss_comblk.o
 .text.complete_request
                0x0000000020002684       0x40 ./firmware/drivers/mss_sys_services/mss_comblk.o
 .text.abort_current_cmd
                0x00000000200026c4       0x4c ./firmware/drivers/mss_sys_services/mss_comblk.o
 .text.fill_tx_fifo
                0x0000000020002710       0x60 ./firmware/drivers/mss_sys_services/mss_comblk.o
 .text.process_sys_ctrl_command
                0x0000000020002770       0x28 ./firmware/drivers/mss_sys_services/mss_comblk.o
 .text.start_transfer
                0x0000000020002798      0x154 ./firmware/drivers/mss_hpdma/mss_hpdma.o
 .text.HPDMA_Complete_IRQHandler
                0x00000000200028ec       0xf8 ./firmware/drivers/mss_hpdma/mss_hpdma.o
                0x00000000200028ec                HPDMA_Complete_IRQHandler
 .text.HPDMA_Error_IRQHandler
                0x00000000200029e4      0x100 ./firmware/drivers/mss_hpdma/mss_hpdma.o
                0x00000000200029e4                HPDMA_Error_IRQHandler
 .text.NVIC_EnableIRQ
                0x0000000020002ae4       0x30 ./firmware/drivers/mss_gpio/mss_gpio.o
 .text.NVIC_DisableIRQ
                0x0000000020002b14       0x34 ./firmware/drivers/mss_gpio/mss_gpio.o
 .text.NVIC_ClearPendingIRQ
                0x0000000020002b48       0x34 ./firmware/drivers/mss_gpio/mss_gpio.o
 .text.MSS_GPIO_init
                0x0000000020002b7c       0x78 ./firmware/drivers/mss_gpio/mss_gpio.o
                0x0000000020002b7c                MSS_GPIO_init
 .text.MSS_GPIO_config
                0x0000000020002bf4       0x38 ./firmware/drivers/mss_gpio/mss_gpio.o
                0x0000000020002bf4                MSS_GPIO_config
 .text.MSS_GPIO_enable_irq
                0x0000000020002c2c       0x58 ./firmware/drivers/mss_gpio/mss_gpio.o
                0x0000000020002c2c                MSS_GPIO_enable_irq
 .text.MSS_GPIO_clear_irq
                0x0000000020002c84       0x3c ./firmware/drivers/mss_gpio/mss_gpio.o
                0x0000000020002c84                MSS_GPIO_clear_irq
 .text.NVIC_EnableIRQ
                0x0000000020002cc0       0x30 ./firmware/drivers/mss_ethernet_mac/mss_ethernet_mac.o
 .text.NVIC_DisableIRQ
                0x0000000020002cf0       0x34 ./firmware/drivers/mss_ethernet_mac/mss_ethernet_mac.o
 .text.NVIC_ClearPendingIRQ
                0x0000000020002d24       0x34 ./firmware/drivers/mss_ethernet_mac/mss_ethernet_mac.o
 .text.set_bit_reg32
                0x0000000020002d58       0x3a ./firmware/drivers/mss_ethernet_mac/mss_ethernet_mac.o
 .text.clear_bit_reg32
                0x0000000020002d92       0x3a ./firmware/drivers/mss_ethernet_mac/mss_ethernet_mac.o
 .text.read_bit_reg32
                0x0000000020002dcc       0x38 ./firmware/drivers/mss_ethernet_mac/mss_ethernet_mac.o
 .text.MSS_MAC_init
                0x0000000020002e04      0x120 ./firmware/drivers/mss_ethernet_mac/mss_ethernet_mac.o
                0x0000000020002e04                MSS_MAC_init
 .text.update_mac_cfg
                0x0000000020002f24       0xdc ./firmware/drivers/mss_ethernet_mac/mss_ethernet_mac.o
 .text.MSS_MAC_cfg_struct_def_init
                0x0000000020003000       0xf4 ./firmware/drivers/mss_ethernet_mac/mss_ethernet_mac.o
                0x0000000020003000                MSS_MAC_cfg_struct_def_init
 .text.mac_reset
                0x00000000200030f4       0x64 ./firmware/drivers/mss_ethernet_mac/mss_ethernet_mac.o
 .text.config_mac_hw
                0x0000000020003158      0x358 ./firmware/drivers/mss_ethernet_mac/mss_ethernet_mac.o
 .text.MSS_MAC_write_phy_reg
                0x00000000200034b0       0x64 ./firmware/drivers/mss_ethernet_mac/mss_ethernet_mac.o
                0x00000000200034b0                MSS_MAC_write_phy_reg
 .text.MSS_MAC_read_phy_reg
                0x0000000020003514       0xbc ./firmware/drivers/mss_ethernet_mac/mss_ethernet_mac.o
                0x0000000020003514                MSS_MAC_read_phy_reg
 .text.MSS_MAC_receive_pkt
                0x00000000200035d0      0x13c ./firmware/drivers/mss_ethernet_mac/mss_ethernet_mac.o
                0x00000000200035d0                MSS_MAC_receive_pkt
 .text.MSS_MAC_send_pkt
                0x000000002000370c      0x10c ./firmware/drivers/mss_ethernet_mac/mss_ethernet_mac.o
                0x000000002000370c                MSS_MAC_send_pkt
 .text.EthernetMAC_IRQHandler
                0x0000000020003818       0x40 ./firmware/drivers/mss_ethernet_mac/mss_ethernet_mac.o
                0x0000000020003818                EthernetMAC_IRQHandler
 .text.MSS_MAC_set_tx_callback
                0x0000000020003858       0x1c ./firmware/drivers/mss_ethernet_mac/mss_ethernet_mac.o
                0x0000000020003858                MSS_MAC_set_tx_callback
 .text.MSS_MAC_set_rx_callback
                0x0000000020003874       0x1c ./firmware/drivers/mss_ethernet_mac/mss_ethernet_mac.o
                0x0000000020003874                MSS_MAC_set_rx_callback
 .text.rxpkt_handler
                0x0000000020003890       0xbc ./firmware/drivers/mss_ethernet_mac/mss_ethernet_mac.o
 .text.txpkt_handler
                0x000000002000394c       0xec ./firmware/drivers/mss_ethernet_mac/mss_ethernet_mac.o
 .text.tx_desc_ring_init
                0x0000000020003a38       0xa0 ./firmware/drivers/mss_ethernet_mac/mss_ethernet_mac.o
 .text.rx_desc_ring_init
                0x0000000020003ad8       0xa8 ./firmware/drivers/mss_ethernet_mac/mss_ethernet_mac.o
 .text.assign_station_addr
                0x0000000020003b80       0x7c ./firmware/drivers/mss_ethernet_mac/mss_ethernet_mac.o
 .text.probe_phy
                0x0000000020003bfc       0x52 ./firmware/drivers/mss_ethernet_mac/mss_ethernet_mac.o
 .text._exit    0x0000000020003c4e        0xa ./firmware/CMSIS/startup_gcc/newlib_stubs.o
                0x0000000020003c4e                _exit
 .text._write_r
                0x0000000020003c58       0x1a ./firmware/CMSIS/startup_gcc/newlib_stubs.o
                0x0000000020003c58                _write_r
 *fill*         0x0000000020003c72        0x2 
 .text._sbrk    0x0000000020003c74       0x9c ./firmware/CMSIS/startup_gcc/newlib_stubs.o
                0x0000000020003c74                _sbrk
 .text.SystemInit
                0x0000000020003d10       0x20 ./firmware/CMSIS/system_m2sxxx.o
                0x0000000020003d10                SystemInit
 .text.SystemCoreClockUpdate
                0x0000000020003d30       0xfc ./firmware/CMSIS/system_m2sxxx.o
                0x0000000020003d30                SystemCoreClockUpdate
 .text.get_rcosc_25_50mhz_frequency
                0x0000000020003e2c       0x3c ./firmware/CMSIS/system_m2sxxx.o
 .text.set_clock_frequency_globals
                0x0000000020003e68       0x5c ./firmware/CMSIS/system_m2sxxx.o
 .text.get_silicon_revision
                0x0000000020003ec4       0x48 ./firmware/CMSIS/system_m2sxxx.o
 .text.silicon_workarounds
                0x0000000020003f0c       0x22 ./firmware/CMSIS/system_m2sxxx.o
 *fill*         0x0000000020003f2e        0x2 
 .text.m2s050_rev_a_workarounds
                0x0000000020003f30       0x30 ./firmware/CMSIS/system_m2sxxx.o
 .text.__libc_init_array
                0x0000000020003f60       0x48 c:/microsemi/softconsole_v6.2/arm-none-eabi-gcc/bin/../lib/gcc/arm-none-eabi/8.2.1/../../../../arm-none-eabi/lib/thumb/v7-m/nofp\libg_nano.a(lib_a-init.o)
                0x0000000020003f60                __libc_init_array
 .text.memcpy   0x0000000020003fa8       0x1c c:/microsemi/softconsole_v6.2/arm-none-eabi-gcc/bin/../lib/gcc/arm-none-eabi/8.2.1/../../../../arm-none-eabi/lib/thumb/v7-m/nofp\libg_nano.a(lib_a-memcpy-stub.o)
                0x0000000020003fa8                memcpy
 .text.snprintf
                0x0000000020003fc4       0x68 c:/microsemi/softconsole_v6.2/arm-none-eabi-gcc/bin/../lib/gcc/arm-none-eabi/8.2.1/../../../../arm-none-eabi/lib/thumb/v7-m/nofp\libg_nano.a(lib_a-snprintf.o)
                0x0000000020003fc4                sniprintf
                0x0000000020003fc4                snprintf
 .text.__ssputs_r
                0x000000002000402c       0xb6 c:/microsemi/softconsole_v6.2/arm-none-eabi-gcc/bin/../lib/gcc/arm-none-eabi/8.2.1/../../../../arm-none-eabi/lib/thumb/v7-m/nofp\libg_nano.a(lib_a-nano-svfprintf.o)
                0x000000002000402c                __ssputs_r
 *fill*         0x00000000200040e2        0x2 
 .text._svfprintf_r
                0x00000000200040e4      0x1f0 c:/microsemi/softconsole_v6.2/arm-none-eabi-gcc/bin/../lib/gcc/arm-none-eabi/8.2.1/../../../../arm-none-eabi/lib/thumb/v7-m/nofp\libg_nano.a(lib_a-nano-svfprintf.o)
                0x00000000200040e4                _svfiprintf_r
                0x00000000200040e4                _svfprintf_r
 .text._printf_common
                0x00000000200042d4       0xec c:/microsemi/softconsole_v6.2/arm-none-eabi-gcc/bin/../lib/gcc/arm-none-eabi/8.2.1/../../../../arm-none-eabi/lib/thumb/v7-m/nofp\libg_nano.a(lib_a-nano-vfprintf_i.o)
                0x00000000200042d4                _printf_common
 .text._printf_i
                0x00000000200043c0      0x22c c:/microsemi/softconsole_v6.2/arm-none-eabi-gcc/bin/../lib/gcc/arm-none-eabi/8.2.1/../../../../arm-none-eabi/lib/thumb/v7-m/nofp\libg_nano.a(lib_a-nano-vfprintf_i.o)
                0x00000000200043c0                _printf_i
 .text.memchr   0x00000000200045ec       0x1c c:/microsemi/softconsole_v6.2/arm-none-eabi-gcc/bin/../lib/gcc/arm-none-eabi/8.2.1/../../../../arm-none-eabi/lib/thumb/v7-m/nofp\libg_nano.a(lib_a-memchr-stub.o)
                0x00000000200045ec                memchr
 .text.memmove  0x0000000020004608       0x34 c:/microsemi/softconsole_v6.2/arm-none-eabi-gcc/bin/../lib/gcc/arm-none-eabi/8.2.1/../../../../arm-none-eabi/lib/thumb/v7-m/nofp\libg_nano.a(lib_a-memmove.o)
                0x0000000020004608                memmove
 .text._free_r  0x000000002000463c       0x98 c:/microsemi/softconsole_v6.2/arm-none-eabi-gcc/bin/../lib/gcc/arm-none-eabi/8.2.1/../../../../arm-none-eabi/lib/thumb/v7-m/nofp\libg_nano.a(lib_a-nano-freer.o)
                0x000000002000463c                _free_r
 .text._malloc_r
                0x00000000200046d4       0xb4 c:/microsemi/softconsole_v6.2/arm-none-eabi-gcc/bin/../lib/gcc/arm-none-eabi/8.2.1/../../../../arm-none-eabi/lib/thumb/v7-m/nofp\libg_nano.a(lib_a-nano-mallocr.o)
                0x00000000200046d4                _malloc_r
 .text._realloc_r
                0x0000000020004788       0x4c c:/microsemi/softconsole_v6.2/arm-none-eabi-gcc/bin/../lib/gcc/arm-none-eabi/8.2.1/../../../../arm-none-eabi/lib/thumb/v7-m/nofp\libg_nano.a(lib_a-nano-reallocr.o)
                0x0000000020004788                _realloc_r
 .text._sbrk_r  0x00000000200047d4       0x20 c:/microsemi/softconsole_v6.2/arm-none-eabi-gcc/bin/../lib/gcc/arm-none-eabi/8.2.1/../../../../arm-none-eabi/lib/thumb/v7-m/nofp\libg_nano.a(lib_a-sbrkr.o)
                0x00000000200047d4                _sbrk_r
 .text.__malloc_lock
                0x00000000200047f4        0xc c:/microsemi/softconsole_v6.2/arm-none-eabi-gcc/bin/../lib/gcc/arm-none-eabi/8.2.1/../../../../arm-none-eabi/lib/thumb/v7-m/nofp\libg_nano.a(lib_a-mlock.o)
                0x00000000200047f4                __malloc_lock
 .text.__malloc_unlock
                0x0000000020004800        0xc c:/microsemi/softconsole_v6.2/arm-none-eabi-gcc/bin/../lib/gcc/arm-none-eabi/8.2.1/../../../../arm-none-eabi/lib/thumb/v7-m/nofp\libg_nano.a(lib_a-mlock.o)
                0x0000000020004800                __malloc_unlock
 .text._malloc_usable_size_r
                0x000000002000480c       0x10 c:/microsemi/softconsole_v6.2/arm-none-eabi-gcc/bin/../lib/gcc/arm-none-eabi/8.2.1/../../../../arm-none-eabi/lib/thumb/v7-m/nofp\libg_nano.a(lib_a-nano-msizer.o)
                0x000000002000480c                _malloc_usable_size_r
 .text.__retarget_lock_acquire_recursive
                0x000000002000481c        0x2 c:/microsemi/softconsole_v6.2/arm-none-eabi-gcc/bin/../lib/gcc/arm-none-eabi/8.2.1/../../../../arm-none-eabi/lib/thumb/v7-m/nofp\libg_nano.a(lib_a-lock.o)
                0x000000002000481c                __retarget_lock_acquire_recursive
 .text.__retarget_lock_release_recursive
                0x000000002000481e        0x2 c:/microsemi/softconsole_v6.2/arm-none-eabi-gcc/bin/../lib/gcc/arm-none-eabi/8.2.1/../../../../arm-none-eabi/lib/thumb/v7-m/nofp\libg_nano.a(lib_a-lock.o)
                0x000000002000481e                __retarget_lock_release_recursive
 *(.plt)
 *(.gnu.warning)
 *(.glue_7t)
 .glue_7t       0x0000000020004820        0x0 linker stubs
 *(.glue_7)
 .glue_7        0x0000000020004820        0x0 linker stubs
 *(.vfp11_veneer)
 .vfp11_veneer  0x0000000020004820        0x0 linker stubs
                0x0000000020004820                . = ALIGN (0x4)
 *crtbegin.o(.ctors)
 *(EXCLUDE_FILE(*crtend.o) .ctors)
 *(SORT_BY_NAME(.ctors.*))
 *crtend.o(.ctors)
 *crtbegin.o(.dtors)
 *(EXCLUDE_FILE(*crtend.o) .dtors)
 *(SORT_BY_NAME(.dtors.*))
 *crtend.o(.dtors)
 *(.rodata .rodata.* .gnu.linkonce.r.*)
 .rodata        0x0000000020004820        0x8 ./src/VSC8541_01_phy.o
 .rodata.my_ip  0x0000000020004828        0x4 ./src/main.o
 .rodata        0x000000002000482c      0x236 ./src/main.o
 *fill*         0x0000000020004a62        0x2 
 .rodata.g_config_reg_lut
                0x0000000020004a64       0x80 ./firmware/drivers/mss_gpio/mss_gpio.o
 .rodata.g_gpio_irqn_lut
                0x0000000020004ae4       0x20 ./firmware/drivers/mss_gpio/mss_gpio.o
 .rodata.g_default_mac_address.6394
                0x0000000020004b04        0x6 ./firmware/drivers/mss_ethernet_mac/mss_ethernet_mac.o
 *fill*         0x0000000020004b0a        0x2 
 .rodata        0x0000000020004b0c       0x30 ./firmware/CMSIS/startup_gcc/newlib_stubs.o
 .rodata        0x0000000020004b3c        0x8 ./firmware/CMSIS/system_m2sxxx.o
 .rodata._svfprintf_r.str1.1
                0x0000000020004b44       0x11 c:/microsemi/softconsole_v6.2/arm-none-eabi-gcc/bin/../lib/gcc/arm-none-eabi/8.2.1/../../../../arm-none-eabi/lib/thumb/v7-m/nofp\libg_nano.a(lib_a-nano-svfprintf.o)
 .rodata._printf_i.str1.1
                0x0000000020004b55       0x22 c:/microsemi/softconsole_v6.2/arm-none-eabi-gcc/bin/../lib/gcc/arm-none-eabi/8.2.1/../../../../arm-none-eabi/lib/thumb/v7-m/nofp\libg_nano.a(lib_a-nano-vfprintf_i.o)
 *(.ARM.extab* .gnu.linkonce.armextab.*)
 *(.gcc_except_table)
 *(.eh_frame_hdr)
 *(.eh_frame)
 *fill*         0x0000000020004b77        0x1 
 .eh_frame      0x0000000020004b78        0x0 c:/microsemi/softconsole_v6.2/arm-none-eabi-gcc/bin/../lib/gcc/arm-none-eabi/8.2.1/thumb/v7-m/nofp/crtbegin.o
 *(.vector_table)
 *(.init)
 .init          0x0000000020004b78        0x4 c:/microsemi/softconsole_v6.2/arm-none-eabi-gcc/bin/../lib/gcc/arm-none-eabi/8.2.1/thumb/v7-m/nofp/crti.o
                0x0000000020004b78                _init
 .init          0x0000000020004b7c        0x8 c:/microsemi/softconsole_v6.2/arm-none-eabi-gcc/bin/../lib/gcc/arm-none-eabi/8.2.1/thumb/v7-m/nofp/crtn.o
 *(.fini)
 .fini          0x0000000020004b84        0x4 c:/microsemi/softconsole_v6.2/arm-none-eabi-gcc/bin/../lib/gcc/arm-none-eabi/8.2.1/thumb/v7-m/nofp/crti.o
                0x0000000020004b84                _fini
 .fini          0x0000000020004b88        0x8 c:/microsemi/softconsole_v6.2/arm-none-eabi-gcc/bin/../lib/gcc/arm-none-eabi/8.2.1/thumb/v7-m/nofp/crtn.o
                0x0000000020004b90                PROVIDE (__preinit_array_start = .)
 *(.preinit_array)
                0x0000000020004b90                PROVIDE (__preinit_array_end = .)
                0x0000000020004b90                PROVIDE (__init_array_start = .)
 *(SORT_BY_NAME(.init_array.*))
 *(.init_array)
 .init_array    0x0000000020004b90        0x4 c:/microsemi/softconsole_v6.2/arm-none-eabi-gcc/bin/../lib/gcc/arm-none-eabi/8.2.1/thumb/v7-m/nofp/crtbegin.o
                0x0000000020004b94                PROVIDE (__init_array_end = .)
                [!provide]                        PROVIDE (__fini_array_start = .)
 *(.fini_array)
 .fini_array    0x0000000020004b94        0x4 c:/microsemi/softconsole_v6.2/arm-none-eabi-gcc/bin/../lib/gcc/arm-none-eabi/8.2.1/thumb/v7-m/nofp/crtbegin.o
 *(SORT_BY_NAME(.fini_array.*))
                [!provide]                        PROVIDE (__fini_array_end = .)
                0x0000000020004ba0                . = ALIGN (0x10)
 *fill*         0x0000000020004b98        0x8 
                0x0000000020004ba0                __exidx_start = .

.v4_bx          0x0000000020004ba0        0x0
 .v4_bx         0x0000000020004ba0        0x0 linker stubs

.iplt           0x0000000020004ba0        0x0
 .iplt          0x0000000020004ba0        0x0 c:/microsemi/softconsole_v6.2/arm-none-eabi-gcc/bin/../lib/gcc/arm-none-eabi/8.2.1/thumb/v7-m/nofp/crtbegin.o

.rel.dyn        0x0000000020004ba0        0x0
 .rel.iplt      0x0000000020004ba0        0x0 c:/microsemi/softconsole_v6.2/arm-none-eabi-gcc/bin/../lib/gcc/arm-none-eabi/8.2.1/thumb/v7-m/nofp/crtbegin.o

.ARM.exidx
 *(.ARM.exidx* .gnu.linkonce.armexidx.*)
                0x0000000020004ba0                __exidx_end = .
                0x0000000020004ba0                _etext = .
                [!provide]                        PROVIDE (__text_end = .)

.data           0x0000000020004ba0      0x6a0
                0x0000000020004ba0                __data_load = LOADADDR (.data)
                0x0000000020004ba0                _sidata = LOADADDR (.data)
                0x0000000020004ba0                __data_start = .
                0x0000000020004ba0                _sdata = .
 *(.jcr)
 *(.got.plt)
 *(.got)
 *(.shdata)
 *(.data .data.* .gnu.linkonce.d.*)
 .data.arp_buffer
                0x0000000020004ba0       0x2a ./src/ARP_protocol.o
                0x0000000020004ba0                arp_buffer
 *fill*         0x0000000020004bca        0x2 
 .data.g_mac_tx_buffer
                0x0000000020004bcc      0x5ea ./src/main.o
 *fill*         0x00000000200051b6        0x2 
 .data.g_mac_tx_buffer_used
                0x00000000200051b8        0x4 ./src/main.o
 .data.SystemCoreClock
                0x00000000200051bc        0x4 ./firmware/CMSIS/system_m2sxxx.o
                0x00000000200051bc                SystemCoreClock
 .data.g_FrequencyPCLK0
                0x00000000200051c0        0x4 ./firmware/CMSIS/system_m2sxxx.o
                0x00000000200051c0                g_FrequencyPCLK0
 .data.g_FrequencyPCLK1
                0x00000000200051c4        0x4 ./firmware/CMSIS/system_m2sxxx.o
                0x00000000200051c4                g_FrequencyPCLK1
 .data.g_FrequencyPCLK2
                0x00000000200051c8        0x4 ./firmware/CMSIS/system_m2sxxx.o
                0x00000000200051c8                g_FrequencyPCLK2
 .data.g_FrequencyFIC0
                0x00000000200051cc        0x4 ./firmware/CMSIS/system_m2sxxx.o
                0x00000000200051cc                g_FrequencyFIC0
 .data.g_FrequencyFIC1
                0x00000000200051d0        0x4 ./firmware/CMSIS/system_m2sxxx.o
                0x00000000200051d0                g_FrequencyFIC1
 .data.g_FrequencyFIC64
                0x00000000200051d4        0x4 ./firmware/CMSIS/system_m2sxxx.o
                0x00000000200051d4                g_FrequencyFIC64
 .data._impure_ptr
                0x00000000200051d8        0x4 c:/microsemi/softconsole_v6.2/arm-none-eabi-gcc/bin/../lib/gcc/arm-none-eabi/8.2.1/../../../../arm-none-eabi/lib/thumb/v7-m/nofp\libg_nano.a(lib_a-impure.o)
                0x00000000200051d8                _impure_ptr
 .data.impure_data
                0x00000000200051dc       0x60 c:/microsemi/softconsole_v6.2/arm-none-eabi-gcc/bin/../lib/gcc/arm-none-eabi/8.2.1/../../../../arm-none-eabi/lib/thumb/v7-m/nofp\libg_nano.a(lib_a-impure.o)
                0x0000000020005240                . = ALIGN (0x10)
 *fill*         0x000000002000523c        0x4 
                0x0000000020005240                _edata = .

.tm_clone_table
                0x0000000020005240        0x0
 .tm_clone_table
                0x0000000020005240        0x0 c:/microsemi/softconsole_v6.2/arm-none-eabi-gcc/bin/../lib/gcc/arm-none-eabi/8.2.1/thumb/v7-m/nofp/crtbegin.o
 .tm_clone_table
                0x0000000020005240        0x0 c:/microsemi/softconsole_v6.2/arm-none-eabi-gcc/bin/../lib/gcc/arm-none-eabi/8.2.1/thumb/v7-m/nofp/crtend.o

.igot.plt       0x0000000020005240        0x0
 .igot.plt      0x0000000020005240        0x0 c:/microsemi/softconsole_v6.2/arm-none-eabi-gcc/bin/../lib/gcc/arm-none-eabi/8.2.1/thumb/v7-m/nofp/crtbegin.o

.bss            0x0000000020005240     0x3130
                0x0000000020005240                __bss_start__ = .
                0x0000000020005240                _sbss = .
 *(.shbss)
 *(.bss .bss.* .gnu.linkonce.b.*)
 .bss.completed.6707
                0x0000000020005240        0x1 c:/microsemi/softconsole_v6.2/arm-none-eabi-gcc/bin/../lib/gcc/arm-none-eabi/8.2.1/thumb/v7-m/nofp/crtbegin.o
 *fill*         0x0000000020005241        0x3 
 .bss.object.6712
                0x0000000020005244       0x18 c:/microsemi/softconsole_v6.2/arm-none-eabi-gcc/bin/../lib/gcc/arm-none-eabi/8.2.1/thumb/v7-m/nofp/crtbegin.o
 .bss.g_phy_addr
                0x000000002000525c        0x1 ./src/VSC8541_01_phy.o
 .bss.port_check
                0x000000002000525d        0x1 ./src/main.o
                0x000000002000525d                port_check
 *fill*         0x000000002000525e        0x2 
 .bss.eth_cmd_code
                0x0000000020005260        0x4 ./src/main.o
                0x0000000020005260                eth_cmd_code
 .bss.data_rx_cnt
                0x0000000020005264        0x1 ./src/main.o
                0x0000000020005264                data_rx_cnt
 .bss.fft_auto_done
                0x0000000020005265        0x1 ./src/main.o
                0x0000000020005265                fft_auto_done
 .bss.eth_tx_id
                0x0000000020005266        0x2 ./src/main.o
                0x0000000020005266                eth_tx_id
 .bss.g_mac_rx_buffer_0
                0x0000000020005268      0x5ea ./src/main.o
 *fill*         0x0000000020005852        0x2 
 .bss.g_mac_rx_buffer_1
                0x0000000020005854      0x5ea ./src/main.o
 *fill*         0x0000000020005e3e        0x2 
 .bss.g_mac_rx_buffer_2
                0x0000000020005e40      0x5ea ./src/main.o
 *fill*         0x000000002000642a        0x2 
 .bss.g_mac_rx_buffer_3
                0x000000002000642c      0x5ea ./src/main.o
 *fill*         0x0000000020006a16        0x2 
 .bss.g_mac_rx_buffer_4
                0x0000000020006a18      0x5ea ./src/main.o
 *fill*         0x0000000020007002        0x2 
 .bss.g_mac_rx_buffer_5
                0x0000000020007004      0x5ea ./src/main.o
 *fill*         0x00000000200075ee        0x2 
 .bss.g_mac_rx_buffer_6
                0x00000000200075f0      0x5ea ./src/main.o
 *fill*         0x0000000020007bda        0x2 
 .bss.g_mac_rx_buffer_7
                0x0000000020007bdc      0x5ea ./src/main.o
 *fill*         0x00000000200081c6        0x2 
 .bss.tx_buffer.8239
                0x00000000200081c8        0x4 ./src/main.o
 .bss.g_comblk_cmd_opcode
                0x00000000200081cc        0x1 ./firmware/drivers/mss_sys_services/mss_comblk.o
 *fill*         0x00000000200081cd        0x3 
 .bss.g_comblk_p_cmd
                0x00000000200081d0        0x4 ./firmware/drivers/mss_sys_services/mss_comblk.o
 .bss.g_comblk_cmd_size
                0x00000000200081d4        0x2 ./firmware/drivers/mss_sys_services/mss_comblk.o
 *fill*         0x00000000200081d6        0x2 
 .bss.g_comblk_p_data
                0x00000000200081d8        0x4 ./firmware/drivers/mss_sys_services/mss_comblk.o
 .bss.g_comblk_data_size
                0x00000000200081dc        0x4 ./firmware/drivers/mss_sys_services/mss_comblk.o
 .bss.g_comblk_p_response
                0x00000000200081e0        0x4 ./firmware/drivers/mss_sys_services/mss_comblk.o
 .bss.g_comblk_response_size
                0x00000000200081e4        0x2 ./firmware/drivers/mss_sys_services/mss_comblk.o
 .bss.g_comblk_response_idx
                0x00000000200081e6        0x2 ./firmware/drivers/mss_sys_services/mss_comblk.o
 .bss.g_comblk_completion_handler
                0x00000000200081e8        0x4 ./firmware/drivers/mss_sys_services/mss_comblk.o
 .bss.g_comblk_page_handler
                0x00000000200081ec        0x4 ./firmware/drivers/mss_sys_services/mss_comblk.o
 .bss.g_request_in_progress
                0x00000000200081f0        0x1 ./firmware/drivers/mss_sys_services/mss_comblk.o
 .bss.g_comblk_state
                0x00000000200081f1        0x1 ./firmware/drivers/mss_sys_services/mss_comblk.o
 *fill*         0x00000000200081f2        0x2 
 .bss.g_async_event_handler
                0x00000000200081f4        0x4 ./firmware/drivers/mss_sys_services/mss_comblk.o
 .bss.g_transfer
                0x00000000200081f8       0x18 ./firmware/drivers/mss_hpdma/mss_hpdma.o
 .bss.g_hpdma_end_desc
                0x0000000020008210        0x4 ./firmware/drivers/mss_hpdma/mss_hpdma.o
 .bss.g_hpdma_current_desc
                0x0000000020008214        0x4 ./firmware/drivers/mss_hpdma/mss_hpdma.o
 .bss.g_mac     0x0000000020008218       0x68 ./firmware/drivers/mss_ethernet_mac/mss_ethernet_mac.o
 .bss.heap_end.5467
                0x0000000020008280        0x4 ./firmware/CMSIS/startup_gcc/newlib_stubs.o
 .bss.__malloc_free_list
                0x0000000020008284        0x4 c:/microsemi/softconsole_v6.2/arm-none-eabi-gcc/bin/../lib/gcc/arm-none-eabi/8.2.1/../../../../arm-none-eabi/lib/thumb/v7-m/nofp\libg_nano.a(lib_a-nano-mallocr.o)
                0x0000000020008284                __malloc_free_list
 .bss.__malloc_sbrk_start
                0x0000000020008288        0x4 c:/microsemi/softconsole_v6.2/arm-none-eabi-gcc/bin/../lib/gcc/arm-none-eabi/8.2.1/../../../../arm-none-eabi/lib/thumb/v7-m/nofp\libg_nano.a(lib_a-nano-mallocr.o)
                0x0000000020008288                __malloc_sbrk_start
 *(COMMON)
 COMMON         0x000000002000828c        0xa ./src/ARP_protocol.o
                0x000000002000828c                ARP_stuff
 *fill*         0x0000000020008296        0x2 
 COMMON         0x0000000020008298       0x3c ./src/main.o
                0x0000000020008298                gmii_trap_fab
                0x000000002000829c                mac_config
                0x00000000200082c8                fft_fab
                0x00000000200082cc                smpl_pkt_0
                0x00000000200082d0                smpl_pkt_1
 COMMON         0x00000000200082d4       0x80 ./firmware/drivers/mss_uart/mss_uart.o
                0x00000000200082d4                g_mss_uart1
                0x0000000020008314                g_mss_uart0
 COMMON         0x0000000020008354        0x4 c:/microsemi/softconsole_v6.2/arm-none-eabi-gcc/bin/../lib/gcc/arm-none-eabi/8.2.1/../../../../arm-none-eabi/lib/thumb/v7-m/nofp\libg_nano.a(lib_a-reent.o)
                0x0000000020008354                errno
 COMMON         0x0000000020008358        0x9 c:/microsemi/softconsole_v6.2/arm-none-eabi-gcc/bin/../lib/gcc/arm-none-eabi/8.2.1/../../../../arm-none-eabi/lib/thumb/v7-m/nofp\libg_nano.a(lib_a-lock.o)
                0x0000000020008358                __lock___atexit_recursive_mutex
                0x0000000020008359                __lock___arc4random_mutex
                0x000000002000835a                __lock___env_recursive_mutex
                0x000000002000835b                __lock___sinit_recursive_mutex
                0x000000002000835c                __lock___malloc_recursive_mutex
                0x000000002000835d                __lock___at_quick_exit_mutex
                0x000000002000835e                __lock___dd_hash_mutex
                0x000000002000835f                __lock___tz_mutex
                0x0000000020008360                __lock___sfp_recursive_mutex
                0x0000000020008370                . = ALIGN (0x10)
 *fill*         0x0000000020008361        0xf 
                0x0000000020008370                __bss_end__ = .
                0x0000000020008370                _end = .
                0x0000000020008370                __end = _end
                0x0000000020008370                _ebss = .
                [!provide]                        PROVIDE (end = .)

.heap           0x0000000020008370     0x6c90
                0x0000000020008370                __heap_start__ = .
                0x0000000020009370                . = (. + MIN_SIZE_HEAP)
 *fill*         0x0000000020008370     0x1000 
                0x000000002000f000                . = (. + (((ABSOLUTE (RAM_START_ADDRESS) + RAM_SIZE) - MAIN_STACK_SIZE) - .))
 *fill*         0x0000000020009370     0x5c90 
                0x000000002000f000                _eheap = .

.stack          0x000000002000f000     0x1000
                0x000000002000f000                __stack_start__ = .
                0x0000000020010000                . = (. + MAIN_STACK_SIZE)
 *fill*         0x000000002000f000     0x1000 
                0x0000000020010000                _estack = .

.stab
 *(.stab)

.stabstr
 *(.stabstr)

.debug
 *(.debug)

.line
 *(.line)

.debug_srcinfo
 *(.debug_srcinfo)

.debug_sfnames
 *(.debug_sfnames)

.debug_aranges  0x0000000000000000      0x790
 *(.debug_aranges)
 .debug_aranges
                0x0000000000000000       0x48 ./src/ARP_protocol.o
 .debug_aranges
                0x0000000000000048       0x78 ./src/FFT_apb.o
 .debug_aranges
                0x00000000000000c0       0x40 ./src/GMII_Filter_Trap.o
 .debug_aranges
                0x0000000000000100       0x38 ./src/VSC8541_01_phy.o
 .debug_aranges
                0x0000000000000138       0xe8 ./src/main.o
 .debug_aranges
                0x0000000000000220       0x20 ./firmware/hal/CortexM3/GNU/hw_reg_access.o
 .debug_aranges
                0x0000000000000240      0x1d0 ./firmware/drivers/mss_uart/mss_uart.o
 .debug_aranges
                0x0000000000000410       0x90 ./firmware/drivers/mss_sys_services/mss_comblk.o
 .debug_aranges
                0x00000000000004a0       0x80 ./firmware/drivers/mss_hpdma/mss_hpdma.o
 .debug_aranges
                0x0000000000000520       0x68 ./firmware/drivers/mss_gpio/mss_gpio.o
 .debug_aranges
                0x0000000000000588       0xf0 ./firmware/drivers/mss_ethernet_mac/mss_ethernet_mac.o
 .debug_aranges
                0x0000000000000678       0xa8 ./firmware/CMSIS/startup_gcc/newlib_stubs.o
 .debug_aranges
                0x0000000000000720       0x20 ./firmware/CMSIS/startup_gcc/startup_m2sxxx.o
 .debug_aranges
                0x0000000000000740       0x50 ./firmware/CMSIS/system_m2sxxx.o

.debug_pubnames
 *(.debug_pubnames)

.debug_info     0x0000000000000000     0xc100
 *(.debug_info .gnu.linkonce.wi.*)
 .debug_info    0x0000000000000000      0x23f ./src/ARP_protocol.o
 .debug_info    0x000000000000023f      0xc14 ./src/FFT_apb.o
 .debug_info    0x0000000000000e53      0xa81 ./src/GMII_Filter_Trap.o
 .debug_info    0x00000000000018d4      0x324 ./src/VSC8541_01_phy.o
 .debug_info    0x0000000000001bf8     0x1f0c ./src/main.o
 .debug_info    0x0000000000003b04       0x26 ./firmware/hal/CortexM3/GNU/hw_reg_access.o
 .debug_info    0x0000000000003b2a     0x1ea8 ./firmware/drivers/mss_uart/mss_uart.o
 .debug_info    0x00000000000059d2      0xb4b ./firmware/drivers/mss_sys_services/mss_comblk.o
 .debug_info    0x000000000000651d     0x1231 ./firmware/drivers/mss_hpdma/mss_hpdma.o
 .debug_info    0x000000000000774e     0x10dc ./firmware/drivers/mss_gpio/mss_gpio.o
 .debug_info    0x000000000000882a     0x1cde ./firmware/drivers/mss_ethernet_mac/mss_ethernet_mac.o
 .debug_info    0x000000000000a508     0x1071 ./firmware/CMSIS/startup_gcc/newlib_stubs.o
 .debug_info    0x000000000000b579       0x26 ./firmware/CMSIS/startup_gcc/startup_m2sxxx.o
 .debug_info    0x000000000000b59f      0xb61 ./firmware/CMSIS/system_m2sxxx.o

.debug_abbrev   0x0000000000000000     0x1ceb
 *(.debug_abbrev)
 .debug_abbrev  0x0000000000000000      0x100 ./src/ARP_protocol.o
 .debug_abbrev  0x0000000000000100      0x23f ./src/FFT_apb.o
 .debug_abbrev  0x000000000000033f      0x23f ./src/GMII_Filter_Trap.o
 .debug_abbrev  0x000000000000057e      0x137 ./src/VSC8541_01_phy.o
 .debug_abbrev  0x00000000000006b5      0x3f1 ./src/main.o
 .debug_abbrev  0x0000000000000aa6       0x14 ./firmware/hal/CortexM3/GNU/hw_reg_access.o
 .debug_abbrev  0x0000000000000aba      0x356 ./firmware/drivers/mss_uart/mss_uart.o
 .debug_abbrev  0x0000000000000e10      0x224 ./firmware/drivers/mss_sys_services/mss_comblk.o
 .debug_abbrev  0x0000000000001034      0x2a3 ./firmware/drivers/mss_hpdma/mss_hpdma.o
 .debug_abbrev  0x00000000000012d7      0x1e3 ./firmware/drivers/mss_gpio/mss_gpio.o
 .debug_abbrev  0x00000000000014ba      0x338 ./firmware/drivers/mss_ethernet_mac/mss_ethernet_mac.o
 .debug_abbrev  0x00000000000017f2      0x333 ./firmware/CMSIS/startup_gcc/newlib_stubs.o
 .debug_abbrev  0x0000000000001b25       0x14 ./firmware/CMSIS/startup_gcc/startup_m2sxxx.o
 .debug_abbrev  0x0000000000001b39      0x1b2 ./firmware/CMSIS/system_m2sxxx.o

.debug_line     0x0000000000000000     0x6108
 *(.debug_line)
 .debug_line    0x0000000000000000      0x3f5 ./src/ARP_protocol.o
 .debug_line    0x00000000000003f5      0x4ad ./src/FFT_apb.o
 .debug_line    0x00000000000008a2      0x3e6 ./src/GMII_Filter_Trap.o
 .debug_line    0x0000000000000c88      0x49c ./src/VSC8541_01_phy.o
 .debug_line    0x0000000000001124      0xd1a ./src/main.o
 .debug_line    0x0000000000001e3e       0x94 ./firmware/hal/CortexM3/GNU/hw_reg_access.o
 .debug_line    0x0000000000001ed2     0x159d ./firmware/drivers/mss_uart/mss_uart.o
 .debug_line    0x000000000000346f      0x89e ./firmware/drivers/mss_sys_services/mss_comblk.o
 .debug_line    0x0000000000003d0d      0x657 ./firmware/drivers/mss_hpdma/mss_hpdma.o
 .debug_line    0x0000000000004364      0x53c ./firmware/drivers/mss_gpio/mss_gpio.o
 .debug_line    0x00000000000048a0      0xd62 ./firmware/drivers/mss_ethernet_mac/mss_ethernet_mac.o
 .debug_line    0x0000000000005602      0x54d ./firmware/CMSIS/startup_gcc/newlib_stubs.o
 .debug_line    0x0000000000005b4f      0x197 ./firmware/CMSIS/startup_gcc/startup_m2sxxx.o
 .debug_line    0x0000000000005ce6      0x422 ./firmware/CMSIS/system_m2sxxx.o

.debug_frame    0x0000000000000000     0x21c8
 *(.debug_frame)
 .debug_frame   0x0000000000000000      0x100 ./src/ARP_protocol.o
 .debug_frame   0x0000000000000100      0x1c4 ./src/FFT_apb.o
 .debug_frame   0x00000000000002c4       0xc8 ./src/GMII_Filter_Trap.o
 .debug_frame   0x000000000000038c       0xa0 ./src/VSC8541_01_phy.o
 .debug_frame   0x000000000000042c      0x3a4 ./src/main.o
 .debug_frame   0x00000000000007d0      0x820 ./firmware/drivers/mss_uart/mss_uart.o
 .debug_frame   0x0000000000000ff0      0x240 ./firmware/drivers/mss_sys_services/mss_comblk.o
 .debug_frame   0x0000000000001230      0x208 ./firmware/drivers/mss_hpdma/mss_hpdma.o
 .debug_frame   0x0000000000001438      0x198 ./firmware/drivers/mss_gpio/mss_gpio.o
 .debug_frame   0x00000000000015d0      0x408 ./firmware/drivers/mss_ethernet_mac/mss_ethernet_mac.o
 .debug_frame   0x00000000000019d8      0x2a8 ./firmware/CMSIS/startup_gcc/newlib_stubs.o
 .debug_frame   0x0000000000001c80      0x10c ./firmware/CMSIS/system_m2sxxx.o
 .debug_frame   0x0000000000001d8c       0x2c c:/microsemi/softconsole_v6.2/arm-none-eabi-gcc/bin/../lib/gcc/arm-none-eabi/8.2.1/../../../../arm-none-eabi/lib/thumb/v7-m/nofp\libg_nano.a(lib_a-init.o)
 .debug_frame   0x0000000000001db8       0x28 c:/microsemi/softconsole_v6.2/arm-none-eabi-gcc/bin/../lib/gcc/arm-none-eabi/8.2.1/../../../../arm-none-eabi/lib/thumb/v7-m/nofp\libg_nano.a(lib_a-memcpy-stub.o)
 .debug_frame   0x0000000000001de0       0x7c c:/microsemi/softconsole_v6.2/arm-none-eabi-gcc/bin/../lib/gcc/arm-none-eabi/8.2.1/../../../../arm-none-eabi/lib/thumb/v7-m/nofp\libg_nano.a(lib_a-snprintf.o)
 .debug_frame   0x0000000000001e5c       0x90 c:/microsemi/softconsole_v6.2/arm-none-eabi-gcc/bin/../lib/gcc/arm-none-eabi/8.2.1/../../../../arm-none-eabi/lib/thumb/v7-m/nofp\libg_nano.a(lib_a-nano-svfprintf.o)
 .debug_frame   0x0000000000001eec       0x60 c:/microsemi/softconsole_v6.2/arm-none-eabi-gcc/bin/../lib/gcc/arm-none-eabi/8.2.1/../../../../arm-none-eabi/lib/thumb/v7-m/nofp\libg_nano.a(lib_a-nano-vfprintf_i.o)
 .debug_frame   0x0000000000001f4c       0x28 c:/microsemi/softconsole_v6.2/arm-none-eabi-gcc/bin/../lib/gcc/arm-none-eabi/8.2.1/../../../../arm-none-eabi/lib/thumb/v7-m/nofp\libg_nano.a(lib_a-memchr-stub.o)
 .debug_frame   0x0000000000001f74       0x28 c:/microsemi/softconsole_v6.2/arm-none-eabi-gcc/bin/../lib/gcc/arm-none-eabi/8.2.1/../../../../arm-none-eabi/lib/thumb/v7-m/nofp\libg_nano.a(lib_a-memmove.o)
 .debug_frame   0x0000000000001f9c       0x38 c:/microsemi/softconsole_v6.2/arm-none-eabi-gcc/bin/../lib/gcc/arm-none-eabi/8.2.1/../../../../arm-none-eabi/lib/thumb/v7-m/nofp\libg_nano.a(lib_a-nano-freer.o)
 .debug_frame   0x0000000000001fd4       0x30 c:/microsemi/softconsole_v6.2/arm-none-eabi-gcc/bin/../lib/gcc/arm-none-eabi/8.2.1/../../../../arm-none-eabi/lib/thumb/v7-m/nofp\libg_nano.a(lib_a-nano-mallocr.o)
 .debug_frame   0x0000000000002004       0x3c c:/microsemi/softconsole_v6.2/arm-none-eabi-gcc/bin/../lib/gcc/arm-none-eabi/8.2.1/../../../../arm-none-eabi/lib/thumb/v7-m/nofp\libg_nano.a(lib_a-nano-reallocr.o)
 .debug_frame   0x0000000000002040       0x2c c:/microsemi/softconsole_v6.2/arm-none-eabi-gcc/bin/../lib/gcc/arm-none-eabi/8.2.1/../../../../arm-none-eabi/lib/thumb/v7-m/nofp\libg_nano.a(lib_a-sbrkr.o)
 .debug_frame   0x000000000000206c       0x30 c:/microsemi/softconsole_v6.2/arm-none-eabi-gcc/bin/../lib/gcc/arm-none-eabi/8.2.1/../../../../arm-none-eabi/lib/thumb/v7-m/nofp\libg_nano.a(lib_a-mlock.o)
 .debug_frame   0x000000000000209c       0x20 c:/microsemi/softconsole_v6.2/arm-none-eabi-gcc/bin/../lib/gcc/arm-none-eabi/8.2.1/../../../../arm-none-eabi/lib/thumb/v7-m/nofp\libg_nano.a(lib_a-nano-msizer.o)
 .debug_frame   0x00000000000020bc       0x5c c:/microsemi/softconsole_v6.2/arm-none-eabi-gcc/bin/../lib/gcc/arm-none-eabi/8.2.1/../../../../arm-none-eabi/lib/thumb/v7-m/nofp\libg_nano.a(lib_a-reent.o)
 .debug_frame   0x0000000000002118       0xb0 c:/microsemi/softconsole_v6.2/arm-none-eabi-gcc/bin/../lib/gcc/arm-none-eabi/8.2.1/../../../../arm-none-eabi/lib/thumb/v7-m/nofp\libg_nano.a(lib_a-lock.o)

.debug_str      0x0000000000000000    0x18e97
 *(.debug_str)
 .debug_str     0x0000000000000000     0x3c63 ./src/ARP_protocol.o
                                       0x3dcb (size before relaxing)
 .debug_str     0x0000000000003c63     0x39f8 ./src/FFT_apb.o
                                       0x7766 (size before relaxing)
 .debug_str     0x000000000000765b      0x1d2 ./src/GMII_Filter_Trap.o
                                       0x76b4 (size before relaxing)
 .debug_str     0x000000000000782d     0x915b ./src/VSC8541_01_phy.o
                                       0xd224 (size before relaxing)
 .debug_str     0x0000000000010988     0x2fb6 ./src/main.o
                                      0x116d5 (size before relaxing)
 .debug_str     0x000000000001393e       0x3c ./firmware/hal/CortexM3/GNU/hw_reg_access.o
                                         0x7a (size before relaxing)
 .debug_str     0x000000000001397a     0x14a3 ./firmware/drivers/mss_uart/mss_uart.o
                                       0xbdda (size before relaxing)
 .debug_str     0x0000000000014e1d      0x4e9 ./firmware/drivers/mss_sys_services/mss_comblk.o
                                       0xa1b2 (size before relaxing)
 .debug_str     0x0000000000015306      0x77e ./firmware/drivers/mss_hpdma/mss_hpdma.o
                                       0xaacc (size before relaxing)
 .debug_str     0x0000000000015a84      0x1d3 ./firmware/drivers/mss_gpio/mss_gpio.o
                                       0xad20 (size before relaxing)
 .debug_str     0x0000000000015c57      0xefa ./firmware/drivers/mss_ethernet_mac/mss_ethernet_mac.o
                                       0xe420 (size before relaxing)
 .debug_str     0x0000000000016b51     0x1b77 ./firmware/CMSIS/startup_gcc/newlib_stubs.o
                                       0x8a1b (size before relaxing)
 .debug_str     0x00000000000186c8       0x2f ./firmware/CMSIS/startup_gcc/startup_m2sxxx.o
                                         0x7c (size before relaxing)
 .debug_str     0x00000000000186f7      0x7a0 ./firmware/CMSIS/system_m2sxxx.o
                                       0xa1a2 (size before relaxing)

.debug_loc
 *(.debug_loc)

.debug_macinfo
 *(.debug_macinfo)

.debug_weaknames
 *(.debug_weaknames)

.debug_funcnames
 *(.debug_funcnames)

.debug_typenames
 *(.debug_typenames)

.debug_varnames
 *(.debug_varnames)

.note.gnu.arm.ident
 *(.note.gnu.arm.ident)

.ARM.attributes
                0x0000000000000000       0x29
 *(.ARM.attributes)
 .ARM.attributes
                0x0000000000000000       0x1d c:/microsemi/softconsole_v6.2/arm-none-eabi-gcc/bin/../lib/gcc/arm-none-eabi/8.2.1/thumb/v7-m/nofp/crti.o
 .ARM.attributes
                0x000000000000001d       0x2d c:/microsemi/softconsole_v6.2/arm-none-eabi-gcc/bin/../lib/gcc/arm-none-eabi/8.2.1/thumb/v7-m/nofp/crtbegin.o
 .ARM.attributes
                0x000000000000004a       0x1b c:/microsemi/softconsole_v6.2/arm-none-eabi-gcc/bin/../lib/gcc/arm-none-eabi/8.2.1/../../../../arm-none-eabi/lib/thumb/v7-m/nofp/crt0.o
 .ARM.attributes
                0x0000000000000065       0x2d ./src/ARP_protocol.o
 .ARM.attributes
                0x0000000000000092       0x2d ./src/FFT_apb.o
 .ARM.attributes
                0x00000000000000bf       0x2d ./src/GMII_Filter_Trap.o
 .ARM.attributes
                0x00000000000000ec       0x2d ./src/ICMP_protocol.o
 .ARM.attributes
                0x0000000000000119       0x2d ./src/MAC_Filter.o
 .ARM.attributes
                0x0000000000000146       0x2d ./src/VSC8541_01_phy.o
 .ARM.attributes
                0x0000000000000173       0x2d ./src/main.o
 .ARM.attributes
                0x00000000000001a0       0x1b ./firmware/hal/CortexM3/GNU/hal.o
 .ARM.attributes
                0x00000000000001bb       0x1b ./firmware/hal/CortexM3/GNU/hw_reg_access.o
 .ARM.attributes
                0x00000000000001d6       0x2d ./firmware/hal/CortexM3/cortex_nvic.o
 .ARM.attributes
                0x0000000000000203       0x33 ./firmware/drivers_config/sys_config/sys_config.o
 .ARM.attributes
                0x0000000000000236       0x2d ./firmware/drivers/mss_uart/mss_uart.o
 .ARM.attributes
                0x0000000000000263       0x2d ./firmware/drivers/mss_sys_services/mss_comblk.o
 .ARM.attributes
                0x0000000000000290       0x2d ./firmware/drivers/mss_sys_services/mss_sys_services.o
 .ARM.attributes
                0x00000000000002bd       0x2d ./firmware/drivers/mss_nvm/mss_nvm.o
 .ARM.attributes
                0x00000000000002ea       0x2d ./firmware/drivers/mss_hpdma/mss_hpdma.o
 .ARM.attributes
                0x0000000000000317       0x2d ./firmware/drivers/mss_gpio/mss_gpio.o
 .ARM.attributes
                0x0000000000000344       0x2d ./firmware/drivers/mss_ethernet_mac/mss_ethernet_mac.o
 .ARM.attributes
                0x0000000000000371       0x2d ./firmware/CMSIS/startup_gcc/newlib_stubs.o
 .ARM.attributes
                0x000000000000039e       0x21 ./firmware/CMSIS/startup_gcc/startup_m2sxxx.o
 .ARM.attributes
                0x00000000000003bf       0x2d ./firmware/CMSIS/system_m2sxxx.o
 .ARM.attributes
                0x00000000000003ec       0x2d c:/microsemi/softconsole_v6.2/arm-none-eabi-gcc/bin/../lib/gcc/arm-none-eabi/8.2.1/../../../../arm-none-eabi/lib/thumb/v7-m/nofp\libg_nano.a(lib_a-errno.o)
 .ARM.attributes
                0x0000000000000419       0x2d c:/microsemi/softconsole_v6.2/arm-none-eabi-gcc/bin/../lib/gcc/arm-none-eabi/8.2.1/../../../../arm-none-eabi/lib/thumb/v7-m/nofp\libg_nano.a(lib_a-exit.o)
 .ARM.attributes
                0x0000000000000446       0x2d c:/microsemi/softconsole_v6.2/arm-none-eabi-gcc/bin/../lib/gcc/arm-none-eabi/8.2.1/../../../../arm-none-eabi/lib/thumb/v7-m/nofp\libg_nano.a(lib_a-impure.o)
 .ARM.attributes
                0x0000000000000473       0x2d c:/microsemi/softconsole_v6.2/arm-none-eabi-gcc/bin/../lib/gcc/arm-none-eabi/8.2.1/../../../../arm-none-eabi/lib/thumb/v7-m/nofp\libg_nano.a(lib_a-init.o)
 .ARM.attributes
                0x00000000000004a0       0x2d c:/microsemi/softconsole_v6.2/arm-none-eabi-gcc/bin/../lib/gcc/arm-none-eabi/8.2.1/../../../../arm-none-eabi/lib/thumb/v7-m/nofp\libg_nano.a(lib_a-memcpy-stub.o)
 .ARM.attributes
                0x00000000000004cd       0x2d c:/microsemi/softconsole_v6.2/arm-none-eabi-gcc/bin/../lib/gcc/arm-none-eabi/8.2.1/../../../../arm-none-eabi/lib/thumb/v7-m/nofp\libg_nano.a(lib_a-memset.o)
 .ARM.attributes
                0x00000000000004fa       0x2d c:/microsemi/softconsole_v6.2/arm-none-eabi-gcc/bin/../lib/gcc/arm-none-eabi/8.2.1/../../../../arm-none-eabi/lib/thumb/v7-m/nofp\libg_nano.a(lib_a-snprintf.o)
 .ARM.attributes
                0x0000000000000527       0x2d c:/microsemi/softconsole_v6.2/arm-none-eabi-gcc/bin/../lib/gcc/arm-none-eabi/8.2.1/../../../../arm-none-eabi/lib/thumb/v7-m/nofp\libg_nano.a(lib_a-nano-svfprintf.o)
 .ARM.attributes
                0x0000000000000554       0x2d c:/microsemi/softconsole_v6.2/arm-none-eabi-gcc/bin/../lib/gcc/arm-none-eabi/8.2.1/../../../../arm-none-eabi/lib/thumb/v7-m/nofp\libg_nano.a(lib_a-nano-vfprintf_i.o)
 .ARM.attributes
                0x0000000000000581       0x2d c:/microsemi/softconsole_v6.2/arm-none-eabi-gcc/bin/../lib/gcc/arm-none-eabi/8.2.1/../../../../arm-none-eabi/lib/thumb/v7-m/nofp\libg_nano.a(lib_a-memchr-stub.o)
 .ARM.attributes
                0x00000000000005ae       0x2d c:/microsemi/softconsole_v6.2/arm-none-eabi-gcc/bin/../lib/gcc/arm-none-eabi/8.2.1/../../../../arm-none-eabi/lib/thumb/v7-m/nofp\libg_nano.a(lib_a-memmove.o)
 .ARM.attributes
                0x00000000000005db       0x2d c:/microsemi/softconsole_v6.2/arm-none-eabi-gcc/bin/../lib/gcc/arm-none-eabi/8.2.1/../../../../arm-none-eabi/lib/thumb/v7-m/nofp\libg_nano.a(lib_a-nano-freer.o)
 .ARM.attributes
                0x0000000000000608       0x2d c:/microsemi/softconsole_v6.2/arm-none-eabi-gcc/bin/../lib/gcc/arm-none-eabi/8.2.1/../../../../arm-none-eabi/lib/thumb/v7-m/nofp\libg_nano.a(lib_a-nano-mallocr.o)
 .ARM.attributes
                0x0000000000000635       0x2d c:/microsemi/softconsole_v6.2/arm-none-eabi-gcc/bin/../lib/gcc/arm-none-eabi/8.2.1/../../../../arm-none-eabi/lib/thumb/v7-m/nofp\libg_nano.a(lib_a-nano-reallocr.o)
 .ARM.attributes
                0x0000000000000662       0x2d c:/microsemi/softconsole_v6.2/arm-none-eabi-gcc/bin/../lib/gcc/arm-none-eabi/8.2.1/../../../../arm-none-eabi/lib/thumb/v7-m/nofp\libg_nano.a(lib_a-sbrkr.o)
 .ARM.attributes
                0x000000000000068f       0x2d c:/microsemi/softconsole_v6.2/arm-none-eabi-gcc/bin/../lib/gcc/arm-none-eabi/8.2.1/../../../../arm-none-eabi/lib/thumb/v7-m/nofp\libg_nano.a(lib_a-mlock.o)
 .ARM.attributes
                0x00000000000006bc       0x2d c:/microsemi/softconsole_v6.2/arm-none-eabi-gcc/bin/../lib/gcc/arm-none-eabi/8.2.1/../../../../arm-none-eabi/lib/thumb/v7-m/nofp\libg_nano.a(lib_a-nano-msizer.o)
 .ARM.attributes
                0x00000000000006e9       0x2d c:/microsemi/softconsole_v6.2/arm-none-eabi-gcc/bin/../lib/gcc/arm-none-eabi/8.2.1/../../../../arm-none-eabi/lib/thumb/v7-m/nofp\libg_nano.a(lib_a-reent.o)
 .ARM.attributes
                0x0000000000000716       0x2d c:/microsemi/softconsole_v6.2/arm-none-eabi-gcc/bin/../lib/gcc/arm-none-eabi/8.2.1/../../../../arm-none-eabi/lib/thumb/v7-m/nofp\libg_nano.a(lib_a-lock.o)
 .ARM.attributes
                0x0000000000000743       0x2d c:/microsemi/softconsole_v6.2/arm-none-eabi-gcc/bin/../lib/gcc/arm-none-eabi/8.2.1/thumb/v7-m/nofp/crtend.o
 .ARM.attributes
                0x0000000000000770       0x1d c:/microsemi/softconsole_v6.2/arm-none-eabi-gcc/bin/../lib/gcc/arm-none-eabi/8.2.1/thumb/v7-m/nofp/crtn.o

/DISCARD/
 *(.note.GNU-stack)
 *(.isr_vector)
OUTPUT(FFT_Accelerator.elf elf32-littlearm)

.debug_ranges   0x0000000000000000      0x710
 .debug_ranges  0x0000000000000000       0x38 ./src/ARP_protocol.o
 .debug_ranges  0x0000000000000038       0x68 ./src/FFT_apb.o
 .debug_ranges  0x00000000000000a0       0x30 ./src/GMII_Filter_Trap.o
 .debug_ranges  0x00000000000000d0       0x28 ./src/VSC8541_01_phy.o
 .debug_ranges  0x00000000000000f8       0xd8 ./src/main.o
 .debug_ranges  0x00000000000001d0      0x1d8 ./firmware/drivers/mss_uart/mss_uart.o
 .debug_ranges  0x00000000000003a8       0xd0 ./firmware/drivers/mss_sys_services/mss_comblk.o
 .debug_ranges  0x0000000000000478       0x70 ./firmware/drivers/mss_hpdma/mss_hpdma.o
 .debug_ranges  0x00000000000004e8       0x58 ./firmware/drivers/mss_gpio/mss_gpio.o
 .debug_ranges  0x0000000000000540       0xe0 ./firmware/drivers/mss_ethernet_mac/mss_ethernet_mac.o
 .debug_ranges  0x0000000000000620       0x98 ./firmware/CMSIS/startup_gcc/newlib_stubs.o
 .debug_ranges  0x00000000000006b8       0x58 ./firmware/CMSIS/system_m2sxxx.o

.debug_macro    0x0000000000000000     0x6234
 .debug_macro   0x0000000000000000       0x76 ./src/ARP_protocol.o
 .debug_macro   0x0000000000000076      0xa78 ./src/ARP_protocol.o
 .debug_macro   0x0000000000000aee       0x22 ./src/ARP_protocol.o
 .debug_macro   0x0000000000000b10       0x8e ./src/ARP_protocol.o
 .debug_macro   0x0000000000000b9e       0x51 ./src/ARP_protocol.o
 .debug_macro   0x0000000000000bef       0xef ./src/ARP_protocol.o
 .debug_macro   0x0000000000000cde       0x6a ./src/ARP_protocol.o
 .debug_macro   0x0000000000000d48      0x1df ./src/ARP_protocol.o
 .debug_macro   0x0000000000000f27       0x28 ./src/ARP_protocol.o
 .debug_macro   0x0000000000000f4f      0x17a ./src/FFT_apb.o
 .debug_macro   0x00000000000010c9       0x18 ./src/FFT_apb.o
 .debug_macro   0x00000000000010e1       0x5e ./src/FFT_apb.o
 .debug_macro   0x000000000000113f       0x94 ./src/FFT_apb.o
 .debug_macro   0x00000000000011d3       0x35 ./src/FFT_apb.o
 .debug_macro   0x0000000000001208       0x34 ./src/FFT_apb.o
 .debug_macro   0x000000000000123c       0x16 ./src/FFT_apb.o
 .debug_macro   0x0000000000001252      0x10e ./src/FFT_apb.o
 .debug_macro   0x0000000000001360       0x8d ./src/FFT_apb.o
 .debug_macro   0x00000000000013ed       0x57 ./src/FFT_apb.o
 .debug_macro   0x0000000000001444       0x58 ./src/FFT_apb.o
 .debug_macro   0x000000000000149c       0x1f ./src/FFT_apb.o
 .debug_macro   0x00000000000014bb       0x43 ./src/FFT_apb.o
 .debug_macro   0x00000000000014fe       0x20 ./src/FFT_apb.o
 .debug_macro   0x000000000000151e      0x18e ./src/FFT_apb.o
 .debug_macro   0x00000000000016ac      0x339 ./src/FFT_apb.o
 .debug_macro   0x00000000000019e5       0x16 ./src/FFT_apb.o
 .debug_macro   0x00000000000019fb       0x29 ./src/FFT_apb.o
 .debug_macro   0x0000000000001a24       0xa6 ./src/FFT_apb.o
 .debug_macro   0x0000000000001aca       0x64 ./src/FFT_apb.o
 .debug_macro   0x0000000000001b2e       0x1c ./src/FFT_apb.o
 .debug_macro   0x0000000000001b4a      0x17a ./src/GMII_Filter_Trap.o
 .debug_macro   0x0000000000001cc4       0x7c ./src/GMII_Filter_Trap.o
 .debug_macro   0x0000000000001d40      0x12a ./src/VSC8541_01_phy.o
 .debug_macro   0x0000000000001e6a      0x3b8 ./src/VSC8541_01_phy.o
 .debug_macro   0x0000000000002222      0x28f ./src/VSC8541_01_phy.o
 .debug_macro   0x00000000000024b1       0x26 ./src/VSC8541_01_phy.o
 .debug_macro   0x00000000000024d7       0x3a ./src/VSC8541_01_phy.o
 .debug_macro   0x0000000000002511       0x34 ./src/VSC8541_01_phy.o
 .debug_macro   0x0000000000002545      0xca6 ./src/VSC8541_01_phy.o
 .debug_macro   0x00000000000031eb      0x265 ./src/VSC8541_01_phy.o
 .debug_macro   0x0000000000003450      0x360 ./src/VSC8541_01_phy.o
 .debug_macro   0x00000000000037b0      0x287 ./src/VSC8541_01_phy.o
 .debug_macro   0x0000000000003a37      0x305 ./src/main.o
 .debug_macro   0x0000000000003d3c       0x16 ./src/main.o
 .debug_macro   0x0000000000003d52       0x97 ./src/main.o
 .debug_macro   0x0000000000003de9       0xfd ./src/main.o
 .debug_macro   0x0000000000003ee6       0x10 ./src/main.o
 .debug_macro   0x0000000000003ef6       0x10 ./src/main.o
 .debug_macro   0x0000000000003f06       0x1c ./src/main.o
 .debug_macro   0x0000000000003f22       0x52 ./src/main.o
 .debug_macro   0x0000000000003f74       0x40 ./src/main.o
 .debug_macro   0x0000000000003fb4       0x10 ./src/main.o
 .debug_macro   0x0000000000003fc4       0x40 ./src/main.o
 .debug_macro   0x0000000000004004       0xd7 ./src/main.o
 .debug_macro   0x00000000000040db       0x1c ./src/main.o
 .debug_macro   0x00000000000040f7       0x3d ./src/main.o
 .debug_macro   0x0000000000004134       0x16 ./src/main.o
 .debug_macro   0x000000000000414a      0x16f ./src/main.o
 .debug_macro   0x00000000000042b9       0x34 ./src/main.o
 .debug_macro   0x00000000000042ed      0x177 ./src/main.o
 .debug_macro   0x0000000000004464      0x11c ./src/main.o
 .debug_macro   0x0000000000004580      0x288 ./src/main.o
 .debug_macro   0x0000000000004808      0x3be ./src/main.o
 .debug_macro   0x0000000000004bc6       0x35 ./src/main.o
 .debug_macro   0x0000000000004bfb       0x16 ./src/main.o
 .debug_macro   0x0000000000004c11      0x185 ./firmware/drivers/mss_uart/mss_uart.o
 .debug_macro   0x0000000000004d96      0x174 ./firmware/drivers/mss_uart/mss_uart.o
 .debug_macro   0x0000000000004f0a       0xe2 ./firmware/drivers/mss_uart/mss_uart.o
 .debug_macro   0x0000000000004fec       0x22 ./firmware/drivers/mss_uart/mss_uart.o
 .debug_macro   0x000000000000500e      0x168 ./firmware/drivers/mss_sys_services/mss_comblk.o
 .debug_macro   0x0000000000005176      0x151 ./firmware/drivers/mss_hpdma/mss_hpdma.o
 .debug_macro   0x00000000000052c7       0x10 ./firmware/drivers/mss_hpdma/mss_hpdma.o
 .debug_macro   0x00000000000052d7      0x10f ./firmware/drivers/mss_gpio/mss_gpio.o
 .debug_macro   0x00000000000053e6      0x1ab ./firmware/drivers/mss_ethernet_mac/mss_ethernet_mac.o
 .debug_macro   0x0000000000005591       0x28 ./firmware/drivers/mss_ethernet_mac/mss_ethernet_mac.o
 .debug_macro   0x00000000000055b9      0x1fa ./firmware/CMSIS/startup_gcc/newlib_stubs.o
 .debug_macro   0x00000000000057b3       0x16 ./firmware/CMSIS/startup_gcc/newlib_stubs.o
 .debug_macro   0x00000000000057c9      0x51a ./firmware/CMSIS/startup_gcc/newlib_stubs.o
 .debug_macro   0x0000000000005ce3       0x16 ./firmware/CMSIS/startup_gcc/newlib_stubs.o
 .debug_macro   0x0000000000005cf9       0x10 ./firmware/CMSIS/startup_gcc/newlib_stubs.o
 .debug_macro   0x0000000000005d09       0x10 ./firmware/CMSIS/startup_gcc/newlib_stubs.o
 .debug_macro   0x0000000000005d19       0x35 ./firmware/CMSIS/startup_gcc/newlib_stubs.o
 .debug_macro   0x0000000000005d4e      0x122 ./firmware/CMSIS/startup_gcc/newlib_stubs.o
 .debug_macro   0x0000000000005e70       0x10 ./firmware/CMSIS/startup_gcc/newlib_stubs.o
 .debug_macro   0x0000000000005e80      0x241 ./firmware/CMSIS/startup_gcc/newlib_stubs.o
 .debug_macro   0x00000000000060c1      0x173 ./firmware/CMSIS/system_m2sxxx.o

.comment        0x0000000000000000       0x68
 .comment       0x0000000000000000       0x68 ./src/ARP_protocol.o
                                         0x69 (size before relaxing)
 .comment       0x0000000000000068       0x69 ./src/FFT_apb.o
 .comment       0x0000000000000068       0x69 ./src/GMII_Filter_Trap.o
 .comment       0x0000000000000068       0x69 ./src/VSC8541_01_phy.o
 .comment       0x0000000000000068       0x69 ./src/main.o
 .comment       0x0000000000000068       0x69 ./firmware/drivers/mss_uart/mss_uart.o
 .comment       0x0000000000000068       0x69 ./firmware/drivers/mss_sys_services/mss_comblk.o
 .comment       0x0000000000000068       0x69 ./firmware/drivers/mss_hpdma/mss_hpdma.o
 .comment       0x0000000000000068       0x69 ./firmware/drivers/mss_gpio/mss_gpio.o
 .comment       0x0000000000000068       0x69 ./firmware/drivers/mss_ethernet_mac/mss_ethernet_mac.o
 .comment       0x0000000000000068       0x69 ./firmware/CMSIS/startup_gcc/newlib_stubs.o
 .comment       0x0000000000000068       0x69 ./firmware/CMSIS/system_m2sxxx.o
