Archive member included to satisfy reference by file (symbol)

c:/microsemi/softconsole_v6.2/arm-none-eabi-gcc/bin/../lib/gcc/arm-none-eabi/8.2.1/../../../../arm-none-eabi/lib/thumb/v7-m/nofp\libg_nano.a(lib_a-errno.o)
                              ./firmware/CMSIS/startup_gcc/newlib_stubs.o (__errno)
c:/microsemi/softconsole_v6.2/arm-none-eabi-gcc/bin/../lib/gcc/arm-none-eabi/8.2.1/../../../../arm-none-eabi/lib/thumb/v7-m/nofp\libg_nano.a(lib_a-exit.o)
                              c:/microsemi/softconsole_v6.2/arm-none-eabi-gcc/bin/../lib/gcc/arm-none-eabi/8.2.1/../../../../arm-none-eabi/lib/thumb/v7-m/nofp/crt0.o (exit)
c:/microsemi/softconsole_v6.2/arm-none-eabi-gcc/bin/../lib/gcc/arm-none-eabi/8.2.1/../../../../arm-none-eabi/lib/thumb/v7-m/nofp\libg_nano.a(lib_a-impure.o)
                              c:/microsemi/softconsole_v6.2/arm-none-eabi-gcc/bin/../lib/gcc/arm-none-eabi/8.2.1/../../../../arm-none-eabi/lib/thumb/v7-m/nofp\libg_nano.a(lib_a-exit.o) (_global_impure_ptr)
c:/microsemi/softconsole_v6.2/arm-none-eabi-gcc/bin/../lib/gcc/arm-none-eabi/8.2.1/../../../../arm-none-eabi/lib/thumb/v7-m/nofp\libg_nano.a(lib_a-init.o)
                              c:/microsemi/softconsole_v6.2/arm-none-eabi-gcc/bin/../lib/gcc/arm-none-eabi/8.2.1/../../../../arm-none-eabi/lib/thumb/v7-m/nofp/crt0.o (__libc_init_array)
c:/microsemi/softconsole_v6.2/arm-none-eabi-gcc/bin/../lib/gcc/arm-none-eabi/8.2.1/../../../../arm-none-eabi/lib/thumb/v7-m/nofp\libg_nano.a(lib_a-memcpy-stub.o)
                              ./firmware/drivers/mss_sys_services/mss_sys_services.o (memcpy)
c:/microsemi/softconsole_v6.2/arm-none-eabi-gcc/bin/../lib/gcc/arm-none-eabi/8.2.1/../../../../arm-none-eabi/lib/thumb/v7-m/nofp\libg_nano.a(lib_a-memset.o)
                              c:/microsemi/softconsole_v6.2/arm-none-eabi-gcc/bin/../lib/gcc/arm-none-eabi/8.2.1/../../../../arm-none-eabi/lib/thumb/v7-m/nofp/crt0.o (memset)
c:/microsemi/softconsole_v6.2/arm-none-eabi-gcc/bin/../lib/gcc/arm-none-eabi/8.2.1/../../../../arm-none-eabi/lib/thumb/v7-m/nofp\libg_nano.a(lib_a-snprintf.o)
                              ./src/main.o (snprintf)
c:/microsemi/softconsole_v6.2/arm-none-eabi-gcc/bin/../lib/gcc/arm-none-eabi/8.2.1/../../../../arm-none-eabi/lib/thumb/v7-m/nofp\libg_nano.a(lib_a-nano-svfprintf.o)
                              c:/microsemi/softconsole_v6.2/arm-none-eabi-gcc/bin/../lib/gcc/arm-none-eabi/8.2.1/../../../../arm-none-eabi/lib/thumb/v7-m/nofp\libg_nano.a(lib_a-snprintf.o) (_svfprintf_r)
c:/microsemi/softconsole_v6.2/arm-none-eabi-gcc/bin/../lib/gcc/arm-none-eabi/8.2.1/../../../../arm-none-eabi/lib/thumb/v7-m/nofp\libg_nano.a(lib_a-nano-vfprintf_i.o)
                              c:/microsemi/softconsole_v6.2/arm-none-eabi-gcc/bin/../lib/gcc/arm-none-eabi/8.2.1/../../../../arm-none-eabi/lib/thumb/v7-m/nofp\libg_nano.a(lib_a-nano-svfprintf.o) (_printf_i)
c:/microsemi/softconsole_v6.2/arm-none-eabi-gcc/bin/../lib/gcc/arm-none-eabi/8.2.1/../../../../arm-none-eabi/lib/thumb/v7-m/nofp\libg_nano.a(lib_a-memchr-stub.o)
                              c:/microsemi/softconsole_v6.2/arm-none-eabi-gcc/bin/../lib/gcc/arm-none-eabi/8.2.1/../../../../arm-none-eabi/lib/thumb/v7-m/nofp\libg_nano.a(lib_a-nano-svfprintf.o) (memchr)
c:/microsemi/softconsole_v6.2/arm-none-eabi-gcc/bin/../lib/gcc/arm-none-eabi/8.2.1/../../../../arm-none-eabi/lib/thumb/v7-m/nofp\libg_nano.a(lib_a-memmove.o)
                              c:/microsemi/softconsole_v6.2/arm-none-eabi-gcc/bin/../lib/gcc/arm-none-eabi/8.2.1/../../../../arm-none-eabi/lib/thumb/v7-m/nofp\libg_nano.a(lib_a-nano-svfprintf.o) (memmove)
c:/microsemi/softconsole_v6.2/arm-none-eabi-gcc/bin/../lib/gcc/arm-none-eabi/8.2.1/../../../../arm-none-eabi/lib/thumb/v7-m/nofp\libg_nano.a(lib_a-nano-freer.o)
                              c:/microsemi/softconsole_v6.2/arm-none-eabi-gcc/bin/../lib/gcc/arm-none-eabi/8.2.1/../../../../arm-none-eabi/lib/thumb/v7-m/nofp\libg_nano.a(lib_a-nano-svfprintf.o) (_free_r)
c:/microsemi/softconsole_v6.2/arm-none-eabi-gcc/bin/../lib/gcc/arm-none-eabi/8.2.1/../../../../arm-none-eabi/lib/thumb/v7-m/nofp\libg_nano.a(lib_a-nano-mallocr.o)
                              c:/microsemi/softconsole_v6.2/arm-none-eabi-gcc/bin/../lib/gcc/arm-none-eabi/8.2.1/../../../../arm-none-eabi/lib/thumb/v7-m/nofp\libg_nano.a(lib_a-nano-svfprintf.o) (_malloc_r)
c:/microsemi/softconsole_v6.2/arm-none-eabi-gcc/bin/../lib/gcc/arm-none-eabi/8.2.1/../../../../arm-none-eabi/lib/thumb/v7-m/nofp\libg_nano.a(lib_a-nano-reallocr.o)
                              c:/microsemi/softconsole_v6.2/arm-none-eabi-gcc/bin/../lib/gcc/arm-none-eabi/8.2.1/../../../../arm-none-eabi/lib/thumb/v7-m/nofp\libg_nano.a(lib_a-nano-svfprintf.o) (_realloc_r)
c:/microsemi/softconsole_v6.2/arm-none-eabi-gcc/bin/../lib/gcc/arm-none-eabi/8.2.1/../../../../arm-none-eabi/lib/thumb/v7-m/nofp\libg_nano.a(lib_a-sbrkr.o)
[...]
Memory Configuration

Name             Origin             Length             Attributes
ram              0x0000000020000000 0x0000000000010000 xrw
*default*        0x0000000000000000 0xffffffffffffffff

Linker script and memory map

LOAD c:/microsemi/softconsole_v6.2/arm-none-eabi-gcc/bin/../lib/gcc/arm-none-eabi/8.2.1/thumb/v7-m/nofp/crti.o
LOAD c:/microsemi/softconsole_v6.2/arm-none-eabi-gcc/bin/../lib/gcc/arm-none-eabi/8.2.1/thumb/v7-m/nofp/crtbegin.o
LOAD c:/microsemi/softconsole_v6.2/arm-none-eabi-gcc/bin/../lib/gcc/arm-none-eabi/8.2.1/../../../../arm-none-eabi/lib/thumb/v7-m/nofp/crt0.o
LOAD ./src/VSC8541_01_phy.o
LOAD ./src/main.o
LOAD ./firmware/hal/CortexM3/GNU/hal.o
LOAD ./firmware/hal/CortexM3/GNU/hw_reg_access.o
LOAD ./firmware/hal/CortexM3/cortex_nvic.o
LOAD ./firmware/drivers_config/sys_config/sys_config.o
LOAD ./firmware/drivers/mss_uart/mss_uart.o
LOAD ./firmware/drivers/mss_sys_services/mss_comblk.o
LOAD ./firmware/drivers/mss_sys_services/mss_sys_services.o
LOAD ./firmware/drivers/mss_nvm/mss_nvm.o
LOAD ./firmware/drivers/mss_hpdma/mss_hpdma.o
LOAD ./firmware/drivers/mss_gpio/mss_gpio.o
LOAD ./firmware/drivers/mss_ethernet_mac/mss_ethernet_mac.o
LOAD ./firmware/CMSIS/startup_gcc/newlib_stubs.o
LOAD ./firmware/CMSIS/startup_gcc/startup_m2sxxx.o
LOAD ./firmware/CMSIS/system_m2sxxx.o
START GROUP
LOAD c:/microsemi/softconsole_v6.2/arm-none-eabi-gcc/bin/../lib/gcc/arm-none-eabi/8.2.1/thumb/v7-m/nofp\libgcc.a
LOAD c:/microsemi/softconsole_v6.2/arm-none-eabi-gcc/bin/../lib/gcc/arm-none-eabi/8.2.1/../../../../arm-none-eabi/lib/thumb/v7-m/nofp\libg_nano.a
LOAD c:/microsemi/softconsole_v6.2/arm-none-eabi-gcc/bin/../lib/gcc/arm-none-eabi/8.2.1/../../../../arm-none-eabi/lib/thumb/v7-m/nofp\libc_nano.a
END GROUP
START GROUP
LOAD c:/microsemi/softconsole_v6.2/arm-none-eabi-gcc/bin/../lib/gcc/arm-none-eabi/8.2.1/thumb/v7-m/nofp\libgcc.a
LOAD c:/microsemi/softconsole_v6.2/arm-none-eabi-gcc/bin/../lib/gcc/arm-none-eabi/8.2.1/../../../../arm-none-eabi/lib/thumb/v7-m/nofp\libc_nano.a
END GROUP
LOAD c:/microsemi/softconsole_v6.2/arm-none-eabi-gcc/bin/../lib/gcc/arm-none-eabi/8.2.1/thumb/v7-m/nofp/crtend.o
LOAD c:/microsemi/softconsole_v6.2/arm-none-eabi-gcc/bin/../lib/gcc/arm-none-eabi/8.2.1/thumb/v7-m/nofp/crtn.o
START GROUP
LOAD c:/microsemi/softconsole_v6.2/arm-none-eabi-gcc/bin/../lib/gcc/arm-none-eabi/8.2.1/../../../../arm-none-eabi/lib/thumb/v7-m/nofp\libc.a
LOAD c:/microsemi/softconsole_v6.2/arm-none-eabi-gcc/bin/../lib/gcc/arm-none-eabi/8.2.1/thumb/v7-m/nofp\libgcc.a
LOAD c:/microsemi/softconsole_v6.2/arm-none-eabi-gcc/bin/../lib/gcc/arm-none-eabi/8.2.1/../../../../arm-none-eabi/lib/thumb/v7-m/nofp\libm.a
END GROUP
                0x0000000000000000                __DYNAMIC = 0x0
                0x0000000020000000                RAM_START_ADDRESS = 0x20000000
                0x0000000000010000                RAM_SIZE = 0x10000
                0x0000000000001000                MAIN_STACK_SIZE = 0x1000
                0x0000000000001000                MIN_SIZE_HEAP = 0x1000
                0x0000000020010000                PROVIDE (__main_stack_start = (RAM_START_ADDRESS + RAM_SIZE))
                0x0000000020010000                PROVIDE (_estack = __main_stack_start)
                0x0000000000000000                PROVIDE (__mirrored_nvm = 0x0)
                0x0000000000000000                PROVIDE (__smartfusion2_memory_remap = 0x0)

.vector_table   0x0000000020000000      0x190
                0x0000000020000000                __vector_table_load = LOADADDR (.vector_table)
                0x0000000020000000                __vector_table_start = .
                0x0000000020000000                __vector_table_vma_base_address = .
 *(.isr_vector)
 .isr_vector    0x0000000020000000      0x190 ./firmware/CMSIS/startup_gcc/startup_m2sxxx.o
                0x0000000020000000                g_pfnVectors
                0x0000000020000190                . = ALIGN (0x10)
                0x0000000020000190                _evector_table = .

.boot_code      0x0000000020000190      0x320
 *(.boot_code)
 .boot_code     0x0000000020000190      0x31c ./firmware/CMSIS/startup_gcc/startup_m2sxxx.o
                0x0000000020000190                Reset_Handler
                0x000000002000037e                NMI_Handler
                0x0000000020000380                HardFault_Handler
                0x0000000020000382                MemManage_Handler
                0x0000000020000384                BusFault_Handler
                0x0000000020000386                UsageFault_Handler
                0x0000000020000388                SVC_Handler
                0x000000002000038a                DebugMon_Handler
                0x000000002000038c                PendSV_Handler
                0x000000002000038e                SysTick_Handler
                0x0000000020000390                WdogWakeup_IRQHandler
                0x0000000020000392                RTC_Wakeup_IRQHandler
                0x0000000020000394                SPI0_IRQHandler
                0x0000000020000396                SPI1_IRQHandler
                0x0000000020000398                I2C0_IRQHandler
                0x000000002000039a                I2C0_SMBAlert_IRQHandler
                0x000000002000039c                I2C0_SMBus_IRQHandler
                0x000000002000039e                I2C1_IRQHandler
                0x00000000200003a0                I2C1_SMBAlert_IRQHandler
                0x00000000200003a2                I2C1_SMBus_IRQHandler
                0x00000000200003aa                DMA_IRQHandler
                0x00000000200003ac                Timer1_IRQHandler
                0x00000000200003ae                Timer2_IRQHandler
                0x00000000200003b0                CAN_IRQHandler
                0x00000000200003b2                ENVM0_IRQHandler
                0x00000000200003b4                ENVM1_IRQHandler
                0x00000000200003b8                USB_IRQHandler
                0x00000000200003ba                USB_DMA_IRQHandler
                0x00000000200003bc                PLL_Lock_IRQHandler
                0x00000000200003be                PLL_LockLost_IRQHandler
                0x00000000200003c0                CommSwitchError_IRQHandler
                0x00000000200003c2                CacheError_IRQHandler
                0x00000000200003c4                DDR_IRQHandler
                0x00000000200003ca                ECC_Error_IRQHandler
                0x00000000200003cc                MDDR_IOCalib_IRQHandler
                0x00000000200003ce                FAB_PLL_Lock_IRQHandler
                0x00000000200003d0                FAB_PLL_LockLost_IRQHandler
                0x00000000200003d2                FIC64_IRQHandler
                0x00000000200003d4                FabricIrq0_IRQHandler
                0x00000000200003d6                FabricIrq1_IRQHandler
                0x00000000200003d8                FabricIrq2_IRQHandler
                0x00000000200003da                FabricIrq3_IRQHandler
                0x00000000200003dc                FabricIrq4_IRQHandler
                0x00000000200003de                FabricIrq5_IRQHandler
                0x00000000200003e0                FabricIrq6_IRQHandler
                0x00000000200003e2                FabricIrq7_IRQHandler
                0x00000000200003e4                FabricIrq8_IRQHandler
                0x00000000200003e6                FabricIrq9_IRQHandler
                0x00000000200003e8                FabricIrq10_IRQHandler
                0x00000000200003ea                FabricIrq11_IRQHandler
                0x00000000200003ec                FabricIrq12_IRQHandler
                0x00000000200003ee                FabricIrq13_IRQHandler
                0x00000000200003f0                FabricIrq14_IRQHandler
                0x00000000200003f2                FabricIrq15_IRQHandler
                0x00000000200003f4                GPIO0_IRQHandler
                0x00000000200003f6                GPIO1_IRQHandler
                0x00000000200003f8                GPIO2_IRQHandler
                0x00000000200003fa                GPIO3_IRQHandler
                0x00000000200003fc                GPIO4_IRQHandler
                0x00000000200003fe                GPIO5_IRQHandler
                0x0000000020000400                GPIO6_IRQHandler
                0x0000000020000402                GPIO7_IRQHandler
                0x0000000020000404                GPIO8_IRQHandler
                0x0000000020000406                GPIO9_IRQHandler
                0x0000000020000408                GPIO10_IRQHandler
                0x000000002000040a                GPIO11_IRQHandler
                0x000000002000040c                GPIO12_IRQHandler
                0x000000002000040e                GPIO13_IRQHandler
                0x0000000020000410                GPIO14_IRQHandler
                0x0000000020000412                GPIO15_IRQHandler
                0x0000000020000414                GPIO16_IRQHandler
                0x0000000020000416                GPIO17_IRQHandler
                0x0000000020000418                GPIO18_IRQHandler
                0x000000002000041a                GPIO19_IRQHandler
                0x000000002000041c                GPIO20_IRQHandler
                0x000000002000041e                GPIO21_IRQHandler
                0x0000000020000420                GPIO22_IRQHandler
                0x0000000020000422                GPIO23_IRQHandler
                0x0000000020000424                GPIO24_IRQHandler
                0x0000000020000426                GPIO25_IRQHandler
                0x0000000020000428                GPIO26_IRQHandler
                0x000000002000042a                GPIO27_IRQHandler
                0x000000002000042c                GPIO28_IRQHandler
                0x000000002000042e                GPIO29_IRQHandler
                0x0000000020000430                GPIO30_IRQHandler
                0x0000000020000432                GPIO31_IRQHandler
                0x0000000020000434                mscc_post_hw_cfg_init
                0x00000000200004b0                . = ALIGN (0x10)
 *fill*         0x00000000200004ac        0x4 

.text           0x00000000200004b0     0x33e0
 CREATE_OBJECT_SYMBOLS
                0x00000000200004b0                __text_load = LOADADDR (.text)
                0x00000000200004b0                __text_start = .
 *(.text .text.* .gnu.linkonce.t.*)
 .text.deregister_tm_clones
                0x00000000200004b0       0x1c c:/microsemi/softconsole_v6.2/arm-none-eabi-gcc/bin/../lib/gcc/arm-none-eabi/8.2.1/thumb/v7-m/nofp/crtbegin.o
 .text.register_tm_clones
                0x00000000200004cc       0x24 c:/microsemi/softconsole_v6.2/arm-none-eabi-gcc/bin/../lib/gcc/arm-none-eabi/8.2.1/thumb/v7-m/nofp/crtbegin.o
 .text.__do_global_dtors_aux
                0x00000000200004f0       0x28 c:/microsemi/softconsole_v6.2/arm-none-eabi-gcc/bin/../lib/gcc/arm-none-eabi/8.2.1/thumb/v7-m/nofp/crtbegin.o
 .text.frame_dummy
                0x0000000020000518       0x24 c:/microsemi/softconsole_v6.2/arm-none-eabi-gcc/bin/../lib/gcc/arm-none-eabi/8.2.1/thumb/v7-m/nofp/crtbegin.o
 .text.MSS_MAC_phy_init
                0x000000002000053c       0x6c ./src/VSC8541_01_phy.o
                0x000000002000053c                MSS_MAC_phy_init
 .text.MSS_MAC_phy_set_link_speed
                0x00000000200005a8       0xd4 ./src/VSC8541_01_phy.o
                0x00000000200005a8                MSS_MAC_phy_set_link_speed
 .text.MSS_MAC_phy_autonegotiate
                0x000000002000067c       0x84 ./src/VSC8541_01_phy.o
                0x000000002000067c                MSS_MAC_phy_autonegotiate
 .text.MSS_MAC_phy_get_link_status
                0x0000000020000700       0xb8 ./src/VSC8541_01_phy.o
                0x0000000020000700                MSS_MAC_phy_get_link_status
 .text.main     0x00000000200007b8        0xa ./src/main.o
                0x00000000200007b8                main
 *fill*         0x00000000200007c2        0x2 
 .text.init_periph
                0x00000000200007c4       0xb4 ./src/main.o
                0x00000000200007c4                init_periph
 .text.uart0_rx_int_handler
                0x0000000020000878       0x24 ./src/main.o
                0x0000000020000878                uart0_rx_int_handler
 .text.eth_tx_callback
                0x000000002000089c       0x18 ./src/main.o
                0x000000002000089c                eth_tx_callback
 .text.eth_rx_callback
                0x00000000200008b4       0x7c ./src/main.o
                0x00000000200008b4                eth_rx_callback
 .text.eth_check_address
                0x0000000020000930       0x54 ./src/main.o
                0x0000000020000930                eth_check_address
 .text.NVIC_EnableIRQ
                0x0000000020000984       0x30 ./firmware/drivers/mss_uart/mss_uart.o
 .text.NVIC_ClearPendingIRQ
                0x00000000200009b4       0x34 ./firmware/drivers/mss_uart/mss_uart.o
 .text.set_bit_reg8
                0x00000000200009e8       0x3a ./firmware/drivers/mss_uart/mss_uart.o
 .text.clear_bit_reg8
                0x0000000020000a22       0x3a ./firmware/drivers/mss_uart/mss_uart.o
 .text.read_bit_reg8
                0x0000000020000a5c       0x38 ./firmware/drivers/mss_uart/mss_uart.o
 .text.MSS_UART_init
                0x0000000020000a94       0x70 ./firmware/drivers/mss_uart/mss_uart.o
                0x0000000020000a94                MSS_UART_init
 .text.MSS_UART_polled_tx_string
                0x0000000020000b04       0xb4 ./firmware/drivers/mss_uart/mss_uart.o
                0x0000000020000b04                MSS_UART_polled_tx_string
 .text.MSS_UART_get_rx
                0x0000000020000bb8       0xbc ./firmware/drivers/mss_uart/mss_uart.o
                0x0000000020000bb8                MSS_UART_get_rx
 .text.MSS_UART_enable_irq
                0x0000000020000c74       0xa4 ./firmware/drivers/mss_uart/mss_uart.o
                0x0000000020000c74                MSS_UART_enable_irq
 .text.MSS_UART_set_rx_handler
                0x0000000020000d18       0xa8 ./firmware/drivers/mss_uart/mss_uart.o
                0x0000000020000d18                MSS_UART_set_rx_handler
 .text.UART0_IRQHandler
                0x0000000020000dc0       0x24 ./firmware/drivers/mss_uart/mss_uart.o
                0x0000000020000dc0                UART0_IRQHandler
 .text.UART1_IRQHandler
                0x0000000020000de4       0x24 ./firmware/drivers/mss_uart/mss_uart.o
                0x0000000020000de4                UART1_IRQHandler
 .text.config_baud_divisors
                0x0000000020000e08      0x14c ./firmware/drivers/mss_uart/mss_uart.o
 .text.global_init
                0x0000000020000f54      0x1d8 ./firmware/drivers/mss_uart/mss_uart.o
 .text.MSS_UART_isr
                0x000000002000112c      0x208 ./firmware/drivers/mss_uart/mss_uart.o
 .text.default_tx_handler
                0x0000000020001334       0xe8 ./firmware/drivers/mss_uart/mss_uart.o
 .text.ComBlk_IRQHandler
                0x000000002000141c       0x48 ./firmware/drivers/mss_sys_services/mss_comblk.o
                0x000000002000141c                ComBlk_IRQHandler
 .text.handle_tx_okay_irq
                0x0000000020001464      0x1ac ./firmware/drivers/mss_sys_services/mss_comblk.o
 .text.handle_rx_okay_irq
                0x0000000020001610      0x210 ./firmware/drivers/mss_sys_services/mss_comblk.o
 .text.complete_request
                0x0000000020001820       0x40 ./firmware/drivers/mss_sys_services/mss_comblk.o
 .text.abort_current_cmd
                0x0000000020001860       0x4c ./firmware/drivers/mss_sys_services/mss_comblk.o
 .text.fill_tx_fifo
                0x00000000200018ac       0x60 ./firmware/drivers/mss_sys_services/mss_comblk.o
 .text.process_sys_ctrl_command
                0x000000002000190c       0x28 ./firmware/drivers/mss_sys_services/mss_comblk.o
 .text.start_transfer
                0x0000000020001934      0x154 ./firmware/drivers/mss_hpdma/mss_hpdma.o
 .text.HPDMA_Complete_IRQHandler
                0x0000000020001a88       0xf8 ./firmware/drivers/mss_hpdma/mss_hpdma.o
                0x0000000020001a88                HPDMA_Complete_IRQHandler
 .text.HPDMA_Error_IRQHandler
                0x0000000020001b80      0x100 ./firmware/drivers/mss_hpdma/mss_hpdma.o
                0x0000000020001b80                HPDMA_Error_IRQHandler
 .text.NVIC_EnableIRQ
                0x0000000020001c80       0x30 ./firmware/drivers/mss_ethernet_mac/mss_ethernet_mac.o
 .text.NVIC_DisableIRQ
                0x0000000020001cb0       0x34 ./firmware/drivers/mss_ethernet_mac/mss_ethernet_mac.o
 .text.NVIC_ClearPendingIRQ
                0x0000000020001ce4       0x34 ./firmware/drivers/mss_ethernet_mac/mss_ethernet_mac.o
 .text.set_bit_reg32
                0x0000000020001d18       0x3a ./firmware/drivers/mss_ethernet_mac/mss_ethernet_mac.o
 .text.clear_bit_reg32
                0x0000000020001d52       0x3a ./firmware/drivers/mss_ethernet_mac/mss_ethernet_mac.o
 .text.read_bit_reg32
                0x0000000020001d8c       0x38 ./firmware/drivers/mss_ethernet_mac/mss_ethernet_mac.o
 .text.MSS_MAC_init
                0x0000000020001dc4      0x120 ./firmware/drivers/mss_ethernet_mac/mss_ethernet_mac.o
                0x0000000020001dc4                MSS_MAC_init
 .text.update_mac_cfg
                0x0000000020001ee4       0xdc ./firmware/drivers/mss_ethernet_mac/mss_ethernet_mac.o
 .text.MSS_MAC_cfg_struct_def_init
                0x0000000020001fc0       0xf4 ./firmware/drivers/mss_ethernet_mac/mss_ethernet_mac.o
                0x0000000020001fc0                MSS_MAC_cfg_struct_def_init
 .text.mac_reset
                0x00000000200020b4       0x64 ./firmware/drivers/mss_ethernet_mac/mss_ethernet_mac.o
 .text.config_mac_hw
                0x0000000020002118      0x358 ./firmware/drivers/mss_ethernet_mac/mss_ethernet_mac.o
 .text.MSS_MAC_write_phy_reg
                0x0000000020002470       0x64 ./firmware/drivers/mss_ethernet_mac/mss_ethernet_mac.o
                0x0000000020002470                MSS_MAC_write_phy_reg
 .text.MSS_MAC_read_phy_reg
                0x00000000200024d4       0xbc ./firmware/drivers/mss_ethernet_mac/mss_ethernet_mac.o
                0x00000000200024d4                MSS_MAC_read_phy_reg
 .text.MSS_MAC_receive_pkt
                0x0000000020002590      0x13c ./firmware/drivers/mss_ethernet_mac/mss_ethernet_mac.o
                0x0000000020002590                MSS_MAC_receive_pkt
 .text.EthernetMAC_IRQHandler
                0x00000000200026cc       0x40 ./firmware/drivers/mss_ethernet_mac/mss_ethernet_mac.o
                0x00000000200026cc                EthernetMAC_IRQHandler
 .text.MSS_MAC_set_tx_callback
                0x000000002000270c       0x1c ./firmware/drivers/mss_ethernet_mac/mss_ethernet_mac.o
                0x000000002000270c                MSS_MAC_set_tx_callback
 .text.MSS_MAC_set_rx_callback
                0x0000000020002728       0x1c ./firmware/drivers/mss_ethernet_mac/mss_ethernet_mac.o
                0x0000000020002728                MSS_MAC_set_rx_callback
 .text.rxpkt_handler
                0x0000000020002744       0xbc ./firmware/drivers/mss_ethernet_mac/mss_ethernet_mac.o
 .text.txpkt_handler
                0x0000000020002800       0xec ./firmware/drivers/mss_ethernet_mac/mss_ethernet_mac.o
 .text.tx_desc_ring_init
                0x00000000200028ec       0xa0 ./firmware/drivers/mss_ethernet_mac/mss_ethernet_mac.o
 .text.rx_desc_ring_init
                0x000000002000298c       0xa8 ./firmware/drivers/mss_ethernet_mac/mss_ethernet_mac.o
 .text.assign_station_addr
                0x0000000020002a34       0x7c ./firmware/drivers/mss_ethernet_mac/mss_ethernet_mac.o
 .text.probe_phy
                0x0000000020002ab0       0x52 ./firmware/drivers/mss_ethernet_mac/mss_ethernet_mac.o
 .text._exit    0x0000000020002b02        0xa ./firmware/CMSIS/startup_gcc/newlib_stubs.o
                0x0000000020002b02                _exit
 .text._write_r
                0x0000000020002b0c       0x1a ./firmware/CMSIS/startup_gcc/newlib_stubs.o
                0x0000000020002b0c                _write_r
 *fill*         0x0000000020002b26        0x2 
 .text._sbrk    0x0000000020002b28       0x9c ./firmware/CMSIS/startup_gcc/newlib_stubs.o
                0x0000000020002b28                _sbrk
 .text.SystemInit
                0x0000000020002bc4       0x20 ./firmware/CMSIS/system_m2sxxx.o
                0x0000000020002bc4                SystemInit
 .text.SystemCoreClockUpdate
                0x0000000020002be4       0xf8 ./firmware/CMSIS/system_m2sxxx.o
                0x0000000020002be4                SystemCoreClockUpdate
 .text.get_rcosc_25_50mhz_frequency
                0x0000000020002cdc       0x3c ./firmware/CMSIS/system_m2sxxx.o
 .text.set_clock_frequency_globals
                0x0000000020002d18       0x5c ./firmware/CMSIS/system_m2sxxx.o
 .text.get_silicon_revision
                0x0000000020002d74       0x48 ./firmware/CMSIS/system_m2sxxx.o
 .text.silicon_workarounds
                0x0000000020002dbc       0x22 ./firmware/CMSIS/system_m2sxxx.o
 *fill*         0x0000000020002dde        0x2 
 .text.m2s050_rev_a_workarounds
                0x0000000020002de0       0x30 ./firmware/CMSIS/system_m2sxxx.o
 .text.__libc_init_array
                0x0000000020002e10       0x48 c:/microsemi/softconsole_v6.2/arm-none-eabi-gcc/bin/../lib/gcc/arm-none-eabi/8.2.1/../../../../arm-none-eabi/lib/thumb/v7-m/nofp\libg_nano.a(lib_a-init.o)
                0x0000000020002e10                __libc_init_array
 .text.memcpy   0x0000000020002e58       0x1c c:/microsemi/softconsole_v6.2/arm-none-eabi-gcc/bin/../lib/gcc/arm-none-eabi/8.2.1/../../../../arm-none-eabi/lib/thumb/v7-m/nofp\libg_nano.a(lib_a-memcpy-stub.o)
                0x0000000020002e58                memcpy
 .text.snprintf
                0x0000000020002e74       0x68 c:/microsemi/softconsole_v6.2/arm-none-eabi-gcc/bin/../lib/gcc/arm-none-eabi/8.2.1/../../../../arm-none-eabi/lib/thumb/v7-m/nofp\libg_nano.a(lib_a-snprintf.o)
                0x0000000020002e74                sniprintf
                0x0000000020002e74                snprintf
 .text.__ssputs_r
                0x0000000020002edc       0xb6 c:/microsemi/softconsole_v6.2/arm-none-eabi-gcc/bin/../lib/gcc/arm-none-eabi/8.2.1/../../../../arm-none-eabi/lib/thumb/v7-m/nofp\libg_nano.a(lib_a-nano-svfprintf.o)
                0x0000000020002edc                __ssputs_r
 *fill*         0x0000000020002f92        0x2 
 .text._svfprintf_r
                0x0000000020002f94      0x1f0 c:/microsemi/softconsole_v6.2/arm-none-eabi-gcc/bin/../lib/gcc/arm-none-eabi/8.2.1/../../../../arm-none-eabi/lib/thumb/v7-m/nofp\libg_nano.a(lib_a-nano-svfprintf.o)
                0x0000000020002f94                _svfiprintf_r
                0x0000000020002f94                _svfprintf_r
 .text._printf_common
                0x0000000020003184       0xec c:/microsemi/softconsole_v6.2/arm-none-eabi-gcc/bin/../lib/gcc/arm-none-eabi/8.2.1/../../../../arm-none-eabi/lib/thumb/v7-m/nofp\libg_nano.a(lib_a-nano-vfprintf_i.o)
                0x0000000020003184                _printf_common
 .text._printf_i
                0x0000000020003270      0x22c c:/microsemi/softconsole_v6.2/arm-none-eabi-gcc/bin/../lib/gcc/arm-none-eabi/8.2.1/../../../../arm-none-eabi/lib/thumb/v7-m/nofp\libg_nano.a(lib_a-nano-vfprintf_i.o)
                0x0000000020003270                _printf_i
 .text.memchr   0x000000002000349c       0x1c c:/microsemi/softconsole_v6.2/arm-none-eabi-gcc/bin/../lib/gcc/arm-none-eabi/8.2.1/../../../../arm-none-eabi/lib/thumb/v7-m/nofp\libg_nano.a(lib_a-memchr-stub.o)
                0x000000002000349c                memchr
 .text.memmove  0x00000000200034b8       0x34 c:/microsemi/softconsole_v6.2/arm-none-eabi-gcc/bin/../lib/gcc/arm-none-eabi/8.2.1/../../../../arm-none-eabi/lib/thumb/v7-m/nofp\libg_nano.a(lib_a-memmove.o)
                0x00000000200034b8                memmove
 .text._free_r  0x00000000200034ec       0x98 c:/microsemi/softconsole_v6.2/arm-none-eabi-gcc/bin/../lib/gcc/arm-none-eabi/8.2.1/../../../../arm-none-eabi/lib/thumb/v7-m/nofp\libg_nano.a(lib_a-nano-freer.o)
                0x00000000200034ec                _free_r
 .text._malloc_r
                0x0000000020003584       0xb4 c:/microsemi/softconsole_v6.2/arm-none-eabi-gcc/bin/../lib/gcc/arm-none-eabi/8.2.1/../../../../arm-none-eabi/lib/thumb/v7-m/nofp\libg_nano.a(lib_a-nano-mallocr.o)
                0x0000000020003584                _malloc_r
 .text._realloc_r
                0x0000000020003638       0x4c c:/microsemi/softconsole_v6.2/arm-none-eabi-gcc/bin/../lib/gcc/arm-none-eabi/8.2.1/../../../../arm-none-eabi/lib/thumb/v7-m/nofp\libg_nano.a(lib_a-nano-reallocr.o)
                0x0000000020003638                _realloc_r
 .text._sbrk_r  0x0000000020003684       0x20 c:/microsemi/softconsole_v6.2/arm-none-eabi-gcc/bin/../lib/gcc/arm-none-eabi/8.2.1/../../../../arm-none-eabi/lib/thumb/v7-m/nofp\libg_nano.a(lib_a-sbrkr.o)
                0x0000000020003684                _sbrk_r
 .text.__malloc_lock
                0x00000000200036a4        0xc c:/microsemi/softconsole_v6.2/arm-none-eabi-gcc/bin/../lib/gcc/arm-none-eabi/8.2.1/../../../../arm-none-eabi/lib/thumb/v7-m/nofp\libg_nano.a(lib_a-mlock.o)
                0x00000000200036a4                __malloc_lock
 .text.__malloc_unlock
                0x00000000200036b0        0xc c:/microsemi/softconsole_v6.2/arm-none-eabi-gcc/bin/../lib/gcc/arm-none-eabi/8.2.1/../../../../arm-none-eabi/lib/thumb/v7-m/nofp\libg_nano.a(lib_a-mlock.o)
                0x00000000200036b0                __malloc_unlock
 .text._malloc_usable_size_r
                0x00000000200036bc       0x10 c:/microsemi/softconsole_v6.2/arm-none-eabi-gcc/bin/../lib/gcc/arm-none-eabi/8.2.1/../../../../arm-none-eabi/lib/thumb/v7-m/nofp\libg_nano.a(lib_a-nano-msizer.o)
                0x00000000200036bc                _malloc_usable_size_r
 .text.__retarget_lock_acquire_recursive
                0x00000000200036cc        0x2 c:/microsemi/softconsole_v6.2/arm-none-eabi-gcc/bin/../lib/gcc/arm-none-eabi/8.2.1/../../../../arm-none-eabi/lib/thumb/v7-m/nofp\libg_nano.a(lib_a-lock.o)
                0x00000000200036cc                __retarget_lock_acquire_recursive
 .text.__retarget_lock_release_recursive
                0x00000000200036ce        0x2 c:/microsemi/softconsole_v6.2/arm-none-eabi-gcc/bin/../lib/gcc/arm-none-eabi/8.2.1/../../../../arm-none-eabi/lib/thumb/v7-m/nofp\libg_nano.a(lib_a-lock.o)
                0x00000000200036ce                __retarget_lock_release_recursive
 *(.plt)
 *(.gnu.warning)
 *(.glue_7t)
 .glue_7t       0x00000000200036d0        0x0 linker stubs
 *(.glue_7)
 .glue_7        0x00000000200036d0        0x0 linker stubs
 *(.vfp11_veneer)
 .vfp11_veneer  0x00000000200036d0        0x0 linker stubs
                0x00000000200036d0                . = ALIGN (0x4)
 *crtbegin.o(.ctors)
 *(EXCLUDE_FILE(*crtend.o) .ctors)
 *(SORT_BY_NAME(.ctors.*))
 *crtend.o(.ctors)
 *crtbegin.o(.dtors)
 *(EXCLUDE_FILE(*crtend.o) .dtors)
 *(SORT_BY_NAME(.dtors.*))
 *crtend.o(.dtors)
 *(.rodata .rodata.* .gnu.linkonce.r.*)
 .rodata        0x00000000200036d0        0x8 ./src/VSC8541_01_phy.o
 .rodata        0x00000000200036d8      0x11a ./src/main.o
 *fill*         0x00000000200037f2        0x2 
 .rodata.g_default_mac_address.6394
                0x00000000200037f4        0x6 ./firmware/drivers/mss_ethernet_mac/mss_ethernet_mac.o
 *fill*         0x00000000200037fa        0x2 
 .rodata        0x00000000200037fc       0x30 ./firmware/CMSIS/startup_gcc/newlib_stubs.o
 .rodata        0x000000002000382c        0x8 ./firmware/CMSIS/system_m2sxxx.o
 .rodata._svfprintf_r.str1.1
                0x0000000020003834       0x11 c:/microsemi/softconsole_v6.2/arm-none-eabi-gcc/bin/../lib/gcc/arm-none-eabi/8.2.1/../../../../arm-none-eabi/lib/thumb/v7-m/nofp\libg_nano.a(lib_a-nano-svfprintf.o)
 .rodata._printf_i.str1.1
                0x0000000020003845       0x22 c:/microsemi/softconsole_v6.2/arm-none-eabi-gcc/bin/../lib/gcc/arm-none-eabi/8.2.1/../../../../arm-none-eabi/lib/thumb/v7-m/nofp\libg_nano.a(lib_a-nano-vfprintf_i.o)
 *(.ARM.extab* .gnu.linkonce.armextab.*)
 *(.gcc_except_table)
 *(.eh_frame_hdr)
 *(.eh_frame)
 *fill*         0x0000000020003867        0x1 
 .eh_frame      0x0000000020003868        0x0 c:/microsemi/softconsole_v6.2/arm-none-eabi-gcc/bin/../lib/gcc/arm-none-eabi/8.2.1/thumb/v7-m/nofp/crtbegin.o
 *(.vector_table)
 *(.init)
 .init          0x0000000020003868        0x4 c:/microsemi/softconsole_v6.2/arm-none-eabi-gcc/bin/../lib/gcc/arm-none-eabi/8.2.1/thumb/v7-m/nofp/crti.o
                0x0000000020003868                _init
 .init          0x000000002000386c        0x8 c:/microsemi/softconsole_v6.2/arm-none-eabi-gcc/bin/../lib/gcc/arm-none-eabi/8.2.1/thumb/v7-m/nofp/crtn.o
 *(.fini)
 .fini          0x0000000020003874        0x4 c:/microsemi/softconsole_v6.2/arm-none-eabi-gcc/bin/../lib/gcc/arm-none-eabi/8.2.1/thumb/v7-m/nofp/crti.o
                0x0000000020003874                _fini
 .fini          0x0000000020003878        0x8 c:/microsemi/softconsole_v6.2/arm-none-eabi-gcc/bin/../lib/gcc/arm-none-eabi/8.2.1/thumb/v7-m/nofp/crtn.o
                0x0000000020003880                PROVIDE (__preinit_array_start = .)
 *(.preinit_array)
                0x0000000020003880                PROVIDE (__preinit_array_end = .)
                0x0000000020003880                PROVIDE (__init_array_start = .)
 *(SORT_BY_NAME(.init_array.*))
 *(.init_array)
 .init_array    0x0000000020003880        0x4 c:/microsemi/softconsole_v6.2/arm-none-eabi-gcc/bin/../lib/gcc/arm-none-eabi/8.2.1/thumb/v7-m/nofp/crtbegin.o
                0x0000000020003884                PROVIDE (__init_array_end = .)
                [!provide]                        PROVIDE (__fini_array_start = .)
 *(.fini_array)
 .fini_array    0x0000000020003884        0x4 c:/microsemi/softconsole_v6.2/arm-none-eabi-gcc/bin/../lib/gcc/arm-none-eabi/8.2.1/thumb/v7-m/nofp/crtbegin.o
 *(SORT_BY_NAME(.fini_array.*))
                [!provide]                        PROVIDE (__fini_array_end = .)
                0x0000000020003890                . = ALIGN (0x10)
 *fill*         0x0000000020003888        0x8 
                0x0000000020003890                __exidx_start = .

.v4_bx          0x0000000020003890        0x0
 .v4_bx         0x0000000020003890        0x0 linker stubs

.iplt           0x0000000020003890        0x0
 .iplt          0x0000000020003890        0x0 c:/microsemi/softconsole_v6.2/arm-none-eabi-gcc/bin/../lib/gcc/arm-none-eabi/8.2.1/thumb/v7-m/nofp/crtbegin.o

.rel.dyn        0x0000000020003890        0x0
 .rel.iplt      0x0000000020003890        0x0 c:/microsemi/softconsole_v6.2/arm-none-eabi-gcc/bin/../lib/gcc/arm-none-eabi/8.2.1/thumb/v7-m/nofp/crtbegin.o

.ARM.exidx
 *(.ARM.exidx* .gnu.linkonce.armexidx.*)
                0x0000000020003890                __exidx_end = .
                0x0000000020003890                _etext = .
                [!provide]                        PROVIDE (__text_end = .)

.data           0x0000000020003890       0x80
                0x0000000020003890                __data_load = LOADADDR (.data)
                0x0000000020003890                _sidata = LOADADDR (.data)
                0x0000000020003890                __data_start = .
                0x0000000020003890                _sdata = .
 *(.jcr)
 *(.got.plt)
 *(.got)
 *(.shdata)
 *(.data .data.* .gnu.linkonce.d.*)
 .data.SystemCoreClock
                0x0000000020003890        0x4 ./firmware/CMSIS/system_m2sxxx.o
                0x0000000020003890                SystemCoreClock
 .data.g_FrequencyPCLK0
                0x0000000020003894        0x4 ./firmware/CMSIS/system_m2sxxx.o
                0x0000000020003894                g_FrequencyPCLK0
 .data.g_FrequencyPCLK1
                0x0000000020003898        0x4 ./firmware/CMSIS/system_m2sxxx.o
                0x0000000020003898                g_FrequencyPCLK1
 .data.g_FrequencyPCLK2
                0x000000002000389c        0x4 ./firmware/CMSIS/system_m2sxxx.o
                0x000000002000389c                g_FrequencyPCLK2
 .data.g_FrequencyFIC0
                0x00000000200038a0        0x4 ./firmware/CMSIS/system_m2sxxx.o
                0x00000000200038a0                g_FrequencyFIC0
 .data.g_FrequencyFIC1
                0x00000000200038a4        0x4 ./firmware/CMSIS/system_m2sxxx.o
                0x00000000200038a4                g_FrequencyFIC1
 .data.g_FrequencyFIC64
                0x00000000200038a8        0x4 ./firmware/CMSIS/system_m2sxxx.o
                0x00000000200038a8                g_FrequencyFIC64
 .data._impure_ptr
                0x00000000200038ac        0x4 c:/microsemi/softconsole_v6.2/arm-none-eabi-gcc/bin/../lib/gcc/arm-none-eabi/8.2.1/../../../../arm-none-eabi/lib/thumb/v7-m/nofp\libg_nano.a(lib_a-impure.o)
                0x00000000200038ac                _impure_ptr
 .data.impure_data
                0x00000000200038b0       0x60 c:/microsemi/softconsole_v6.2/arm-none-eabi-gcc/bin/../lib/gcc/arm-none-eabi/8.2.1/../../../../arm-none-eabi/lib/thumb/v7-m/nofp\libg_nano.a(lib_a-impure.o)
                0x0000000020003910                . = ALIGN (0x10)
                0x0000000020003910                _edata = .

.tm_clone_table
                0x0000000020003910        0x0
 .tm_clone_table
                0x0000000020003910        0x0 c:/microsemi/softconsole_v6.2/arm-none-eabi-gcc/bin/../lib/gcc/arm-none-eabi/8.2.1/thumb/v7-m/nofp/crtbegin.o
 .tm_clone_table
                0x0000000020003910        0x0 c:/microsemi/softconsole_v6.2/arm-none-eabi-gcc/bin/../lib/gcc/arm-none-eabi/8.2.1/thumb/v7-m/nofp/crtend.o

.igot.plt       0x0000000020003910        0x0
 .igot.plt      0x0000000020003910        0x0 c:/microsemi/softconsole_v6.2/arm-none-eabi-gcc/bin/../lib/gcc/arm-none-eabi/8.2.1/thumb/v7-m/nofp/crtbegin.o

.bss            0x0000000020003910      0x790
                0x0000000020003910                __bss_start__ = .
                0x0000000020003910                _sbss = .
 *(.shbss)
 *(.bss .bss.* .gnu.linkonce.b.*)
 .bss.completed.6707
                0x0000000020003910        0x1 c:/microsemi/softconsole_v6.2/arm-none-eabi-gcc/bin/../lib/gcc/arm-none-eabi/8.2.1/thumb/v7-m/nofp/crtbegin.o
 *fill*         0x0000000020003911        0x3 
 .bss.object.6712
                0x0000000020003914       0x18 c:/microsemi/softconsole_v6.2/arm-none-eabi-gcc/bin/../lib/gcc/arm-none-eabi/8.2.1/thumb/v7-m/nofp/crtbegin.o
 .bss.g_phy_addr
                0x000000002000392c        0x1 ./src/VSC8541_01_phy.o
 *fill*         0x000000002000392d        0x3 
 .bss.g_mac_rx_buffer
                0x0000000020003930      0x5ea ./src/main.o
 .bss.g_comblk_cmd_opcode
                0x0000000020003f1a        0x1 ./firmware/drivers/mss_sys_services/mss_comblk.o
 *fill*         0x0000000020003f1b        0x1 
 .bss.g_comblk_p_cmd
                0x0000000020003f1c        0x4 ./firmware/drivers/mss_sys_services/mss_comblk.o
 .bss.g_comblk_cmd_size
                0x0000000020003f20        0x2 ./firmware/drivers/mss_sys_services/mss_comblk.o
 *fill*         0x0000000020003f22        0x2 
 .bss.g_comblk_p_data
                0x0000000020003f24        0x4 ./firmware/drivers/mss_sys_services/mss_comblk.o
 .bss.g_comblk_data_size
                0x0000000020003f28        0x4 ./firmware/drivers/mss_sys_services/mss_comblk.o
 .bss.g_comblk_p_response
                0x0000000020003f2c        0x4 ./firmware/drivers/mss_sys_services/mss_comblk.o
 .bss.g_comblk_response_size
                0x0000000020003f30        0x2 ./firmware/drivers/mss_sys_services/mss_comblk.o
 .bss.g_comblk_response_idx
                0x0000000020003f32        0x2 ./firmware/drivers/mss_sys_services/mss_comblk.o
 .bss.g_comblk_completion_handler
                0x0000000020003f34        0x4 ./firmware/drivers/mss_sys_services/mss_comblk.o
 .bss.g_comblk_page_handler
                0x0000000020003f38        0x4 ./firmware/drivers/mss_sys_services/mss_comblk.o
 .bss.g_request_in_progress
                0x0000000020003f3c        0x1 ./firmware/drivers/mss_sys_services/mss_comblk.o
 .bss.g_comblk_state
                0x0000000020003f3d        0x1 ./firmware/drivers/mss_sys_services/mss_comblk.o
 *fill*         0x0000000020003f3e        0x2 
 .bss.g_async_event_handler
                0x0000000020003f40        0x4 ./firmware/drivers/mss_sys_services/mss_comblk.o
 .bss.g_transfer
                0x0000000020003f44       0x18 ./firmware/drivers/mss_hpdma/mss_hpdma.o
 .bss.g_hpdma_end_desc
                0x0000000020003f5c        0x4 ./firmware/drivers/mss_hpdma/mss_hpdma.o
 .bss.g_hpdma_current_desc
                0x0000000020003f60        0x4 ./firmware/drivers/mss_hpdma/mss_hpdma.o
 .bss.g_mac     0x0000000020003f64       0x68 ./firmware/drivers/mss_ethernet_mac/mss_ethernet_mac.o
 .bss.heap_end.5467
                0x0000000020003fcc        0x4 ./firmware/CMSIS/startup_gcc/newlib_stubs.o
 .bss.__malloc_free_list
                0x0000000020003fd0        0x4 c:/microsemi/softconsole_v6.2/arm-none-eabi-gcc/bin/../lib/gcc/arm-none-eabi/8.2.1/../../../../arm-none-eabi/lib/thumb/v7-m/nofp\libg_nano.a(lib_a-nano-mallocr.o)
                0x0000000020003fd0                __malloc_free_list
 .bss.__malloc_sbrk_start
                0x0000000020003fd4        0x4 c:/microsemi/softconsole_v6.2/arm-none-eabi-gcc/bin/../lib/gcc/arm-none-eabi/8.2.1/../../../../arm-none-eabi/lib/thumb/v7-m/nofp\libg_nano.a(lib_a-nano-mallocr.o)
                0x0000000020003fd4                __malloc_sbrk_start
 *(COMMON)
 COMMON         0x0000000020003fd8       0x2c ./src/main.o
                0x0000000020003fd8                mac_config
 COMMON         0x0000000020004004       0x80 ./firmware/drivers/mss_uart/mss_uart.o
                0x0000000020004004                g_mss_uart1
                0x0000000020004044                g_mss_uart0
 COMMON         0x0000000020004084        0x4 c:/microsemi/softconsole_v6.2/arm-none-eabi-gcc/bin/../lib/gcc/arm-none-eabi/8.2.1/../../../../arm-none-eabi/lib/thumb/v7-m/nofp\libg_nano.a(lib_a-reent.o)
                0x0000000020004084                errno
 COMMON         0x0000000020004088        0x9 c:/microsemi/softconsole_v6.2/arm-none-eabi-gcc/bin/../lib/gcc/arm-none-eabi/8.2.1/../../../../arm-none-eabi/lib/thumb/v7-m/nofp\libg_nano.a(lib_a-lock.o)
                0x0000000020004088                __lock___atexit_recursive_mutex
                0x0000000020004089                __lock___arc4random_mutex
                0x000000002000408a                __lock___env_recursive_mutex
                0x000000002000408b                __lock___sinit_recursive_mutex
                0x000000002000408c                __lock___malloc_recursive_mutex
                0x000000002000408d                __lock___at_quick_exit_mutex
                0x000000002000408e                __lock___dd_hash_mutex
                0x000000002000408f                __lock___tz_mutex
                0x0000000020004090                __lock___sfp_recursive_mutex
                0x00000000200040a0                . = ALIGN (0x10)
 *fill*         0x0000000020004091        0xf 
                0x00000000200040a0                __bss_end__ = .
                0x00000000200040a0                _end = .
                0x00000000200040a0                __end = _end
                0x00000000200040a0                _ebss = .
                [!provide]                        PROVIDE (end = .)

.heap           0x00000000200040a0     0xaf60
                0x00000000200040a0                __heap_start__ = .
                0x00000000200050a0                . = (. + MIN_SIZE_HEAP)
 *fill*         0x00000000200040a0     0x1000 
                0x000000002000f000                . = (. + (((ABSOLUTE (RAM_START_ADDRESS) + RAM_SIZE) - MAIN_STACK_SIZE) - .))
 *fill*         0x00000000200050a0     0x9f60 
                0x000000002000f000                _eheap = .

.stack          0x000000002000f000     0x1000
                0x000000002000f000                __stack_start__ = .
                0x0000000020010000                . = (. + MAIN_STACK_SIZE)
 *fill*         0x000000002000f000     0x1000 
                0x0000000020010000                _estack = .

.stab
 *(.stab)

.stabstr
 *(.stabstr)

.debug
 *(.debug)

.line
 *(.line)

.debug_srcinfo
 *(.debug_srcinfo)

.debug_sfnames
 *(.debug_sfnames)

.debug_aranges  0x0000000000000000      0x570
 *(.debug_aranges)
 .debug_aranges
                0x0000000000000000       0x38 ./src/VSC8541_01_phy.o
 .debug_aranges
                0x0000000000000038       0x50 ./src/main.o
 .debug_aranges
                0x0000000000000088      0x1d0 ./firmware/drivers/mss_uart/mss_uart.o
 .debug_aranges
                0x0000000000000258       0x90 ./firmware/drivers/mss_sys_services/mss_comblk.o
 .debug_aranges
                0x00000000000002e8       0x80 ./firmware/drivers/mss_hpdma/mss_hpdma.o
 .debug_aranges
                0x0000000000000368       0xf0 ./firmware/drivers/mss_ethernet_mac/mss_ethernet_mac.o
 .debug_aranges
                0x0000000000000458       0xa8 ./firmware/CMSIS/startup_gcc/newlib_stubs.o
 .debug_aranges
                0x0000000000000500       0x20 ./firmware/CMSIS/startup_gcc/startup_m2sxxx.o
 .debug_aranges
                0x0000000000000520       0x50 ./firmware/CMSIS/system_m2sxxx.o

.debug_pubnames
 *(.debug_pubnames)

.debug_info     0x0000000000000000     0x8c50
 *(.debug_info .gnu.linkonce.wi.*)
 .debug_info    0x0000000000000000      0x324 ./src/VSC8541_01_phy.o
 .debug_info    0x0000000000000324     0x1432 ./src/main.o
 .debug_info    0x0000000000001756     0x1ea8 ./firmware/drivers/mss_uart/mss_uart.o
 .debug_info    0x00000000000035fe      0xb4b ./firmware/drivers/mss_sys_services/mss_comblk.o
 .debug_info    0x0000000000004149     0x1231 ./firmware/drivers/mss_hpdma/mss_hpdma.o
 .debug_info    0x000000000000537a     0x1cde ./firmware/drivers/mss_ethernet_mac/mss_ethernet_mac.o
 .debug_info    0x0000000000007058     0x1071 ./firmware/CMSIS/startup_gcc/newlib_stubs.o
 .debug_info    0x00000000000080c9       0x26 ./firmware/CMSIS/startup_gcc/startup_m2sxxx.o
 .debug_info    0x00000000000080ef      0xb61 ./firmware/CMSIS/system_m2sxxx.o

.debug_abbrev   0x0000000000000000     0x147a
 *(.debug_abbrev)
 .debug_abbrev  0x0000000000000000      0x137 ./src/VSC8541_01_phy.o
 .debug_abbrev  0x0000000000000137      0x2f5 ./src/main.o
 .debug_abbrev  0x000000000000042c      0x356 ./firmware/drivers/mss_uart/mss_uart.o
 .debug_abbrev  0x0000000000000782      0x224 ./firmware/drivers/mss_sys_services/mss_comblk.o
 .debug_abbrev  0x00000000000009a6      0x2a3 ./firmware/drivers/mss_hpdma/mss_hpdma.o
 .debug_abbrev  0x0000000000000c49      0x338 ./firmware/drivers/mss_ethernet_mac/mss_ethernet_mac.o
 .debug_abbrev  0x0000000000000f81      0x333 ./firmware/CMSIS/startup_gcc/newlib_stubs.o
 .debug_abbrev  0x00000000000012b4       0x14 ./firmware/CMSIS/startup_gcc/startup_m2sxxx.o
 .debug_abbrev  0x00000000000012c8      0x1b2 ./firmware/CMSIS/system_m2sxxx.o

.debug_line     0x0000000000000000     0x47a2
 *(.debug_line)
 .debug_line    0x0000000000000000      0x49f ./src/VSC8541_01_phy.o
 .debug_line    0x000000000000049f      0x609 ./src/main.o
 .debug_line    0x0000000000000aa8     0x159d ./firmware/drivers/mss_uart/mss_uart.o
 .debug_line    0x0000000000002045      0x89e ./firmware/drivers/mss_sys_services/mss_comblk.o
 .debug_line    0x00000000000028e3      0x657 ./firmware/drivers/mss_hpdma/mss_hpdma.o
 .debug_line    0x0000000000002f3a      0xd62 ./firmware/drivers/mss_ethernet_mac/mss_ethernet_mac.o
 .debug_line    0x0000000000003c9c      0x54d ./firmware/CMSIS/startup_gcc/newlib_stubs.o
 .debug_line    0x00000000000041e9      0x197 ./firmware/CMSIS/startup_gcc/startup_m2sxxx.o
 .debug_line    0x0000000000004380      0x422 ./firmware/CMSIS/system_m2sxxx.o

.debug_frame    0x0000000000000000     0x1a04
 *(.debug_frame)
 .debug_frame   0x0000000000000000       0xa0 ./src/VSC8541_01_phy.o
 .debug_frame   0x00000000000000a0      0x104 ./src/main.o
 .debug_frame   0x00000000000001a4      0x820 ./firmware/drivers/mss_uart/mss_uart.o
 .debug_frame   0x00000000000009c4      0x240 ./firmware/drivers/mss_sys_services/mss_comblk.o
 .debug_frame   0x0000000000000c04      0x208 ./firmware/drivers/mss_hpdma/mss_hpdma.o
 .debug_frame   0x0000000000000e0c      0x408 ./firmware/drivers/mss_ethernet_mac/mss_ethernet_mac.o
 .debug_frame   0x0000000000001214      0x2a8 ./firmware/CMSIS/startup_gcc/newlib_stubs.o
 .debug_frame   0x00000000000014bc      0x10c ./firmware/CMSIS/system_m2sxxx.o
 .debug_frame   0x00000000000015c8       0x2c c:/microsemi/softconsole_v6.2/arm-none-eabi-gcc/bin/../lib/gcc/arm-none-eabi/8.2.1/../../../../arm-none-eabi/lib/thumb/v7-m/nofp\libg_nano.a(lib_a-init.o)
 .debug_frame   0x00000000000015f4       0x28 c:/microsemi/softconsole_v6.2/arm-none-eabi-gcc/bin/../lib/gcc/arm-none-eabi/8.2.1/../../../../arm-none-eabi/lib/thumb/v7-m/nofp\libg_nano.a(lib_a-memcpy-stub.o)
 .debug_frame   0x000000000000161c       0x7c c:/microsemi/softconsole_v6.2/arm-none-eabi-gcc/bin/../lib/gcc/arm-none-eabi/8.2.1/../../../../arm-none-eabi/lib/thumb/v7-m/nofp\libg_nano.a(lib_a-snprintf.o)
 .debug_frame   0x0000000000001698       0x90 c:/microsemi/softconsole_v6.2/arm-none-eabi-gcc/bin/../lib/gcc/arm-none-eabi/8.2.1/../../../../arm-none-eabi/lib/thumb/v7-m/nofp\libg_nano.a(lib_a-nano-svfprintf.o)
 .debug_frame   0x0000000000001728       0x60 c:/microsemi/softconsole_v6.2/arm-none-eabi-gcc/bin/../lib/gcc/arm-none-eabi/8.2.1/../../../../arm-none-eabi/lib/thumb/v7-m/nofp\libg_nano.a(lib_a-nano-vfprintf_i.o)
 .debug_frame   0x0000000000001788       0x28 c:/microsemi/softconsole_v6.2/arm-none-eabi-gcc/bin/../lib/gcc/arm-none-eabi/8.2.1/../../../../arm-none-eabi/lib/thumb/v7-m/nofp\libg_nano.a(lib_a-memchr-stub.o)
 .debug_frame   0x00000000000017b0       0x28 c:/microsemi/softconsole_v6.2/arm-none-eabi-gcc/bin/../lib/gcc/arm-none-eabi/8.2.1/../../../../arm-none-eabi/lib/thumb/v7-m/nofp\libg_nano.a(lib_a-memmove.o)
 .debug_frame   0x00000000000017d8       0x38 c:/microsemi/softconsole_v6.2/arm-none-eabi-gcc/bin/../lib/gcc/arm-none-eabi/8.2.1/../../../../arm-none-eabi/lib/thumb/v7-m/nofp\libg_nano.a(lib_a-nano-freer.o)
 .debug_frame   0x0000000000001810       0x30 c:/microsemi/softconsole_v6.2/arm-none-eabi-gcc/bin/../lib/gcc/arm-none-eabi/8.2.1/../../../../arm-none-eabi/lib/thumb/v7-m/nofp\libg_nano.a(lib_a-nano-mallocr.o)
 .debug_frame   0x0000000000001840       0x3c c:/microsemi/softconsole_v6.2/arm-none-eabi-gcc/bin/../lib/gcc/arm-none-eabi/8.2.1/../../../../arm-none-eabi/lib/thumb/v7-m/nofp\libg_nano.a(lib_a-nano-reallocr.o)
 .debug_frame   0x000000000000187c       0x2c c:/microsemi/softconsole_v6.2/arm-none-eabi-gcc/bin/../lib/gcc/arm-none-eabi/8.2.1/../../../../arm-none-eabi/lib/thumb/v7-m/nofp\libg_nano.a(lib_a-sbrkr.o)
 .debug_frame   0x00000000000018a8       0x30 c:/microsemi/softconsole_v6.2/arm-none-eabi-gcc/bin/../lib/gcc/arm-none-eabi/8.2.1/../../../../arm-none-eabi/lib/thumb/v7-m/nofp\libg_nano.a(lib_a-mlock.o)
 .debug_frame   0x00000000000018d8       0x20 c:/microsemi/softconsole_v6.2/arm-none-eabi-gcc/bin/../lib/gcc/arm-none-eabi/8.2.1/../../../../arm-none-eabi/lib/thumb/v7-m/nofp\libg_nano.a(lib_a-nano-msizer.o)
 .debug_frame   0x00000000000018f8       0x5c c:/microsemi/softconsole_v6.2/arm-none-eabi-gcc/bin/../lib/gcc/arm-none-eabi/8.2.1/../../../../arm-none-eabi/lib/thumb/v7-m/nofp\libg_nano.a(lib_a-reent.o)
 .debug_frame   0x0000000000001954       0xb0 c:/microsemi/softconsole_v6.2/arm-none-eabi-gcc/bin/../lib/gcc/arm-none-eabi/8.2.1/../../../../arm-none-eabi/lib/thumb/v7-m/nofp\libg_nano.a(lib_a-lock.o)

.debug_str      0x0000000000000000    0x172b7
 *(.debug_str)
 .debug_str     0x0000000000000000     0xd05f ./src/VSC8541_01_phy.o
                                       0xd228 (size before relaxing)
 .debug_str     0x000000000000d05f     0x4da3 ./src/main.o
                                      0x104db (size before relaxing)
 .debug_str     0x0000000000011e02     0x1508 ./firmware/drivers/mss_uart/mss_uart.o
                                       0xbde4 (size before relaxing)
 .debug_str     0x000000000001330a      0x4e9 ./firmware/drivers/mss_sys_services/mss_comblk.o
                                       0xa1bc (size before relaxing)
 .debug_str     0x00000000000137f3      0x77e ./firmware/drivers/mss_hpdma/mss_hpdma.o
                                       0xaad6 (size before relaxing)
 .debug_str     0x0000000000013f71      0xf04 ./firmware/drivers/mss_ethernet_mac/mss_ethernet_mac.o
                                       0xe42a (size before relaxing)
 .debug_str     0x0000000000014e75     0x1c63 ./firmware/CMSIS/startup_gcc/newlib_stubs.o
                                       0x8a25 (size before relaxing)
 .debug_str     0x0000000000016ad8       0x3e ./firmware/CMSIS/startup_gcc/startup_m2sxxx.o
                                         0x86 (size before relaxing)
 .debug_str     0x0000000000016b16      0x7a1 ./firmware/CMSIS/system_m2sxxx.o
                                       0xa1ad (size before relaxing)

.debug_loc
 *(.debug_loc)

.debug_macinfo
 *(.debug_macinfo)

.debug_weaknames
 *(.debug_weaknames)

.debug_funcnames
 *(.debug_funcnames)

.debug_typenames
 *(.debug_typenames)

.debug_varnames
 *(.debug_varnames)

.note.gnu.arm.ident
 *(.note.gnu.arm.ident)

.ARM.attributes
                0x0000000000000000       0x29
 *(.ARM.attributes)
 .ARM.attributes
                0x0000000000000000       0x1d c:/microsemi/softconsole_v6.2/arm-none-eabi-gcc/bin/../lib/gcc/arm-none-eabi/8.2.1/thumb/v7-m/nofp/crti.o
 .ARM.attributes
                0x000000000000001d       0x2d c:/microsemi/softconsole_v6.2/arm-none-eabi-gcc/bin/../lib/gcc/arm-none-eabi/8.2.1/thumb/v7-m/nofp/crtbegin.o
 .ARM.attributes
                0x000000000000004a       0x1b c:/microsemi/softconsole_v6.2/arm-none-eabi-gcc/bin/../lib/gcc/arm-none-eabi/8.2.1/../../../../arm-none-eabi/lib/thumb/v7-m/nofp/crt0.o
 .ARM.attributes
                0x0000000000000065       0x2d ./src/VSC8541_01_phy.o
 .ARM.attributes
                0x0000000000000092       0x2d ./src/main.o
 .ARM.attributes
                0x00000000000000bf       0x1b ./firmware/hal/CortexM3/GNU/hal.o
 .ARM.attributes
                0x00000000000000da       0x1b ./firmware/hal/CortexM3/GNU/hw_reg_access.o
 .ARM.attributes
                0x00000000000000f5       0x2d ./firmware/hal/CortexM3/cortex_nvic.o
 .ARM.attributes
                0x0000000000000122       0x33 ./firmware/drivers_config/sys_config/sys_config.o
 .ARM.attributes
                0x0000000000000155       0x2d ./firmware/drivers/mss_uart/mss_uart.o
 .ARM.attributes
                0x0000000000000182       0x2d ./firmware/drivers/mss_sys_services/mss_comblk.o
 .ARM.attributes
                0x00000000000001af       0x2d ./firmware/drivers/mss_sys_services/mss_sys_services.o
 .ARM.attributes
                0x00000000000001dc       0x2d ./firmware/drivers/mss_nvm/mss_nvm.o
 .ARM.attributes
                0x0000000000000209       0x2d ./firmware/drivers/mss_hpdma/mss_hpdma.o
 .ARM.attributes
                0x0000000000000236       0x2d ./firmware/drivers/mss_gpio/mss_gpio.o
 .ARM.attributes
                0x0000000000000263       0x2d ./firmware/drivers/mss_ethernet_mac/mss_ethernet_mac.o
 .ARM.attributes
                0x0000000000000290       0x2d ./firmware/CMSIS/startup_gcc/newlib_stubs.o
 .ARM.attributes
                0x00000000000002bd       0x21 ./firmware/CMSIS/startup_gcc/startup_m2sxxx.o
 .ARM.attributes
                0x00000000000002de       0x2d ./firmware/CMSIS/system_m2sxxx.o
 .ARM.attributes
                0x000000000000030b       0x2d c:/microsemi/softconsole_v6.2/arm-none-eabi-gcc/bin/../lib/gcc/arm-none-eabi/8.2.1/../../../../arm-none-eabi/lib/thumb/v7-m/nofp\libg_nano.a(lib_a-errno.o)
 .ARM.attributes
                0x0000000000000338       0x2d c:/microsemi/softconsole_v6.2/arm-none-eabi-gcc/bin/../lib/gcc/arm-none-eabi/8.2.1/../../../../arm-none-eabi/lib/thumb/v7-m/nofp\libg_nano.a(lib_a-exit.o)
 .ARM.attributes
                0x0000000000000365       0x2d c:/microsemi/softconsole_v6.2/arm-none-eabi-gcc/bin/../lib/gcc/arm-none-eabi/8.2.1/../../../../arm-none-eabi/lib/thumb/v7-m/nofp\libg_nano.a(lib_a-impure.o)
 .ARM.attributes
                0x0000000000000392       0x2d c:/microsemi/softconsole_v6.2/arm-none-eabi-gcc/bin/../lib/gcc/arm-none-eabi/8.2.1/../../../../arm-none-eabi/lib/thumb/v7-m/nofp\libg_nano.a(lib_a-init.o)
 .ARM.attributes
                0x00000000000003bf       0x2d c:/microsemi/softconsole_v6.2/arm-none-eabi-gcc/bin/../lib/gcc/arm-none-eabi/8.2.1/../../../../arm-none-eabi/lib/thumb/v7-m/nofp\libg_nano.a(lib_a-memcpy-stub.o)
 .ARM.attributes
                0x00000000000003ec       0x2d c:/microsemi/softconsole_v6.2/arm-none-eabi-gcc/bin/../lib/gcc/arm-none-eabi/8.2.1/../../../../arm-none-eabi/lib/thumb/v7-m/nofp\libg_nano.a(lib_a-memset.o)
 .ARM.attributes
                0x0000000000000419       0x2d c:/microsemi/softconsole_v6.2/arm-none-eabi-gcc/bin/../lib/gcc/arm-none-eabi/8.2.1/../../../../arm-none-eabi/lib/thumb/v7-m/nofp\libg_nano.a(lib_a-snprintf.o)
 .ARM.attributes
                0x0000000000000446       0x2d c:/microsemi/softconsole_v6.2/arm-none-eabi-gcc/bin/../lib/gcc/arm-none-eabi/8.2.1/../../../../arm-none-eabi/lib/thumb/v7-m/nofp\libg_nano.a(lib_a-nano-svfprintf.o)
 .ARM.attributes
                0x0000000000000473       0x2d c:/microsemi/softconsole_v6.2/arm-none-eabi-gcc/bin/../lib/gcc/arm-none-eabi/8.2.1/../../../../arm-none-eabi/lib/thumb/v7-m/nofp\libg_nano.a(lib_a-nano-vfprintf_i.o)
 .ARM.attributes
                0x00000000000004a0       0x2d c:/microsemi/softconsole_v6.2/arm-none-eabi-gcc/bin/../lib/gcc/arm-none-eabi/8.2.1/../../../../arm-none-eabi/lib/thumb/v7-m/nofp\libg_nano.a(lib_a-memchr-stub.o)
 .ARM.attributes
                0x00000000000004cd       0x2d c:/microsemi/softconsole_v6.2/arm-none-eabi-gcc/bin/../lib/gcc/arm-none-eabi/8.2.1/../../../../arm-none-eabi/lib/thumb/v7-m/nofp\libg_nano.a(lib_a-memmove.o)
 .ARM.attributes
                0x00000000000004fa       0x2d c:/microsemi/softconsole_v6.2/arm-none-eabi-gcc/bin/../lib/gcc/arm-none-eabi/8.2.1/../../../../arm-none-eabi/lib/thumb/v7-m/nofp\libg_nano.a(lib_a-nano-freer.o)
 .ARM.attributes
                0x0000000000000527       0x2d c:/microsemi/softconsole_v6.2/arm-none-eabi-gcc/bin/../lib/gcc/arm-none-eabi/8.2.1/../../../../arm-none-eabi/lib/thumb/v7-m/nofp\libg_nano.a(lib_a-nano-mallocr.o)
 .ARM.attributes
                0x0000000000000554       0x2d c:/microsemi/softconsole_v6.2/arm-none-eabi-gcc/bin/../lib/gcc/arm-none-eabi/8.2.1/../../../../arm-none-eabi/lib/thumb/v7-m/nofp\libg_nano.a(lib_a-nano-reallocr.o)
 .ARM.attributes
                0x0000000000000581       0x2d c:/microsemi/softconsole_v6.2/arm-none-eabi-gcc/bin/../lib/gcc/arm-none-eabi/8.2.1/../../../../arm-none-eabi/lib/thumb/v7-m/nofp\libg_nano.a(lib_a-sbrkr.o)
 .ARM.attributes
                0x00000000000005ae       0x2d c:/microsemi/softconsole_v6.2/arm-none-eabi-gcc/bin/../lib/gcc/arm-none-eabi/8.2.1/../../../../arm-none-eabi/lib/thumb/v7-m/nofp\libg_nano.a(lib_a-mlock.o)
 .ARM.attributes
                0x00000000000005db       0x2d c:/microsemi/softconsole_v6.2/arm-none-eabi-gcc/bin/../lib/gcc/arm-none-eabi/8.2.1/../../../../arm-none-eabi/lib/thumb/v7-m/nofp\libg_nano.a(lib_a-nano-msizer.o)
 .ARM.attributes
                0x0000000000000608       0x2d c:/microsemi/softconsole_v6.2/arm-none-eabi-gcc/bin/../lib/gcc/arm-none-eabi/8.2.1/../../../../arm-none-eabi/lib/thumb/v7-m/nofp\libg_nano.a(lib_a-reent.o)
 .ARM.attributes
                0x0000000000000635       0x2d c:/microsemi/softconsole_v6.2/arm-none-eabi-gcc/bin/../lib/gcc/arm-none-eabi/8.2.1/../../../../arm-none-eabi/lib/thumb/v7-m/nofp\libg_nano.a(lib_a-lock.o)
 .ARM.attributes
                0x0000000000000662       0x2d c:/microsemi/softconsole_v6.2/arm-none-eabi-gcc/bin/../lib/gcc/arm-none-eabi/8.2.1/thumb/v7-m/nofp/crtend.o
 .ARM.attributes
                0x000000000000068f       0x1d c:/microsemi/softconsole_v6.2/arm-none-eabi-gcc/bin/../lib/gcc/arm-none-eabi/8.2.1/thumb/v7-m/nofp/crtn.o

/DISCARD/
 *(.note.GNU-stack)
 *(.isr_vector)
OUTPUT(FFT_Accelerator_C.elf elf32-littlearm)

.debug_ranges   0x0000000000000000      0x550
 .debug_ranges  0x0000000000000000       0x28 ./src/VSC8541_01_phy.o
 .debug_ranges  0x0000000000000028       0x40 ./src/main.o
 .debug_ranges  0x0000000000000068      0x1d8 ./firmware/drivers/mss_uart/mss_uart.o
 .debug_ranges  0x0000000000000240       0xd0 ./firmware/drivers/mss_sys_services/mss_comblk.o
 .debug_ranges  0x0000000000000310       0x70 ./firmware/drivers/mss_hpdma/mss_hpdma.o
 .debug_ranges  0x0000000000000380       0xe0 ./firmware/drivers/mss_ethernet_mac/mss_ethernet_mac.o
 .debug_ranges  0x0000000000000460       0x98 ./firmware/CMSIS/startup_gcc/newlib_stubs.o
 .debug_ranges  0x00000000000004f8       0x58 ./firmware/CMSIS/system_m2sxxx.o

.debug_macro    0x0000000000000000     0x5a6c
 .debug_macro   0x0000000000000000      0x12a ./src/VSC8541_01_phy.o
 .debug_macro   0x000000000000012a      0xa78 ./src/VSC8541_01_phy.o
 .debug_macro   0x0000000000000ba2       0x22 ./src/VSC8541_01_phy.o
 .debug_macro   0x0000000000000bc4       0x8e ./src/VSC8541_01_phy.o
 .debug_macro   0x0000000000000c52       0x51 ./src/VSC8541_01_phy.o
 .debug_macro   0x0000000000000ca3       0xef ./src/VSC8541_01_phy.o
 .debug_macro   0x0000000000000d92       0x6a ./src/VSC8541_01_phy.o
 .debug_macro   0x0000000000000dfc      0x1df ./src/VSC8541_01_phy.o
 .debug_macro   0x0000000000000fdb      0x3b8 ./src/VSC8541_01_phy.o
 .debug_macro   0x0000000000001393      0x28f ./src/VSC8541_01_phy.o
 .debug_macro   0x0000000000001622       0x26 ./src/VSC8541_01_phy.o
 .debug_macro   0x0000000000001648       0x3a ./src/VSC8541_01_phy.o
 .debug_macro   0x0000000000001682       0x34 ./src/VSC8541_01_phy.o
 .debug_macro   0x00000000000016b6      0xca6 ./src/VSC8541_01_phy.o
 .debug_macro   0x000000000000235c      0x265 ./src/VSC8541_01_phy.o
 .debug_macro   0x00000000000025c1       0x64 ./src/VSC8541_01_phy.o
 .debug_macro   0x0000000000002625       0x18 ./src/VSC8541_01_phy.o
 .debug_macro   0x000000000000263d       0x35 ./src/VSC8541_01_phy.o
 .debug_macro   0x0000000000002672       0x34 ./src/VSC8541_01_phy.o
 .debug_macro   0x00000000000026a6       0x1c ./src/VSC8541_01_phy.o
 .debug_macro   0x00000000000026c2      0x360 ./src/VSC8541_01_phy.o
 .debug_macro   0x0000000000002a22      0x287 ./src/VSC8541_01_phy.o
 .debug_macro   0x0000000000002ca9      0x257 ./src/main.o
 .debug_macro   0x0000000000002f00       0x5e ./src/main.o
 .debug_macro   0x0000000000002f5e       0x94 ./src/main.o
 .debug_macro   0x0000000000002ff2       0x16 ./src/main.o
 .debug_macro   0x0000000000003008       0x57 ./src/main.o
 .debug_macro   0x000000000000305f       0x97 ./src/main.o
 .debug_macro   0x00000000000030f6      0x339 ./src/main.o
 .debug_macro   0x000000000000342f       0xfd ./src/main.o
 .debug_macro   0x000000000000352c       0x10 ./src/main.o
 .debug_macro   0x000000000000353c       0x58 ./src/main.o
 .debug_macro   0x0000000000003594       0x1f ./src/main.o
 .debug_macro   0x00000000000035b3       0x43 ./src/main.o
 .debug_macro   0x00000000000035f6       0x20 ./src/main.o
 .debug_macro   0x0000000000003616      0x18e ./src/main.o
 .debug_macro   0x00000000000037a4       0x10 ./src/main.o
 .debug_macro   0x00000000000037b4       0x1c ./src/main.o
 .debug_macro   0x00000000000037d0       0x52 ./src/main.o
 .debug_macro   0x0000000000003822       0x40 ./src/main.o
 .debug_macro   0x0000000000003862       0x10 ./src/main.o
 .debug_macro   0x0000000000003872       0x40 ./src/main.o
 .debug_macro   0x00000000000038b2       0xd7 ./src/main.o
 .debug_macro   0x0000000000003989       0x1c ./src/main.o
 .debug_macro   0x00000000000039a5       0x3d ./src/main.o
 .debug_macro   0x00000000000039e2       0x16 ./src/main.o
 .debug_macro   0x00000000000039f8      0x16f ./src/main.o
 .debug_macro   0x0000000000003b67       0x34 ./src/main.o
 .debug_macro   0x0000000000003b9b      0x177 ./src/main.o
 .debug_macro   0x0000000000003d12      0x288 ./src/main.o
 .debug_macro   0x0000000000003f9a      0x3be ./src/main.o
 .debug_macro   0x0000000000004358       0x10 ./src/main.o
 .debug_macro   0x0000000000004368      0x185 ./firmware/drivers/mss_uart/mss_uart.o
 .debug_macro   0x00000000000044ed      0x174 ./firmware/drivers/mss_uart/mss_uart.o
 .debug_macro   0x0000000000004661       0xe2 ./firmware/drivers/mss_uart/mss_uart.o
 .debug_macro   0x0000000000004743       0x22 ./firmware/drivers/mss_uart/mss_uart.o
 .debug_macro   0x0000000000004765      0x168 ./firmware/drivers/mss_sys_services/mss_comblk.o
 .debug_macro   0x00000000000048cd      0x151 ./firmware/drivers/mss_hpdma/mss_hpdma.o
 .debug_macro   0x0000000000004a1e       0x10 ./firmware/drivers/mss_hpdma/mss_hpdma.o
 .debug_macro   0x0000000000004a2e      0x1ab ./firmware/drivers/mss_ethernet_mac/mss_ethernet_mac.o
 .debug_macro   0x0000000000004bd9       0x28 ./firmware/drivers/mss_ethernet_mac/mss_ethernet_mac.o
 .debug_macro   0x0000000000004c01      0x1fa ./firmware/CMSIS/startup_gcc/newlib_stubs.o
 .debug_macro   0x0000000000004dfb       0x16 ./firmware/CMSIS/startup_gcc/newlib_stubs.o
 .debug_macro   0x0000000000004e11      0x10e ./firmware/CMSIS/startup_gcc/newlib_stubs.o
 .debug_macro   0x0000000000004f1f       0x8d ./firmware/CMSIS/startup_gcc/newlib_stubs.o
 .debug_macro   0x0000000000004fac       0x16 ./firmware/CMSIS/startup_gcc/newlib_stubs.o
 .debug_macro   0x0000000000004fc2       0x29 ./firmware/CMSIS/startup_gcc/newlib_stubs.o
 .debug_macro   0x0000000000004feb       0x16 ./firmware/CMSIS/startup_gcc/newlib_stubs.o
 .debug_macro   0x0000000000005001      0x51a ./firmware/CMSIS/startup_gcc/newlib_stubs.o
 .debug_macro   0x000000000000551b       0x16 ./firmware/CMSIS/startup_gcc/newlib_stubs.o
 .debug_macro   0x0000000000005531       0x10 ./firmware/CMSIS/startup_gcc/newlib_stubs.o
 .debug_macro   0x0000000000005541       0x10 ./firmware/CMSIS/startup_gcc/newlib_stubs.o
 .debug_macro   0x0000000000005551       0x35 ./firmware/CMSIS/startup_gcc/newlib_stubs.o
 .debug_macro   0x0000000000005586      0x122 ./firmware/CMSIS/startup_gcc/newlib_stubs.o
 .debug_macro   0x00000000000056a8       0x10 ./firmware/CMSIS/startup_gcc/newlib_stubs.o
 .debug_macro   0x00000000000056b8      0x241 ./firmware/CMSIS/startup_gcc/newlib_stubs.o
 .debug_macro   0x00000000000058f9      0x173 ./firmware/CMSIS/system_m2sxxx.o

.comment        0x0000000000000000       0x68
 .comment       0x0000000000000000       0x68 ./src/VSC8541_01_phy.o
                                         0x69 (size before relaxing)
 .comment       0x0000000000000068       0x69 ./src/main.o
 .comment       0x0000000000000068       0x69 ./firmware/drivers/mss_uart/mss_uart.o
 .comment       0x0000000000000068       0x69 ./firmware/drivers/mss_sys_services/mss_comblk.o
 .comment       0x0000000000000068       0x69 ./firmware/drivers/mss_hpdma/mss_hpdma.o
 .comment       0x0000000000000068       0x69 ./firmware/drivers/mss_ethernet_mac/mss_ethernet_mac.o
 .comment       0x0000000000000068       0x69 ./firmware/CMSIS/startup_gcc/newlib_stubs.o
 .comment       0x0000000000000068       0x69 ./firmware/CMSIS/system_m2sxxx.o
