Resource Report
Microsemi Corporation - Microsemi Libero Software Release v12.4 (Version 12.900.0.16)
Date: Thu Apr 23 03:42:14 2020

Device Selection
+--------------------------------+----------------+
| Family                         | SmartFusion2   |
| Device                         | M2S010         |
| Package                        | 144 TQ         |
| Speed Grade                    | STD            |
| Temp                           | 0:25:85        |
| Voltage                        | 1.26:1.20:1.14 |
| Core Voltage                   | 1.2V           |
| Ramp Rate                      | 100ms Minimum  |
| System Controller Suspend Mode | No             |
| PLL Supply Voltage             | 2.5V           |
| Default I/O technology         | LVCMOS 2.5V    |
| Restrict Probe Pins            | No             |
| Restrict SPI Pins              | No             |
+--------------------------------+----------------+

Source Files
+---------+---------------------------------------------------------------------------+
| Topcell | FFT_Accel_system                                                          |
| Format  | Verilog                                                                   |
| Source  | E:\Github_Repos\SF2_Eth_FFT\FFT_Accelerator\synthesis\FFT_Accel_system.vm |
+---------+---------------------------------------------------------------------------+

Options
+----------------------------------------------------+-------+
| Enable Single Event Transient mitigation           | false |
| Enable Design Separation Methodology               | false |
| Limit the number of high fanout nets to display to | 10    |
+----------------------------------------------------+-------+

Resource Usage
+---------------------------+------+-------+------------+
| Type                      | Used | Total | Percentage |
+---------------------------+------+-------+------------+
| 4LUT                      | 1662 | 12084 | 13.75      |
| DFF                       | 948  | 12084 | 7.85       |
| I/O Register              | 0    | 252   | 0.00       |
| User I/O                  | 44   | 84    | 52.38      |
| -- Single-ended I/O       | 44   | 84    | 52.38      |
| -- Differential I/O Pairs | 0    | 37    | 0.00       |
| RAM64x18                  | 0    | 22    | 0.00       |
| RAM1K18                   | 2    | 21    | 9.52       |
| MACC                      | 3    | 22    | 13.64      |
| Chip Globals              | 3    | 8     | 37.50      |
| CCC                       | 1    | 2     | 50.00      |
| RCOSC_25_50MHZ            | 1    | 1     | 100.00     |
| RCOSC_1MHZ                | 0    | 1     | 0.00       |
| XTLOSC                    | 0    | 1     | 0.00       |
| MSS                       | 1    | 1     | 100.00     |
+---------------------------+------+-------+------------+

Detailed Logic Resource Usage
+--------------------------+------+-----+
| Type                     | 4LUT | DFF |
+--------------------------+------+-----+
| Fabric Logic             | 1482 | 768 |
| RAM64x18 Interface Logic | 0    | 0   |
| RAM1K18 Interface Logic  | 72   | 72  |
| MACC Interface Logic     | 108  | 108 |
| Total Used               | 1662 | 948 |
+--------------------------+------+-----+

MSS Resource Usage
+---------------+------+-------+
| Type          | Used | Total |
+---------------+------+-------+
| Cortex-M3*    | 1    | 1     |
| eNVM (256KB)* | 1    | 1     |
| eSRAM*        | 2    | 2     |
| TIMER*        | 2    | 2     |
| CAN           | 0    | 1     |
| SPI           | 0    | 2     |
| I2C           | 0    | 2     |
| UART          | 1    | 2     |
| USB           | 0    | 1     |
| MAC           | 1    | 1     |
| MDDR          | 0    | 1     |
| HPDMA         | 1    | 1     |
| PDMA          | 1    | 1     |
+---------------+------+-------+

* These resources are always marked as used when you are using the MSS

Detailed Carry Chains Resource Usage
+--------+------+
| Length | Used |
| 2      | 41   |
| 5      | 2    |
| 9      | 5    |
| 10     | 5    |
| 11     | 6    |
| 12     | 4    |
| 16     | 1    |
| 18     | 2    |
| 19     | 1    |
| Total  | 67   |
+--------+------+

Detailed MACC Resource Usage
+--------+------+
| Length | Used |
| 1      | 3    |
| Total  | 3    |
+--------+------+

I/O Function
+-------------------------------+--------------+-------------+-----------------+
| Type                          | w/o register | w/ register | w/ DDR register |
+-------------------------------+--------------+-------------+-----------------+
| Input I/O                     | 18           | 0           | 0               |
| Output I/O                    | 25           | 0           | 0               |
| Bidirectional I/O             | 1            | 0           | 0               |
| Differential Input I/O Pairs  | 0            | 0           | 0               |
| Differential Output I/O Pairs | 0            | 0           | 0               |
+-------------------------------+--------------+-------------+-----------------+

I/O Technology
+--------------+--------+------+-------+--------+---------------+
| I/O Standard | Vddi   | Vref | Input | Output | Bidirectional |
+--------------+--------+------+-------+--------+---------------+
| LVCMOS25     |  2.50v |  N/A |  18   |  25    |  1            |
+--------------+--------+------+-------+--------+---------------+

I/O Placement
+----------+-------+------------+
| Type     | Count | Percentage |
+----------+-------+------------+
| Locked   |  0    | 0.00%      |
| Placed   |  0    | 0.00%      |
| UnPlaced |  44   | 100.00%    |
+----------+-------+------------+

Nets assigned to chip global resources
+--------+---------+-----------------------------------------------------------------------------------+
| Fanout | Type    | Name                                                                              |
+--------+---------+-----------------------------------------------------------------------------------+
| 775    | INT_NET | Net   : FFT_Accel_system_sb_0_FIC_0_CLK                                           |
|        |         | Driver: FFT_Accel_system_sb_0/CCC_0/GL0_INST/U0_RGB1                              |
|        |         | Source: NETLIST                                                                   |
| 749    | INT_NET | Net   : MSS_HPMS_READY_int_arst                                                   |
|        |         | Driver: FFT_Accel_system_sb_0/CORERESETP_0/MSS_HPMS_READY_int_rep_RNIJTLD/U0_RGB1 |
|        |         | Source: NETLIST                                                                   |
| 2      | INT_NET | Net   : GMII_GTX_CLK_c                                                            |
|        |         | Driver: FFT_Accel_system_sb_0/CCC_0/GL1_INST/U0_RGB1                              |
|        |         | Source: NETLIST                                                                   |
+--------+---------+-----------------------------------------------------------------------------------+

Nets assigned to row global resources
+--------+------+------+
| Fanout | Type | Name |
+--------+------+------+
+--------+------+------+

High fanout nets
+--------+---------+--------------------------------------------------------------------------+
| Fanout | Type    | Name                                                                     |
+--------+---------+--------------------------------------------------------------------------+
| 161    | INT_NET | Net   : FFT_AHB_Wrapper_0/FFT_Core/FFT_Transformer_0/twiddle_index_Z[4]  |
|        |         | Driver: FFT_AHB_Wrapper_0/FFT_Core/FFT_Transformer_0/twiddle_index[4]    |
| 124    | INT_NET | Net   : FFT_AHB_Wrapper_0/FFT_Core/FFT_Transformer_0/twiddle_index_Z[0]  |
|        |         | Driver: FFT_AHB_Wrapper_0/FFT_Core/FFT_Transformer_0/twiddle_index[0]    |
| 106    | INT_NET | Net   : FFT_AHB_Wrapper_0/FFT_Core/FFT_Transformer_0/twiddle_index_Z[1]  |
|        |         | Driver: FFT_AHB_Wrapper_0/FFT_Core/FFT_Transformer_0/twiddle_index[1]    |
| 97     | INT_NET | Net   : FFT_AHB_Wrapper_0/FFT_Core/tf_comp_ram_stable_Z                  |
|        |         | Driver: FFT_AHB_Wrapper_0/FFT_Core/tf_comp_ram_stable                    |
| 95     | INT_NET | Net   : FFT_AHB_Wrapper_0/FFT_Core/FFT_Transformer_0/dft_run_RNIS1TG_0_Z |
|        |         | Driver: FFT_AHB_Wrapper_0/FFT_Core/FFT_Transformer_0/dft_run_RNIS1TG_0   |
| 94     | INT_NET | Net   : FFT_AHB_Wrapper_0/FFT_Core/tf_comp_ram_returned_i                |
|        |         | Driver: FFT_AHB_Wrapper_0/FFT_Core/FFT_Transformer_0/ram_dest            |
| 92     | INT_NET | Net   : FFT_AHB_Wrapper_0/FFT_Core/FFT_Transformer_0/twiddle_index_Z[3]  |
|        |         | Driver: FFT_AHB_Wrapper_0/FFT_Core/FFT_Transformer_0/twiddle_index[3]    |
| 91     | INT_NET | Net   : FFT_AHB_Wrapper_0/FFT_Core/FFT_Transformer_0/twiddle_index_Z[2]  |
|        |         | Driver: FFT_AHB_Wrapper_0/FFT_Core/FFT_Transformer_0/twiddle_index[2]    |
| 72     | INT_NET | Net   : FFT_AHB_Wrapper_0/FFT_Core/FFT_Transformer_0/twiddle_index_Z[5]  |
|        |         | Driver: FFT_AHB_Wrapper_0/FFT_Core/FFT_Transformer_0/twiddle_index[5]    |
| 69     | INT_NET | Net   : FFT_AHB_Wrapper_0/FFT_Core/DPSRAM_0_assoc_Z[1]                   |
|        |         | Driver: FFT_AHB_Wrapper_0/FFT_Core/DPSRAM_0_assoc[1]                     |
+--------+---------+--------------------------------------------------------------------------+

High fanout nets (through buffer trees)
+--------+---------+--------------------------------------------------------------------------+
| Fanout | Type    | Name                                                                     |
+--------+---------+--------------------------------------------------------------------------+
| 161    | INT_NET | Net   : FFT_AHB_Wrapper_0/FFT_Core/FFT_Transformer_0/twiddle_index_Z[4]  |
|        |         | Driver: FFT_AHB_Wrapper_0/FFT_Core/FFT_Transformer_0/twiddle_index[4]    |
| 124    | INT_NET | Net   : FFT_AHB_Wrapper_0/FFT_Core/FFT_Transformer_0/twiddle_index_Z[0]  |
|        |         | Driver: FFT_AHB_Wrapper_0/FFT_Core/FFT_Transformer_0/twiddle_index[0]    |
| 106    | INT_NET | Net   : FFT_AHB_Wrapper_0/FFT_Core/FFT_Transformer_0/twiddle_index_Z[1]  |
|        |         | Driver: FFT_AHB_Wrapper_0/FFT_Core/FFT_Transformer_0/twiddle_index[1]    |
| 97     | INT_NET | Net   : FFT_AHB_Wrapper_0/FFT_Core/tf_comp_ram_stable_Z                  |
|        |         | Driver: FFT_AHB_Wrapper_0/FFT_Core/tf_comp_ram_stable                    |
| 95     | INT_NET | Net   : FFT_AHB_Wrapper_0/FFT_Core/FFT_Transformer_0/dft_run_RNIS1TG_0_Z |
|        |         | Driver: FFT_AHB_Wrapper_0/FFT_Core/FFT_Transformer_0/dft_run_RNIS1TG_0   |
| 94     | INT_NET | Net   : FFT_AHB_Wrapper_0/FFT_Core/tf_comp_ram_returned_i                |
|        |         | Driver: FFT_AHB_Wrapper_0/FFT_Core/FFT_Transformer_0/ram_dest            |
| 92     | INT_NET | Net   : FFT_AHB_Wrapper_0/FFT_Core/FFT_Transformer_0/twiddle_index_Z[3]  |
|        |         | Driver: FFT_AHB_Wrapper_0/FFT_Core/FFT_Transformer_0/twiddle_index[3]    |
| 91     | INT_NET | Net   : FFT_AHB_Wrapper_0/FFT_Core/FFT_Transformer_0/twiddle_index_Z[2]  |
|        |         | Driver: FFT_AHB_Wrapper_0/FFT_Core/FFT_Transformer_0/twiddle_index[2]    |
| 72     | INT_NET | Net   : FFT_AHB_Wrapper_0/FFT_Core/FFT_Transformer_0/twiddle_index_Z[5]  |
|        |         | Driver: FFT_AHB_Wrapper_0/FFT_Core/FFT_Transformer_0/twiddle_index[5]    |
| 69     | INT_NET | Net   : FFT_AHB_Wrapper_0/FFT_Core/DPSRAM_0_assoc_Z[1]                   |
|        |         | Driver: FFT_AHB_Wrapper_0/FFT_Core/DPSRAM_0_assoc[1]                     |
+--------+---------+--------------------------------------------------------------------------+

