

@S |Clock Optimization Summary


#### START OF CLOCK OPTIMIZATION REPORT #####[

Clock optimization not enabled
1 non-gated/non-generated clock tree(s) driving 1 clock pin(s) of sequential element(s)
2 gated/generated clock tree(s) driving 723 clock pin(s) of sequential element(s)
0 instances converted, 723 sequential instances remain driven by gated/generated clocks

=================================================== Non-Gated/Non-Generated Clocks ===================================================
Clock Tree ID     Driving Element     Drive Element Type     Fanout     Sample Instance                                               
--------------------------------------------------------------------------------------------------------------------------------------
@K:CKID0003       GMII_RX_CLK         port                   1          FFT_Accel_system_sb_0.FFT_Accel_system_sb_MSS_0.MSS_ADLIB_INST
======================================================================================================================================
=========================================================================================================================== Gated/Generated Clocks ===========================================================================================================================
Clock Tree ID     Driving Element                          Drive Element Type     Fanout     Sample Instance                                                    Explanation                                                                                                   
------------------------------------------------------------------------------------------------------------------------------------------------------------------------------------------------------------------------------------------------------------------------------
@K:CKID0001       FFT_Accel_system_sb_0.CCC_0.CCC_INST     CCC                    722        FFT_Accel_system_sb_0.CORERESETP_0.POWER_ON_RESET_N_clk_base       Illegal instance on clock path. See the Gated Clocks description in the user guide for conversion requirements
@K:CKID0002       FFT_Accel_system_sb_0.CCC_0.CCC_INST     CCC                    1          FFT_Accel_system_sb_0.FFT_Accel_system_sb_MSS_0.MSS_ADLIB_INST     No gated clock conversion method for cell cell:work.MSS_010                                                   
==============================================================================================================================================================================================================================================================================


##### END OF CLOCK OPTIMIZATION REPORT ######]

