
Copyright (C) 1994-2018 Synopsys, Inc.
This Synopsys software and all associated documentation are proprietary to Synopsys, Inc.
and may only be used pursuant to the terms and conditions of a written license agreement
with Synopsys, Inc. All other use, reproduction, modification, or distribution of the
Synopsys software or the associated documentation is strictly prohibited.
Tool: Synplify Pro (R)
Build: N-2018.03M-SP1-1
Install: C:\Microsemi\Libero_SoC_v12.1\SynplifyPro
OS: Windows 6.2

Hostname: PHOENIX136DESKY

Implementation : synthesis
Synopsys HDL compiler and linker, Version comp2018q2p1, Build 223R, Built Oct 23 2018 09:18:38

Modified Files: 5
FID:  path (prevtimestamp, timestamp)
53       E:\Github_Repos\SF2_Eth_FFT\FFT_Accelerator\component\work\FFT_Accel_system\FFT_Accel_system.vhd (2020-04-18 02:13:41, 2020-04-21 02:43:04)
63       E:\Github_Repos\SF2_Eth_FFT\FFT_Accelerator\hdl\Alpha_Max_plus_Beta_Min.vhd (2020-04-07 22:29:01, 2020-04-18 17:53:44)
83       E:\Github_Repos\SF2_Eth_FFT\FFT_Accelerator\hdl\FFT_AHB_Wrapper.vhd (2020-04-18 05:05:18, 2020-04-21 06:18:33)
67       E:\Github_Repos\SF2_Eth_FFT\FFT_Accelerator\hdl\FFT_Package.vhd (2020-04-18 05:01:13, 2020-04-21 06:18:37)
69       E:\Github_Repos\SF2_Eth_FFT\FFT_Accelerator\hdl\FFT_Sample_Outputer.vhd (2020-04-07 22:22:11, 2020-04-21 05:45:27)

*******************************************************************
Modules that may have changed as a result of file changes: 38
MID:  lib.cell.view
68       coreahblite_lib.coreahblite_addrdec.coreahblite_addrdec_arch may have changed because the following files changed:
                        E:\Github_Repos\SF2_Eth_FFT\FFT_Accelerator\component\work\FFT_Accel_system\FFT_Accel_system.vhd (2020-04-18 02:13:41, 2020-04-21 02:43:04) <-- (may instantiate this module)
70       coreahblite_lib.coreahblite_c0_coreahblite_c0_0_coreahblite.coreahblite_arch may have changed because the following files changed:
                        E:\Github_Repos\SF2_Eth_FFT\FFT_Accelerator\component\work\FFT_Accel_system\FFT_Accel_system.vhd (2020-04-18 02:13:41, 2020-04-21 02:43:04) <-- (may instantiate this module)
72       coreahblite_lib.coreahblite_defaultslavesm.coreahblite_defaultslavesm_arch may have changed because the following files changed:
                        E:\Github_Repos\SF2_Eth_FFT\FFT_Accelerator\component\work\FFT_Accel_system\FFT_Accel_system.vhd (2020-04-18 02:13:41, 2020-04-21 02:43:04) <-- (may instantiate this module)
74       coreahblite_lib.coreahblite_masterstage.coreahblite_masterstage_arch may have changed because the following files changed:
                        E:\Github_Repos\SF2_Eth_FFT\FFT_Accelerator\component\work\FFT_Accel_system\FFT_Accel_system.vhd (2020-04-18 02:13:41, 2020-04-21 02:43:04) <-- (may instantiate this module)
76       coreahblite_lib.coreahblite_matrix4x16.coreahblite_matrix4x16_arch may have changed because the following files changed:
                        E:\Github_Repos\SF2_Eth_FFT\FFT_Accelerator\component\work\FFT_Accel_system\FFT_Accel_system.vhd (2020-04-18 02:13:41, 2020-04-21 02:43:04) <-- (may instantiate this module)
78       coreahblite_lib.coreahblite_slavearbiter.coreahblite_slavearbiter_arch may have changed because the following files changed:
                        E:\Github_Repos\SF2_Eth_FFT\FFT_Accelerator\component\work\FFT_Accel_system\FFT_Accel_system.vhd (2020-04-18 02:13:41, 2020-04-21 02:43:04) <-- (may instantiate this module)
80       coreahblite_lib.coreahblite_slavestage.trans may have changed because the following files changed:
                        E:\Github_Repos\SF2_Eth_FFT\FFT_Accelerator\component\work\FFT_Accel_system\FFT_Accel_system.vhd (2020-04-18 02:13:41, 2020-04-21 02:43:04) <-- (may instantiate this module)
36       work.alpha_max_plus_beta_min.architecture_alpha_max_plus_beta_min may have changed because the following files changed:
                        E:\Github_Repos\SF2_Eth_FFT\FFT_Accelerator\component\work\FFT_Accel_system\FFT_Accel_system.vhd (2020-04-18 02:13:41, 2020-04-21 02:43:04) <-- (may instantiate this module)
                        E:\Github_Repos\SF2_Eth_FFT\FFT_Accelerator\hdl\Alpha_Max_plus_Beta_Min.vhd (2020-04-07 22:29:01, 2020-04-18 17:53:44) <-- (architecture and entity definition)
                        E:\Github_Repos\SF2_Eth_FFT\FFT_Accelerator\hdl\FFT_AHB_Wrapper.vhd (2020-04-18 05:05:18, 2020-04-21 06:18:33) <-- (may instantiate this module)
82       work.coreahblite_c0.rtl may have changed because the following files changed:
                        E:\Github_Repos\SF2_Eth_FFT\FFT_Accelerator\component\work\FFT_Accel_system\FFT_Accel_system.vhd (2020-04-18 02:13:41, 2020-04-21 02:43:04) <-- (may instantiate this module)
0        work.coreresetp.rtl may have changed because the following files changed:
                        E:\Github_Repos\SF2_Eth_FFT\FFT_Accelerator\component\work\FFT_Accel_system\FFT_Accel_system.vhd (2020-04-18 02:13:41, 2020-04-21 02:43:04) <-- (may instantiate this module)
2        work.coreresetp_pcie_hotreset.rtl may have changed because the following files changed:
                        E:\Github_Repos\SF2_Eth_FFT\FFT_Accelerator\component\work\FFT_Accel_system\FFT_Accel_system.vhd (2020-04-18 02:13:41, 2020-04-21 02:43:04) <-- (may instantiate this module)
58       work.dpsram_c0.rtl may have changed because the following files changed:
                        E:\Github_Repos\SF2_Eth_FFT\FFT_Accelerator\component\work\FFT_Accel_system\FFT_Accel_system.vhd (2020-04-18 02:13:41, 2020-04-21 02:43:04) <-- (may instantiate this module)
                        E:\Github_Repos\SF2_Eth_FFT\FFT_Accelerator\hdl\FFT_AHB_Wrapper.vhd (2020-04-18 05:05:18, 2020-04-21 06:18:33) <-- (may instantiate this module)
60       work.dpsram_c0_dpsram_c0_0_dpsram.def_arch may have changed because the following files changed:
                        E:\Github_Repos\SF2_Eth_FFT\FFT_Accelerator\component\work\FFT_Accel_system\FFT_Accel_system.vhd (2020-04-18 02:13:41, 2020-04-21 02:43:04) <-- (may instantiate this module)
                        E:\Github_Repos\SF2_Eth_FFT\FFT_Accelerator\hdl\FFT_AHB_Wrapper.vhd (2020-04-18 05:05:18, 2020-04-21 06:18:33) <-- (may instantiate this module)
40       work.fft.architecture_fft may have changed because the following files changed:
                        E:\Github_Repos\SF2_Eth_FFT\FFT_Accelerator\component\work\FFT_Accel_system\FFT_Accel_system.vhd (2020-04-18 02:13:41, 2020-04-21 02:43:04) <-- (may instantiate this module)
                        E:\Github_Repos\SF2_Eth_FFT\FFT_Accelerator\hdl\FFT_AHB_Wrapper.vhd (2020-04-18 05:05:18, 2020-04-21 06:18:33) <-- (may instantiate this module)
4        work.fft_accel_system.rtl may have changed because the following files changed:
                        E:\Github_Repos\SF2_Eth_FFT\FFT_Accelerator\component\work\FFT_Accel_system\FFT_Accel_system.vhd (2020-04-18 02:13:41, 2020-04-21 02:43:04) <-- (architecture and entity definition)
6        work.fft_accel_system_sb.rtl may have changed because the following files changed:
                        E:\Github_Repos\SF2_Eth_FFT\FFT_Accelerator\component\work\FFT_Accel_system\FFT_Accel_system.vhd (2020-04-18 02:13:41, 2020-04-21 02:43:04) <-- (may instantiate this module)
8        work.fft_accel_system_sb_ccc_0_fccc.def_arch may have changed because the following files changed:
                        E:\Github_Repos\SF2_Eth_FFT\FFT_Accelerator\component\work\FFT_Accel_system\FFT_Accel_system.vhd (2020-04-18 02:13:41, 2020-04-21 02:43:04) <-- (may instantiate this module)
10       work.fft_accel_system_sb_fabosc_0_osc.def_arch may have changed because the following files changed:
                        E:\Github_Repos\SF2_Eth_FFT\FFT_Accelerator\component\work\FFT_Accel_system\FFT_Accel_system.vhd (2020-04-18 02:13:41, 2020-04-21 02:43:04) <-- (may instantiate this module)
12       work.fft_accel_system_sb_mss.rtl may have changed because the following files changed:
                        E:\Github_Repos\SF2_Eth_FFT\FFT_Accelerator\component\work\FFT_Accel_system\FFT_Accel_system.vhd (2020-04-18 02:13:41, 2020-04-21 02:43:04) <-- (may instantiate this module)
84       work.fft_ahb_wrapper.architecture_fft_ahb_wrapper may have changed because the following files changed:
                        E:\Github_Repos\SF2_Eth_FFT\FFT_Accelerator\component\work\FFT_Accel_system\FFT_Accel_system.vhd (2020-04-18 02:13:41, 2020-04-21 02:43:04) <-- (may instantiate this module)
                        E:\Github_Repos\SF2_Eth_FFT\FFT_Accelerator\hdl\FFT_AHB_Wrapper.vhd (2020-04-18 05:05:18, 2020-04-21 06:18:33) <-- (architecture and entity definition)
44       work.fft_butterfly_hw_mathdsp.architecture_fft_butterfly_hw_mathdsp may have changed because the following files changed:
                        E:\Github_Repos\SF2_Eth_FFT\FFT_Accelerator\component\work\FFT_Accel_system\FFT_Accel_system.vhd (2020-04-18 02:13:41, 2020-04-21 02:43:04) <-- (may instantiate this module)
                        E:\Github_Repos\SF2_Eth_FFT\FFT_Accelerator\hdl\FFT_AHB_Wrapper.vhd (2020-04-18 05:05:18, 2020-04-21 06:18:33) <-- (may instantiate this module)
46       work.fft_sample_loader.architecture_fft_sample_loader may have changed because the following files changed:
                        E:\Github_Repos\SF2_Eth_FFT\FFT_Accelerator\component\work\FFT_Accel_system\FFT_Accel_system.vhd (2020-04-18 02:13:41, 2020-04-21 02:43:04) <-- (may instantiate this module)
                        E:\Github_Repos\SF2_Eth_FFT\FFT_Accelerator\hdl\FFT_AHB_Wrapper.vhd (2020-04-18 05:05:18, 2020-04-21 06:18:33) <-- (may instantiate this module)
48       work.fft_sample_outputer.architecture_fft_sample_outputer may have changed because the following files changed:
                        E:\Github_Repos\SF2_Eth_FFT\FFT_Accelerator\component\work\FFT_Accel_system\FFT_Accel_system.vhd (2020-04-18 02:13:41, 2020-04-21 02:43:04) <-- (may instantiate this module)
                        E:\Github_Repos\SF2_Eth_FFT\FFT_Accelerator\hdl\FFT_AHB_Wrapper.vhd (2020-04-18 05:05:18, 2020-04-21 06:18:33) <-- (may instantiate this module)
                        E:\Github_Repos\SF2_Eth_FFT\FFT_Accelerator\hdl\FFT_Sample_Outputer.vhd (2020-04-07 22:22:11, 2020-04-21 05:45:27) <-- (architecture and entity definition)
50       work.fft_transformer.architecture_fft_transformer may have changed because the following files changed:
                        E:\Github_Repos\SF2_Eth_FFT\FFT_Accelerator\component\work\FFT_Accel_system\FFT_Accel_system.vhd (2020-04-18 02:13:41, 2020-04-21 02:43:04) <-- (may instantiate this module)
                        E:\Github_Repos\SF2_Eth_FFT\FFT_Accelerator\hdl\FFT_AHB_Wrapper.vhd (2020-04-18 05:05:18, 2020-04-21 06:18:33) <-- (may instantiate this module)
54       work.hard_mult_addsub_c0.rtl may have changed because the following files changed:
                        E:\Github_Repos\SF2_Eth_FFT\FFT_Accelerator\component\work\FFT_Accel_system\FFT_Accel_system.vhd (2020-04-18 02:13:41, 2020-04-21 02:43:04) <-- (may instantiate this module)
                        E:\Github_Repos\SF2_Eth_FFT\FFT_Accelerator\hdl\FFT_AHB_Wrapper.vhd (2020-04-18 05:05:18, 2020-04-21 06:18:33) <-- (may instantiate this module)
56       work.hard_mult_addsub_c0_hard_mult_addsub_c0_0_hard_mult_addsub.def_arch may have changed because the following files changed:
                        E:\Github_Repos\SF2_Eth_FFT\FFT_Accelerator\component\work\FFT_Accel_system\FFT_Accel_system.vhd (2020-04-18 02:13:41, 2020-04-21 02:43:04) <-- (may instantiate this module)
                        E:\Github_Repos\SF2_Eth_FFT\FFT_Accelerator\hdl\FFT_AHB_Wrapper.vhd (2020-04-18 05:05:18, 2020-04-21 06:18:33) <-- (may instantiate this module)
62       work.hard_mult_addsub_c1.rtl may have changed because the following files changed:
                        E:\Github_Repos\SF2_Eth_FFT\FFT_Accelerator\component\work\FFT_Accel_system\FFT_Accel_system.vhd (2020-04-18 02:13:41, 2020-04-21 02:43:04) <-- (may instantiate this module)
                        E:\Github_Repos\SF2_Eth_FFT\FFT_Accelerator\hdl\Alpha_Max_plus_Beta_Min.vhd (2020-04-07 22:29:01, 2020-04-18 17:53:44) <-- (may instantiate this module)
                        E:\Github_Repos\SF2_Eth_FFT\FFT_Accelerator\hdl\FFT_AHB_Wrapper.vhd (2020-04-18 05:05:18, 2020-04-21 06:18:33) <-- (may instantiate this module)
64       work.hard_mult_addsub_c1_hard_mult_addsub_c1_0_hard_mult_addsub.def_arch may have changed because the following files changed:
                        E:\Github_Repos\SF2_Eth_FFT\FFT_Accelerator\component\work\FFT_Accel_system\FFT_Accel_system.vhd (2020-04-18 02:13:41, 2020-04-21 02:43:04) <-- (may instantiate this module)
                        E:\Github_Repos\SF2_Eth_FFT\FFT_Accelerator\hdl\Alpha_Max_plus_Beta_Min.vhd (2020-04-07 22:29:01, 2020-04-18 17:53:44) <-- (may instantiate this module)
                        E:\Github_Repos\SF2_Eth_FFT\FFT_Accelerator\hdl\FFT_AHB_Wrapper.vhd (2020-04-18 05:05:18, 2020-04-21 06:18:33) <-- (may instantiate this module)
66       work.led_inverter_dimmer.architecture_led_inverter_dimmer may have changed because the following files changed:
                        E:\Github_Repos\SF2_Eth_FFT\FFT_Accelerator\component\work\FFT_Accel_system\FFT_Accel_system.vhd (2020-04-18 02:13:41, 2020-04-21 02:43:04) <-- (may instantiate this module)
14       work.mss_010.def_arch may have changed because the following files changed:
                        E:\Github_Repos\SF2_Eth_FFT\FFT_Accelerator\component\work\FFT_Accel_system\FFT_Accel_system.vhd (2020-04-18 02:13:41, 2020-04-21 02:43:04) <-- (may instantiate this module)
16       work.mss_to_io_interpreter.architecture_mss_to_io_interpreter may have changed because the following files changed:
                        E:\Github_Repos\SF2_Eth_FFT\FFT_Accelerator\component\work\FFT_Accel_system\FFT_Accel_system.vhd (2020-04-18 02:13:41, 2020-04-21 02:43:04) <-- (may instantiate this module)
18       work.rcosc_1mhz.def_arch may have changed because the following files changed:
                        E:\Github_Repos\SF2_Eth_FFT\FFT_Accelerator\component\work\FFT_Accel_system\FFT_Accel_system.vhd (2020-04-18 02:13:41, 2020-04-21 02:43:04) <-- (may instantiate this module)
20       work.rcosc_1mhz_fab.def_arch may have changed because the following files changed:
                        E:\Github_Repos\SF2_Eth_FFT\FFT_Accelerator\component\work\FFT_Accel_system\FFT_Accel_system.vhd (2020-04-18 02:13:41, 2020-04-21 02:43:04) <-- (may instantiate this module)
22       work.rcosc_25_50mhz.def_arch may have changed because the following files changed:
                        E:\Github_Repos\SF2_Eth_FFT\FFT_Accelerator\component\work\FFT_Accel_system\FFT_Accel_system.vhd (2020-04-18 02:13:41, 2020-04-21 02:43:04) <-- (may instantiate this module)
24       work.rcosc_25_50mhz_fab.def_arch may have changed because the following files changed:
                        E:\Github_Repos\SF2_Eth_FFT\FFT_Accelerator\component\work\FFT_Accel_system\FFT_Accel_system.vhd (2020-04-18 02:13:41, 2020-04-21 02:43:04) <-- (may instantiate this module)
52       work.twiddle_table.architecture_twiddle_table may have changed because the following files changed:
                        E:\Github_Repos\SF2_Eth_FFT\FFT_Accelerator\component\work\FFT_Accel_system\FFT_Accel_system.vhd (2020-04-18 02:13:41, 2020-04-21 02:43:04) <-- (may instantiate this module)
                        E:\Github_Repos\SF2_Eth_FFT\FFT_Accelerator\hdl\FFT_AHB_Wrapper.vhd (2020-04-18 05:05:18, 2020-04-21 06:18:33) <-- (may instantiate this module)
26       work.xtlosc.def_arch may have changed because the following files changed:
                        E:\Github_Repos\SF2_Eth_FFT\FFT_Accelerator\component\work\FFT_Accel_system\FFT_Accel_system.vhd (2020-04-18 02:13:41, 2020-04-21 02:43:04) <-- (may instantiate this module)
28       work.xtlosc_fab.def_arch may have changed because the following files changed:
                        E:\Github_Repos\SF2_Eth_FFT\FFT_Accelerator\component\work\FFT_Accel_system\FFT_Accel_system.vhd (2020-04-18 02:13:41, 2020-04-21 02:43:04) <-- (may instantiate this module)

*******************************************************************
Unmodified files: 44
FID:  path (timestamp)
0        C:\Microsemi\Libero_SoC_v12.1\SynplifyPro\lib\generic\smartfusion2.vhd (2018-12-21 01:52:13)
1        C:\Microsemi\Libero_SoC_v12.1\SynplifyPro\lib\vhd2008\arith.vhd (2018-12-21 01:52:16)
2        C:\Microsemi\Libero_SoC_v12.1\SynplifyPro\lib\vhd2008\location.map (2018-12-21 01:52:16)
3        C:\Microsemi\Libero_SoC_v12.1\SynplifyPro\lib\vhd2008\numeric.vhd (2018-12-21 01:52:16)
4        C:\Microsemi\Libero_SoC_v12.1\SynplifyPro\lib\vhd2008\std.vhd (2018-12-21 01:52:16)
5        C:\Microsemi\Libero_SoC_v12.1\SynplifyPro\lib\vhd2008\std1164.vhd (2018-12-21 01:52:16)
6        C:\Microsemi\Libero_SoC_v12.1\SynplifyPro\lib\vhd2008\std_textio.vhd (2018-12-21 01:52:16)
7        C:\Microsemi\Libero_SoC_v12.1\SynplifyPro\lib\vhd2008\unsigned.vhd (2018-12-21 01:52:16)
8        C:\Microsemi\Libero_SoC_v12.1\SynplifyPro\lib\vhd\hyperents.vhd (2018-12-21 01:52:16)
21       C:\Microsemi\Libero_SoC_v12.1\SynplifyPro\lib\vhd\math_real.vhd (2018-12-21 01:52:16)
9        C:\Microsemi\Libero_SoC_v12.1\SynplifyPro\lib\vhd\snps_haps_pkg.vhd (2018-12-21 01:52:16)
10       C:\Microsemi\Libero_SoC_v12.1\SynplifyPro\lib\vhd\umr_capim.vhd (2018-12-21 01:52:16)
42       C:\Users\Phoenix136\Dropbox\FPGA\My_Stuff\Standalone Files\LED_inverter_dimmer.vhd (2020-03-21 19:12:18)
72       E:\Github_Repos\SF2_Eth_FFT\FFT_Accelerator\component\Actel\DirectCore\CoreAHBLite\5.4.102\rtl\vhdl\core\coreahblite_addrdec.vhd (2020-04-16 18:07:50)
73       E:\Github_Repos\SF2_Eth_FFT\FFT_Accelerator\component\Actel\DirectCore\CoreAHBLite\5.4.102\rtl\vhdl\core\coreahblite_defaultslavesm.vhd (2020-04-16 18:07:50)
74       E:\Github_Repos\SF2_Eth_FFT\FFT_Accelerator\component\Actel\DirectCore\CoreAHBLite\5.4.102\rtl\vhdl\core\coreahblite_masterstage.vhd (2020-04-16 18:07:50)
75       E:\Github_Repos\SF2_Eth_FFT\FFT_Accelerator\component\Actel\DirectCore\CoreAHBLite\5.4.102\rtl\vhdl\core\coreahblite_matrix4x16.vhd (2020-04-16 18:07:50)
76       E:\Github_Repos\SF2_Eth_FFT\FFT_Accelerator\component\Actel\DirectCore\CoreAHBLite\5.4.102\rtl\vhdl\core\coreahblite_pkg.vhd (2020-04-16 18:07:50)
77       E:\Github_Repos\SF2_Eth_FFT\FFT_Accelerator\component\Actel\DirectCore\CoreAHBLite\5.4.102\rtl\vhdl\core\coreahblite_slavearbiter.vhd (2020-04-16 18:07:50)
78       E:\Github_Repos\SF2_Eth_FFT\FFT_Accelerator\component\Actel\DirectCore\CoreAHBLite\5.4.102\rtl\vhdl\core\coreahblite_slavestage.vhd (2020-04-16 18:07:50)
47       E:\Github_Repos\SF2_Eth_FFT\FFT_Accelerator\component\Actel\DirectCore\CoreResetP\7.1.100\rtl\vhdl\core\coreresetp.vhd (2019-12-02 18:16:23)
48       E:\Github_Repos\SF2_Eth_FFT\FFT_Accelerator\component\Actel\DirectCore\CoreResetP\7.1.100\rtl\vhdl\core\coreresetp_pcie_hotreset.vhd (2019-12-02 18:16:23)
49       E:\Github_Repos\SF2_Eth_FFT\FFT_Accelerator\component\Actel\SgCore\OSC\2.0.101\osc_comps.vhd (2019-11-06 13:59:59)
79       E:\Github_Repos\SF2_Eth_FFT\FFT_Accelerator\component\work\CoreAHBLite_C0\CoreAHBLite_C0.vhd (2020-04-18 02:13:28)
80       E:\Github_Repos\SF2_Eth_FFT\FFT_Accelerator\component\work\CoreAHBLite_C0\CoreAHBLite_C0_0\rtl\vhdl\core\components.vhd (2020-04-18 02:13:28)
81       E:\Github_Repos\SF2_Eth_FFT\FFT_Accelerator\component\work\CoreAHBLite_C0\CoreAHBLite_C0_0\rtl\vhdl\core\coreahblite.vhd (2020-04-18 02:13:28)
51       E:\Github_Repos\SF2_Eth_FFT\FFT_Accelerator\component\work\DPSRAM_C0\DPSRAM_C0.vhd (2020-04-08 23:47:41)
52       E:\Github_Repos\SF2_Eth_FFT\FFT_Accelerator\component\work\DPSRAM_C0\DPSRAM_C0_0\DPSRAM_C0_DPSRAM_C0_0_DPSRAM.vhd (2020-04-08 23:47:41)
54       E:\Github_Repos\SF2_Eth_FFT\FFT_Accelerator\component\work\FFT_Accel_system_sb\CCC_0\FFT_Accel_system_sb_CCC_0_FCCC.vhd (2020-04-18 02:09:15)
55       E:\Github_Repos\SF2_Eth_FFT\FFT_Accelerator\component\work\FFT_Accel_system_sb\FABOSC_0\FFT_Accel_system_sb_FABOSC_0_OSC.vhd (2020-04-18 02:09:16)
56       E:\Github_Repos\SF2_Eth_FFT\FFT_Accelerator\component\work\FFT_Accel_system_sb\FFT_Accel_system_sb.vhd (2020-04-18 02:09:16)
57       E:\Github_Repos\SF2_Eth_FFT\FFT_Accelerator\component\work\FFT_Accel_system_sb_MSS\FFT_Accel_system_sb_MSS.vhd (2020-04-18 02:09:12)
58       E:\Github_Repos\SF2_Eth_FFT\FFT_Accelerator\component\work\FFT_Accel_system_sb_MSS\FFT_Accel_system_sb_MSS_syn.vhd (2020-04-18 02:09:12)
59       E:\Github_Repos\SF2_Eth_FFT\FFT_Accelerator\component\work\HARD_MULT_ADDSUB_C0\HARD_MULT_ADDSUB_C0.vhd (2020-04-08 23:44:40)
60       E:\Github_Repos\SF2_Eth_FFT\FFT_Accelerator\component\work\HARD_MULT_ADDSUB_C0\HARD_MULT_ADDSUB_C0_0\HARD_MULT_ADDSUB_C0_HARD_MULT_ADDSUB_C0_0_HARD_MULT_ADDSUB.vhd (2020-04-08 23:44:39)
61       E:\Github_Repos\SF2_Eth_FFT\FFT_Accelerator\component\work\HARD_MULT_ADDSUB_C1\HARD_MULT_ADDSUB_C1.vhd (2020-04-08 23:50:40)
62       E:\Github_Repos\SF2_Eth_FFT\FFT_Accelerator\component\work\HARD_MULT_ADDSUB_C1\HARD_MULT_ADDSUB_C1_0\HARD_MULT_ADDSUB_C1_HARD_MULT_ADDSUB_C1_0_HARD_MULT_ADDSUB.vhd (2020-04-08 23:50:40)
82       E:\Github_Repos\SF2_Eth_FFT\FFT_Accelerator\hdl\AHB_Package.vhd (2020-04-18 01:56:44)
64       E:\Github_Repos\SF2_Eth_FFT\FFT_Accelerator\hdl\FFT.vhd (2020-04-18 03:56:09)
66       E:\Github_Repos\SF2_Eth_FFT\FFT_Accelerator\hdl\FFT_Butterfly_HW_MATHDSP.vhd (2020-04-07 22:22:11)
68       E:\Github_Repos\SF2_Eth_FFT\FFT_Accelerator\hdl\FFT_Sample_Loader.vhd (2020-04-18 04:13:28)
70       E:\Github_Repos\SF2_Eth_FFT\FFT_Accelerator\hdl\FFT_Transformer.vhd (2020-04-07 22:25:16)
71       E:\Github_Repos\SF2_Eth_FFT\FFT_Accelerator\hdl\Twiddle_table.vhd (2020-04-07 22:33:01)
20       E:\Github_Repos\SF2_MKR_KIT_IO_Constraints\MSS_to_IO_Interpreter.vhd (2020-04-13 23:33:18)

*******************************************************************
Unchanged modules: 0
MID:  lib.cell.view
